warning: unnecessary parentheses around closure body
  --> vendor/crossterm/src/terminal/sys/unix.rs:87:50
   |
87 |     let file = File::open("/dev/tty").map(|file| (FileDesc::Owned(file.into())));
   |                                                  ^                            ^
   |
   = note: `#[warn(unused_parens)]` (part of `#[warn(unused)]`) on by default
help: remove these parentheses
   |
87 -     let file = File::open("/dev/tty").map(|file| (FileDesc::Owned(file.into())));
87 +     let file = File::open("/dev/tty").map(|file| FileDesc::Owned(file.into()));
   |

warning: `crossterm` (lib) generated 1 warning (run `cargo fix --lib -p crossterm` to apply 1 suggestion)
   Compiling zenpi v0.1.0 (/Users/wangweiyang/GitHub/zenpi)
    Finished `test` profile [unoptimized + debuginfo] target(s) in 2.64s
     Running tests/tui_composer.rs (target/debug/deps/tui_composer-69c8fa2b8a92f5dd)

running 3 tests
test history_super_escape_restores_exact_fold_cursor_after_ignored_shortcut ... ok
test history_super_controls_keep_unicode_shift_cycle_and_explicit_accept ... ok

thread 'history_super_shortcuts_preserve_query_preview_and_original_fold' (30437720) panicked at tests/tui_composer.rs:1479:5:
modified history text changed:
direct=false KeyModifiers(SUPER) Press 'x': input_bytes=3600 prefix="未发送未发送未发送未发送未发送未发送未发"
direct=false KeyModifiers(SUPER) Press '界': input_bytes=3600 prefix="未发送未发送未发送未发送未发送未发送未发"
direct=false KeyModifiers(SHIFT | SUPER) Press 'x': input_bytes=3600 prefix="未发送未发送未发送未发送未发送未发送未发"
direct=false KeyModifiers(SHIFT | SUPER) Press '界': input_bytes=3600 prefix="未发送未发送未发送未发送未发送未发送未发"
direct=true KeyModifiers(SUPER) Press 'x': input_bytes=3600 prefix="未发送未发送未发送未发送未发送未发送未发"
direct=true KeyModifiers(SUPER) Repeat 'x': input_bytes=3600 prefix="未发送未发送未发送未发送未发送未发送未发"
direct=true KeyModifiers(SUPER) Press '界': input_bytes=3600 prefix="未发送未发送未发送未发送未发送未发送未发"
direct=true KeyModifiers(SUPER) Repeat '界': input_bytes=3600 prefix="未发送未发送未发送未发送未发送未发送未发"
direct=true KeyModifiers(SHIFT | SUPER) Press 'x': input_bytes=3600 prefix="未发送未发送未发送未发送未发送未发送未发"
direct=true KeyModifiers(SHIFT | SUPER) Repeat 'x': input_bytes=3600 prefix="未发送未发送未发送未发送未发送未发送未发"
direct=true KeyModifiers(SHIFT | SUPER) Press '界': input_bytes=3600 prefix="未发送未发送未发送未发送未发送未发送未发"
direct=true KeyModifiers(SHIFT | SUPER) Repeat '界': input_bytes=3600 prefix="未发送未发送未发送未发送未发送未发送未发"
note: run with `RUST_BACKTRACE=1` environment variable to display a backtrace
test history_super_shortcuts_preserve_query_preview_and_original_fold ... FAILED

failures:

failures:
    history_super_shortcuts_preserve_query_preview_and_original_fold

test result: FAILED. 2 passed; 1 failed; 0 ignored; 0 measured; 51 filtered out; finished in 0.10s

error: test failed, to rerun pass `--test tui_composer`
