warning: unnecessary parentheses around closure body
  --> vendor/crossterm/src/terminal/sys/unix.rs:87:50
   |
87 |     let file = File::open("/dev/tty").map(|file| (FileDesc::Owned(file.into())));
   |                                                  ^                            ^
   |
   = note: `#[warn(unused_parens)]` (part of `#[warn(unused)]`) on by default
help: remove these parentheses
   |
87 -     let file = File::open("/dev/tty").map(|file| (FileDesc::Owned(file.into())));
87 +     let file = File::open("/dev/tty").map(|file| FileDesc::Owned(file.into()));
   |

warning: `crossterm` (lib) generated 1 warning (run `cargo fix --lib -p crossterm` to apply 1 suggestion)
   Compiling zenpi v0.1.0 (/Users/wangweiyang/GitHub/zenpi)
    Finished `test` profile [unoptimized + debuginfo] target(s) in 13.13s
     Running tests/stage1_search.rs (target/debug/deps/stage1_search-06c5d622989d3c74)

running 1 test

thread 'small_binary_end_marker_is_visible_and_does_not_return_text_matches' (28363517) panicked at tests/stage1_search.rs:823:5:
assertion `left == right` failed: {"context":[],"engine":"ripgrep","file_limit":256,"files_visited":1,"hidden":false,"ignore":true,"matches":[{"line":2,"path":"binary.bin","text":"needle"}],"max_depth":64,"max_file_bytes":1048576,"query":"needle","regex":true,"truncated":false,"truncation_reasons":[]}
  left: Bool(false)
 right: true
note: run with `RUST_BACKTRACE=1` environment variable to display a backtrace
test small_binary_end_marker_is_visible_and_does_not_return_text_matches ... FAILED

failures:

failures:
    small_binary_end_marker_is_visible_and_does_not_return_text_matches

test result: FAILED. 0 passed; 1 failed; 0 ignored; 0 measured; 21 filtered out; finished in 0.21s

error: test failed, to rerun pass `--test stage1_search`
