{
  "ok": true,
  "checks": [
    {
      "check": "unique complete frozen payload inventory",
      "passed": true
    },
    {
      "check": "all frozen payload identities",
      "passed": true
    },
    {
      "check": "one owned report candidate zero product executions",
      "passed": true
    },
    {
      "check": "current source20742B626lines exact identity",
      "passed": true
    },
    {
      "check": "main source unchanged",
      "passed": true
    },
    {
      "check": "three actual contiguous reads cover every source byte and line",
      "passed": true
    },
    {
      "check": "zero embedded tests accurately recorded",
      "passed": true
    },
    {
      "check": "chunk TSV equals completed ledger",
      "passed": true
    },
    {
      "check": "initial unread capture and plans preserved",
      "passed": true
    },
    {
      "check": "32 exact main and upstream context excerpts",
      "passed": true
    },
    {
      "check": "full180line companion test identity and coverage",
      "passed": true
    },
    {
      "check": "five ordinary tests four Unix cases zero ignored exact index",
      "passed": true
    },
    {
      "check": "semantic ranges cover source once through EOF",
      "passed": true
    },
    {
      "check": "definition index matches all actual declarations",
      "passed": true
    },
    {
      "check": "understand source manifest maps one source to only owned report",
      "passed": true
    },
    {
      "check": "21 historical document log receipt reads include exact archive views",
      "passed": true
    },
    {
      "check": "complete old08019 and startup72 files unchanged including failures",
      "passed": true
    },
    {
      "check": "23071B685line frozen baseline distinct from current",
      "passed": true
    },
    {
      "check": "current equals preserved historical source and companion tests",
      "passed": true
    },
    {
      "check": "baseline exact diff retained",
      "passed": true
    },
    {
      "check": "historical exact diff retained",
      "passed": true
    },
    {
      "check": "103 nested historical archive members verified without extraction or execution",
      "passed": true
    },
    {
      "check": "216 historical startup build inputs preserved without execution",
      "passed": true
    },
    {
      "check": "formal001 accepted receipt plus34 exact artifact references",
      "passed": true
    },
    {
      "check": "authority3.1.21 requirement and080 baseline unchanged",
      "passed": true
    },
    {
      "check": "assignment53 snapshot and zero execution limits retained",
      "passed": true
    },
    {
      "check": "owned main report absent and receiver base empty",
      "passed": true
    },
    {
      "check": "forward patch creates exactly owned report",
      "passed": true
    },
    {
      "check": "reverse patch deletes exactly owned report",
      "passed": true
    },
    {
      "check": "report distinguishes unrun current criteria and preserved historical failures",
      "passed": true
    },
    {
      "check": "protected manifests117 fixtures and077 external audit logs unchanged",
      "passed": true
    },
    {
      "check": "target070-full-3.1.21-20260913-ready full frozen payload unchanged",
      "passed": true
    },
    {
      "check": "target072-full-3.1.21-20260913-ready full frozen payload unchanged",
      "passed": true
    },
    {
      "check": "target073-full-3.1.21-20260913-ready full frozen payload unchanged",
      "passed": true
    },
    {
      "check": "target074-full-3.1.21-20260913-ready full frozen payload unchanged",
      "passed": true
    },
    {
      "check": "target077-full-3.1.21-20260913-ready full frozen payload unchanged",
      "passed": true
    },
    {
      "check": "94 preexisting non.ops worker files unchanged",
      "passed": true
    },
    {
      "check": "reading corrections and route logged without product execution",
      "passed": true
    },
    {
      "check": "frozen manifest unchanged by read-only auditor",
      "passed": true
    }
  ],
  "result": {
    "passed": 39,
    "failed": 0,
    "payload_files": 208,
    "source_bytes": 20742,
    "source_lines": 626,
    "external_test_declarations": 5,
    "new_product_executions": 0,
    "acceptance": "master independent semantic review pending"
  }
}
