   Compiling crossterm v0.29.0 (/Users/wangweiyang/GitHub/zenpi/vendor/crossterm)
warning: unnecessary parentheses around closure body
  --> src/terminal/sys/unix.rs:70:50
   |
70 |     let file = File::open("/dev/tty").map(|file| (FileDesc::new(file.into_raw_fd(), true)));
   |                                                  ^                                       ^
   |
   = note: `#[warn(unused_parens)]` (part of `#[warn(unused)]`) on by default
help: remove these parentheses
   |
70 -     let file = File::open("/dev/tty").map(|file| (FileDesc::new(file.into_raw_fd(), true)));
70 +     let file = File::open("/dev/tty").map(|file| FileDesc::new(file.into_raw_fd(), true));
   |

warning: `crossterm` (lib test) generated 1 warning (run `cargo fix --lib -p crossterm --tests` to apply 1 suggestion)
    Finished `test` profile [unoptimized + debuginfo] target(s) in 1.08s
     Running unittests src/lib.rs (.ops/stage1_execution/escape-current-3.1.21/vendor-target/debug/deps/crossterm-c041271ff5c0dd1d)

running 9 tests
test event::source::unix::mio::zenpi_ready_tests::pending_kernel_wake_and_tty_batch_survives_both_return_orders ... ok
test event::source::unix::mio::zenpi_escape_boundary_tests::full_buffer_escape_uses_already_pending_alt_suffix ... ok
test event::source::unix::mio::zenpi_ready_tests::single_edge_keeps_split_utf8_escape_and_bracketed_paste ... ok
test event::source::unix::mio::zenpi_ready_tests::single_edge_over_1024_bytes_delivers_every_key_without_another_write ... ok
test event::source::unix::mio::zenpi_escape_boundary_tests::escape_idle_completion_retains_real_wake_in_both_batch_orders ... ok
test event::source::unix::mio::zenpi_escape_boundary_tests::one_write_full_buffer_trailing_escape_is_delivered_without_another_event ... ok
test event::source::unix::mio::zenpi_ready_tests::blocking_descriptor_drains_then_timeout_and_eof_are_bounded ... ok
test event::source::unix::mio::zenpi_ready_tests::partial_input_waits_for_next_write_without_discarding_parser ... ok
test event::source::unix::mio::zenpi_escape_boundary_tests::full_buffer_partial_utf8_csi_and_paste_survive_idle ... ok

test result: ok. 9 passed; 0 failed; 0 ignored; 0 measured; 100 filtered out; finished in 0.07s

