   Compiling libc v0.2.171
   Compiling pin-project-lite v0.2.16
   Compiling autocfg v1.4.0
   Compiling proc-macro2 v1.0.94
   Compiling crossbeam-utils v0.8.21
   Compiling futures-core v0.3.31
   Compiling unicode-ident v1.0.18
   Compiling quote v1.0.40
   Compiling futures-io v0.3.31
   Compiling syn v2.0.100
   Compiling concurrent-queue v2.5.0
   Compiling slab v0.4.9
   Compiling parking v2.2.1
   Compiling cfg-if v1.0.0
   Compiling event-listener v5.4.0
   Compiling value-bag v1.11.1
   Compiling fastrand v2.3.0
   Compiling log v0.4.27
   Compiling event-listener-strategy v0.5.4
   Compiling errno v0.3.11
   Compiling lock_api v0.4.12
   Compiling rustix v0.38.44
   Compiling bitflags v2.9.0
   Compiling memchr v2.7.4
   Compiling parking_lot_core v0.9.10
   Compiling futures-lite v2.6.0
   Compiling futures-sink v0.3.31
   Compiling scopeguard v1.2.0
   Compiling tracing-core v0.1.33
   Compiling smallvec v1.15.0
   Compiling pin-utils v0.1.0
   Compiling tracing v0.1.41
   Compiling futures-channel v0.3.31
   Compiling futures-macro v0.3.31
   Compiling futures-task v0.3.31
   Compiling async-task v4.7.1
   Compiling atomic-waker v1.1.2
   Compiling piper v0.2.4
   Compiling futures-util v0.3.31
   Compiling polling v3.7.4
   Compiling parking_lot v0.12.3
   Compiling async-channel v2.3.1
   Compiling async-lock v3.4.0
   Compiling signal-hook-registry v1.4.2
   Compiling once_cell v1.21.3
   Compiling signal-hook v0.3.17
   Compiling unicode-segmentation v1.12.0
   Compiling serde v1.0.219
   Compiling convert_case v0.7.1
   Compiling futures-executor v0.3.31
   Compiling async-io v2.4.0
   Compiling blocking v1.6.1
   Compiling async-executor v1.13.1
   Compiling mio v1.0.3
   Compiling rustix v1.0.5
   Compiling event-listener v2.5.3
   Compiling sdd v3.0.8
   Compiling serde_json v1.0.140
   Compiling scc v2.3.3
   Compiling async-channel v1.9.0
   Compiling async-global-executor v2.4.1
   Compiling futures v0.3.31
   Compiling derive_more-impl v2.0.1
   Compiling tokio-macros v2.5.0
   Compiling serial_test_derive v3.2.0
   Compiling kv-log-macro v1.0.7
   Compiling socket2 v0.5.9
   Compiling bytes v1.10.1
   Compiling itoa v1.0.15
   Compiling ryu v1.0.20
   Compiling litrs v0.4.1
   Compiling document-features v0.2.11
   Compiling tokio v1.44.1
   Compiling async-std v1.13.1
   Compiling serial_test v3.2.0
   Compiling derive_more v2.0.1
   Compiling signal-hook-mio v0.2.4
   Compiling temp-env v0.3.6
   Compiling futures-timer v3.0.3
   Compiling crossterm v0.29.0 (/Users/wangweiyang/GitHub/zenpi/vendor/crossterm)
warning: unnecessary parentheses around closure body
  --> src/terminal/sys/unix.rs:87:50
   |
87 |     let file = File::open("/dev/tty").map(|file| (FileDesc::Owned(file.into())));
   |                                                  ^                            ^
   |
   = note: `#[warn(unused_parens)]` (part of `#[warn(unused)]`) on by default
help: remove these parentheses
   |
87 -     let file = File::open("/dev/tty").map(|file| (FileDesc::Owned(file.into())));
87 +     let file = File::open("/dev/tty").map(|file| FileDesc::Owned(file.into()));
   |

warning: `crossterm` (lib test) generated 1 warning (run `cargo fix --lib -p crossterm --tests` to apply 1 suggestion)
    Finished `test` profile [unoptimized + debuginfo] target(s) in 15.37s
     Running unittests src/lib.rs (.ops/stage1_execution/escape-current-3.1.21/vendor-target/debug/deps/crossterm-48470d9b115dadeb)

running 8 tests
test event::zenpi_reset_candidate_tests::reset_fails_without_waiting_for_an_existing_reader ... ok
test event::source::unix::mio::zenpi_escape_boundary_tests::full_buffer_escape_uses_already_pending_alt_suffix ... ok
test event::source::unix::mio::zenpi_ready_tests::single_edge_keeps_split_utf8_escape_and_bracketed_paste ... ok
test event::source::unix::mio::zenpi_ready_tests::single_edge_over_1024_bytes_delivers_every_key_without_another_write ... ok
test event::source::unix::mio::zenpi_escape_boundary_tests::one_write_full_buffer_trailing_escape_is_delivered_without_another_event ... ok
test event::source::unix::mio::zenpi_ready_tests::blocking_descriptor_drains_then_timeout_and_eof_are_bounded ... ok
test event::source::unix::mio::zenpi_ready_tests::partial_input_waits_for_next_write_without_discarding_parser ... ok
test event::source::unix::mio::zenpi_escape_boundary_tests::full_buffer_partial_utf8_csi_and_paste_survive_idle ... ok

test result: ok. 8 passed; 0 failed; 0 ignored; 0 measured; 100 filtered out; finished in 0.07s

