warning: unnecessary parentheses around closure body
  --> vendor/crossterm/src/terminal/sys/unix.rs:87:50
   |
87 |     let file = File::open("/dev/tty").map(|file| (FileDesc::Owned(file.into())));
   |                                                  ^                            ^
   |
   = note: `#[warn(unused_parens)]` (part of `#[warn(unused)]`) on by default
help: remove these parentheses
   |
87 -     let file = File::open("/dev/tty").map(|file| (FileDesc::Owned(file.into())));
87 +     let file = File::open("/dev/tty").map(|file| FileDesc::Owned(file.into()));
   |

warning: `crossterm` (lib) generated 1 warning (run `cargo fix --lib -p crossterm` to apply 1 suggestion)
   Compiling zenpi v0.1.0 (/Users/wangweiyang/GitHub/zenpi)
    Finished `test` profile [unoptimized + debuginfo] target(s) in 5.45s
     Running tests/headless_input_shutdown.rs (target/debug/deps/headless_input_shutdown-0d914165ff178f5b)

running 3 tests
test cooperative_cancellation_closes_ticket_without_unknown_result ... ok
test finite_delayed_owner_gets_unknown_terminals_before_ack_and_exact_reconnect ... FAILED
test ready_input_receipt_is_not_relabelled_when_shutdown_cancels_provider ... ok

failures:

---- finite_delayed_owner_gets_unknown_terminals_before_ack_and_exact_reconnect stdout ----

thread 'finite_delayed_owner_gets_unknown_terminals_before_ack_and_exact_reconnect' (29849257) panicked at tests/headless_input_shutdown.rs:219:13:
assertion `left == right` failed: missing/duplicate terminal for "ticket-0": [Object {"code": String("ok"), "command": String("project"), "data": Object {"cancelled": Bool(false), "workspace": Object {"active": String("ca815acd606d99fc30b10dde01c50f9d53b6e3b9d447533cdbe0daac33851d5b"), "schema_version": Number(1), "tabs": Array [Object {"cwd": String("/private/var/folders/zh/sdgyp1m967jc7703v5f9pzw40000gn/T/.tmpzbVhR1/workspace"), "id": String("ca815acd606d99fc30b10dde01c50f9d53b6e3b9d447533cdbe0daac33851d5b")}]}}, "id": String("initial"), "project": Object {"cwd": String("/private/var/folders/zh/sdgyp1m967jc7703v5f9pzw40000gn/T/.tmpzbVhR1/workspace"), "project_id": String("ca815acd606d99fc30b10dde01c50f9d53b6e3b9d447533cdbe0daac33851d5b"), "session_id": String("session-1789236295225-41493-1")}, "schema_version": Number(2), "success": Bool(true), "type": String("response")}, Object {"event": Object {"queued": Bool(false), "runtime_job_id": Number(1), "type": String("request_accepted")}, "project": Object {"cwd": String("/private/var/folders/zh/sdgyp1m967jc7703v5f9pzw40000gn/T/.tmpzbVhR1/workspace"), "project_id": String("ca815acd606d99fc30b10dde01c50f9d53b6e3b9d447533cdbe0daac33851d5b"), "session_id": String("session-1789236295225-41493-1")}, "request_id": String("work"), "schema_version": Number(2), "sequence": Number(0), "type": String("event")}, Object {"event": Object {"runtime_job_id": Number(1), "type": String("request_started")}, "project": Object {"cwd": String("/private/var/folders/zh/sdgyp1m967jc7703v5f9pzw40000gn/T/.tmpzbVhR1/workspace"), "project_id": String("ca815acd606d99fc30b10dde01c50f9d53b6e3b9d447533cdbe0daac33851d5b"), "session_id": String("session-1789236295225-41493-1")}, "request_id": String("work"), "schema_version": Number(2), "sequence": Number(1), "type": String("event")}, Object {"event": Object {"mode": String("start_or_steer"), "turn_id": String("turn-1789236295257-3"), "type": String("turn_accepted"), "view": Object {"mode": String("start_or_steer"), "request_id": String("work"), "schema_version": Number(1), "sequence": Number(2), "turn_id": String("turn-1789236295257-3"), "type": String("request_accepted")}}, "project": Object {"cwd": String("/private/var/folders/zh/sdgyp1m967jc7703v5f9pzw40000gn/T/.tmpzbVhR1/workspace"), "project_id": String("ca815acd606d99fc30b10dde01c50f9d53b6e3b9d447533cdbe0daac33851d5b"), "session_id": String("session-1789236295225-41493-1")}, "request_id": String("work"), "schema_version": Number(2), "sequence": Number(2), "turn_id": String("turn-1789236295257-3"), "type": String("event")}, Object {"event": Object {"delta": String("finite read started"), "type": String("text_delta"), "view": Object {"block_id": String("turn-1789236295257-3:assistant"), "delta": String("finite read started"), "request_id": String("work"), "schema_version": Number(1), "sequence": Number(3), "turn_id": String("turn-1789236295257-3"), "type": String("text_delta")}}, "project": Object {"cwd": String("/private/var/folders/zh/sdgyp1m967jc7703v5f9pzw40000gn/T/.tmpzbVhR1/workspace"), "project_id": String("ca815acd606d99fc30b10dde01c50f9d53b6e3b9d447533cdbe0daac33851d5b"), "session_id": String("session-1789236295225-41493-1")}, "request_id": String("work"), "schema_version": Number(2), "sequence": Number(3), "turn_id": String("turn-1789236295257-3"), "type": String("event")}, Object {"code": String("ok"), "command": String("status"), "data": Object {"busy": Bool(true), "phase": String("running")}, "id": String("barrier"), "project": Object {"cwd": String("/private/var/folders/zh/sdgyp1m967jc7703v5f9pzw40000gn/T/.tmpzbVhR1/workspace"), "project_id": String("ca815acd606d99fc30b10dde01c50f9d53b6e3b9d447533cdbe0daac33851d5b"), "session_id": String("session-1789236295225-41493-1")}, "schema_version": Number(2), "success": Bool(true), "type": String("response")}, Object {"event": Object {"runtime_job_id": Number(1), "type": String("cancel_requested")}, "project": Object {"cwd": String("/private/var/folders/zh/sdgyp1m967jc7703v5f9pzw40000gn/T/.tmpzbVhR1/workspace"), "project_id": String("ca815acd606d99fc30b10dde01c50f9d53b6e3b9d447533cdbe0daac33851d5b"), "session_id": String("session-1789236295225-41493-1")}, "request_id": String("work"), "schema_version": Number(2), "sequence": Number(4), "turn_id": String("turn-1789236295257-3"), "type": String("event")}, Object {"code": String("backend_cancelled"), "command": String("prompt"), "error": String("request was cancelled"), "id": String("work"), "project": Object {"cwd": String("/private/var/folders/zh/sdgyp1m967jc7703v5f9pzw40000gn/T/.tmpzbVhR1/workspace"), "project_id": String("ca815acd606d99fc30b10dde01c50f9d53b6e3b9d447533cdbe0daac33851d5b"), "session_id": String("session-1789236295225-41493-1")}, "schema_version": Number(2), "success": Bool(false), "type": String("response")}, Object {"code": String("ok"), "command": String("shutdown"), "data": Object {"closing": Bool(true), "drained": Bool(true)}, "id": String("stop"), "project": Object {"cwd": String("/private/var/folders/zh/sdgyp1m967jc7703v5f9pzw40000gn/T/.tmpzbVhR1/workspace"), "project_id": String("ca815acd606d99fc30b10dde01c50f9d53b6e3b9d447533cdbe0daac33851d5b"), "session_id": String("session-1789236295225-41493-1")}, "schema_version": Number(2), "success": Bool(true), "type": String("response")}]
  left: 0
 right: 1
note: run with `RUST_BACKTRACE=1` environment variable to display a backtrace


failures:
    finite_delayed_owner_gets_unknown_terminals_before_ack_and_exact_reconnect

test result: FAILED. 2 passed; 1 failed; 0 ignored; 0 measured; 0 filtered out; finished in 2.27s

error: test failed, to rerun pass `--test headless_input_shutdown`
