{
  "started_at": "2026-09-12T18:13:36.707993+00:00",
  "runtime_executed": false,
  "payload_files": 3218,
  "candidate_files": [
    {
      "path": "src/headless.rs",
      "bytes": 370207,
      "sha256": "bf252fec95a859b26f9aea402c918e9efbf6c2c55d3e24b403831f86d80ec06e"
    },
    {
      "path": "tests/headless_input_shutdown.rs",
      "bytes": 10856,
      "sha256": "5e4c55fe667930ecef2229f19b0897c4a4c50e42012301d768118d44d20969f5"
    }
  ],
  "recorded_commands": {
    "baseline-embedding-build": 0,
    "before-jsonl-01": 1,
    "before-jsonl-02": 1,
    "baseline-longterm-test": 101,
    "candidate-format": 0,
    "candidate-embedding-build": 0,
    "baseline-formatted-longterm-test": 101,
    "after-jsonl-01": 0,
    "candidate-longterm-test": 0,
    "baseline-serial-longterm-test": 101,
    "candidate-serial-longterm-test": 0,
    "existing-ticket-tests": 0,
    "read-binding-preparation": 0,
    "existing-shutdown-test": 0,
    "existing-resume-test": 0,
    "existing-busy-queue-test": 0,
    "final-format-check": 0,
    "static-evidence-audit": 0
  },
  "static_evidence_checks": 272,
  "preserved_live_oracles": {
    "before": "85 pass / 15 missing-terminal related failures",
    "after": "100 pass"
  },
  "temporary_git_apply_duplicate_rollback": [
    {
      "argv": [
        "git",
        "apply",
        "--check",
        "/Users/wangweiyang/GitHub/zenpi/.ops/stage1_execution/input-shutdown-current-3.1.21/worker/candidate.patch"
      ],
      "exit_code": 0,
      "stderr": ""
    },
    {
      "argv": [
        "git",
        "apply",
        "/Users/wangweiyang/GitHub/zenpi/.ops/stage1_execution/input-shutdown-current-3.1.21/worker/candidate.patch"
      ],
      "exit_code": 0,
      "stderr": ""
    },
    {
      "argv": [
        "git",
        "apply",
        "--check",
        "/Users/wangweiyang/GitHub/zenpi/.ops/stage1_execution/input-shutdown-current-3.1.21/worker/candidate.patch"
      ],
      "exit_code": 1,
      "stderr": "error: patch failed: src/headless.rs:4572\nerror: src/headless.rs: patch does not apply\nerror: tests/headless_input_shutdown.rs: already exists in working directory\n"
    },
    {
      "argv": [
        "git",
        "apply",
        "--check",
        "/Users/wangweiyang/GitHub/zenpi/.ops/stage1_execution/input-shutdown-current-3.1.21/worker/rollback.patch"
      ],
      "exit_code": 0,
      "stderr": ""
    },
    {
      "argv": [
        "git",
        "apply",
        "/Users/wangweiyang/GitHub/zenpi/.ops/stage1_execution/input-shutdown-current-3.1.21/worker/rollback.patch"
      ],
      "exit_code": 0,
      "stderr": ""
    }
  ],
  "status": "passed",
  "ended_at": "2026-09-12T18:13:37.354115+00:00"
}
