{
  "passed": true,
  "item": "ZS1-089",
  "manifest_sha256": "057473cb8affc99220939927fe78d01e17fe3dc1c3f598651a19f79f1bc02f1b",
  "artifacts": 344,
  "report": {
    "bytes": 37832,
    "sha256": "cad5882b88c6014a5d9d9f755e63cdcbf4a89b424801cbc0d52cc86fabcf0891"
  },
  "report_prefix": {
    "bytes": 24526,
    "sha256": "33e353712730db9dcb9335e8c16c8d9caa83c2488a0d7b851d3042a33dfa670f"
  },
  "patch_operations": [
    {
      "baseline": "main-absent",
      "phase": "forward-check",
      "exit_code": 0
    },
    {
      "baseline": "main-absent",
      "phase": "forward",
      "exit_code": 0
    },
    {
      "baseline": "main-absent",
      "phase": "reverse-check",
      "exit_code": 0
    },
    {
      "baseline": "main-absent",
      "phase": "reverse",
      "exit_code": 0
    },
    {
      "baseline": "previous-report",
      "phase": "forward-check",
      "exit_code": 0
    },
    {
      "baseline": "previous-report",
      "phase": "forward",
      "exit_code": 0
    },
    {
      "baseline": "previous-report",
      "phase": "reverse-check",
      "exit_code": 0
    },
    {
      "baseline": "previous-report",
      "phase": "reverse",
      "exit_code": 0
    }
  ],
  "historical_shell_cases": 5,
  "new_behavior_runs": 0,
  "gstage_exit_code_preserved": 1,
  "semantic_acceptance": false
}
