{
  "label": "before",
  "argv": [
    "/Users/wangweiyang/GitHub/zenpi/.ops/stage1_execution/tui-key-dispatch-integration-3.1.21/binaries/before-zenpi",
    "--tui",
    "--session",
    "/Users/wangweiyang/GitHub/zenpi/.ops/stage1_execution/tui-key-dispatch-integration-3.1.21/root-pty-before/sessions/initial.jsonl"
  ],
  "binary_sha256": "b40534cd42974396646f3cdc5c5470bafdb55078a14a7d484ce743b1daa66bdd",
  "checks": {
    "idle_hint": true,
    "actual_command_palette_visible": true,
    "menu_hint_present": true,
    "menu_ctrl_g_preserves_draft_and_does_not_start_editor": true,
    "dismissed_hint_restored": true,
    "unicode_exact": true,
    "kill_yank_exact": true,
    "clean_exit": true,
    "terminal_cleanup_sequences_observed": true,
    "provider_requests_zero": true
  },
  "error": null,
  "exit_code": 0,
  "runtime_seconds": 5.046441417,
  "scope": "Actual PTY bytes, wide footer, menu Ctrl-G, Escape, Unicode, Ctrl-U/Y/D. Super/Repeat/Release coverage is synthetic production Event dispatch only. Terminal cleanup bytes are observed; post-exit termios restore is not asserted on macOS (v1 ENOTTY)."
}
