                 U _CCRandomGenerateBytes
                 U _DNSServiceGetAddrInfo
                 U _DNSServiceProcessResult
                 U _DNSServiceRefDeallocate
                 U _DNSServiceRefSockFD
                 U __NSGetArgc
                 U __NSGetArgv
                 U __NSGetEnviron
                 U __Unwind_Backtrace
                 U __Unwind_GetDataRelBase
                 U __Unwind_GetIP
                 U __Unwind_GetIPInfo
                 U __Unwind_GetLanguageSpecificData
                 U __Unwind_GetRegionStart
                 U __Unwind_GetTextRelBase
                 U __Unwind_Resume
                 U __Unwind_SetGR
                 U __Unwind_SetIP
                 U ___error
                 U ___stack_chk_fail
                 U ___stack_chk_guard
                 U __dyld_get_image_header
                 U __dyld_get_image_name
                 U __dyld_get_image_vmaddr_slide
                 U __dyld_image_count
                 U __exit
                 U __tlv_atexit
                 U _abort
                 U _access
                 U _bzero
                 U _calloc
                 U _cfmakeraw
                 U _chdir
                 U _chmod
                 U _chroot
                 U _clock_gettime
                 U _close
                 U _closedir
                 U _confstr
                 U _connect
                 U _copyfile_state_alloc
                 U _copyfile_state_free
                 U _copyfile_state_get
                 U _dirfd
                 U _dispatch_release
                 U _dispatch_semaphore_create
                 U _dispatch_semaphore_signal
                 U _dispatch_semaphore_wait
                 U _dispatch_time
                 U _dlsym
                 U _dup
                 U _dup2
                 U _execvp
                 U _fchmod
                 U _fclonefileat
                 U _fcntl
                 U _fcopyfile
                 U _fdopendir
                 U _fgetxattr
                 U _flock
                 U _fork
                 U _free
                 U _freeaddrinfo
                 U _fsetxattr
                 U _fstat
                 U _fstatat
                 U _ftruncate
                 U _gai_strerror
                 U _getaddrinfo
                 U _getcwd
                 U _getentropy
                 U _getenv
                 U _geteuid
                 U _getpeername
                 U _getpgrp
                 U _getpid
                 U _getsockname
                 U _getsockopt
                 U _gettimeofday
                 U _ioctl
                 U _isatty
                 U _kevent
                 U _kill
                 U _kqueue
                 U _linkat
                 U _lseek
                 U _lstat
                 U _malloc
                 U _memcmp
                 U _memcpy
                 U _memmove
                 U _memset
                 U _mkdir
                 U _mkdirat
                 U _mmap
                 U _mprotect
                 U _munmap
                 U _nanosleep
                 U _open
                 U _openat
                 U _opendir
                 U _pause
                 U _pipe
                 U _poll
                 U _posix_memalign
                 U _posix_spawn_file_actions_adddup2
                 U _posix_spawn_file_actions_destroy
                 U _posix_spawn_file_actions_init
                 U _posix_spawnattr_destroy
                 U _posix_spawnattr_init
                 U _posix_spawnattr_setflags
                 U _posix_spawnattr_setpgroup
                 U _posix_spawnattr_setsigdefault
                 U _posix_spawnp
                 U _pthread_attr_destroy
                 U _pthread_attr_init
                 U _pthread_attr_setstacksize
                 U _pthread_cond_broadcast
                 U _pthread_cond_destroy
                 U _pthread_cond_signal
                 U _pthread_cond_timedwait
                 U _pthread_cond_timedwait_relative_np
                 U _pthread_cond_wait
                 U _pthread_create
                 U _pthread_detach
                 U _pthread_get_stackaddr_np
                 U _pthread_get_stacksize_np
                 U _pthread_join
                 U _pthread_mutex_destroy
                 U _pthread_mutex_init
                 U _pthread_mutex_lock
                 U _pthread_mutex_trylock
                 U _pthread_mutex_unlock
                 U _pthread_mutexattr_destroy
                 U _pthread_mutexattr_init
                 U _pthread_mutexattr_settype
                 U _pthread_self
                 U _pthread_setname_np
                 U _pthread_sigmask
                 U _pthread_threadid_np
                 U _read
                 U _readdir
                 U _readdir_r
                 U _realloc
                 U _realpath$DARWIN_EXTSN
                 U _recv
                 U _rename
                 U _renameat
                 U _rewinddir
                 U _sched_yield
                 U _send
                 U _setgid
                 U _setgroups
                 U _setpgid
                 U _setsid
                 U _setsockopt
                 U _setuid
                 U _sigaction
                 U _sigaddset
                 U _sigaltstack
                 U _sigemptyset
                 U _signal
                 U _socket
                 U _socketpair
                 U _stat
                 U _statvfs
                 U _strerror_r
                 U _strlen
                 U _sysconf
                 U _sysctlbyname
                 U _tcflush
                 U _tcgetattr
                 U _tcgetpgrp
                 U _tcsetattr
                 U _tcsetpgrp
                 U _unlink
                 U _unlinkat
                 U _waitpid
                 U _write
                 U _writev
                 U dyld_stub_binder
0000000100000000 T __mh_execute_header
