{
  "ok": true,
  "checks": [
    {
      "check": "unique complete payload inventory",
      "passed": true
    },
    {
      "check": "all frozen payload identities",
      "passed": true
    },
    {
      "check": "one owned report candidate with zero product runs",
      "passed": true
    },
    {
      "check": "807 line current subject exact identity",
      "passed": true
    },
    {
      "check": "main subject remains captured bytes",
      "passed": true
    },
    {
      "check": "three actual continuous reads cover all source bytes",
      "passed": true
    },
    {
      "check": "completed ledger excludes invented embedded tests or runs",
      "passed": true
    },
    {
      "check": "TSV and actual source reads agree",
      "passed": true
    },
    {
      "check": "initial unread capture and plans remain historical",
      "passed": true
    },
    {
      "check": "31 exact current bounded and full-test read segments",
      "passed": true
    },
    {
      "check": "all1497 external test lines and28 declarations only, not executions",
      "passed": true
    },
    {
      "check": "14 historical documents actually read retain identity",
      "passed": true
    },
    {
      "check": "all three complete old073 packages unchanged including old manifests and scripts",
      "passed": true
    },
    {
      "check": "frozen baseline retains both original and gzip identities",
      "passed": true
    },
    {
      "check": "139 historical archive inputs unchanged; two current test files equal old inputs",
      "passed": true
    },
    {
      "check": "historical source identical but separate new reading",
      "passed": true
    },
    {
      "check": "complete old report read assembly preserves exact prefix and appendix",
      "passed": true
    },
    {
      "check": "baseline difference accurately generated",
      "passed": true
    },
    {
      "check": "formal001 and source012013 receipts with123 exact artifact references",
      "passed": true
    },
    {
      "check": "requirement3.1.21 and073 baseline remain unchanged",
      "passed": true
    },
    {
      "check": "main owned baseline remains unmodified exact3036 bytes",
      "passed": true
    },
    {
      "check": "forward patch precisely updates only owned report",
      "passed": true
    },
    {
      "check": "reverse patch precisely restores captured receiver bytes",
      "passed": true
    },
    {
      "check": "report distinguishes estimates historical evidence and unrun criteria",
      "passed": true
    },
    {
      "check": "protected manifests and117 fixtures remain unchanged",
      "passed": true
    },
    {
      "check": "target070-full-3.1.21-20260913-ready all payloads including defect evidence unchanged",
      "passed": true
    },
    {
      "check": "target072-full-3.1.21-20260913-ready all payloads including defect evidence unchanged",
      "passed": true
    },
    {
      "check": "94 existing non.ops worker files unchanged",
      "passed": true
    },
    {
      "check": "frozen manifest unchanged by read-only auditor",
      "passed": true
    }
  ],
  "result": {
    "passed": 29,
    "failed": 0,
    "payload_files": 282,
    "new_product_executions": 0,
    "source_lines": 807,
    "source_bytes": 30013,
    "acceptance": "master independent review pending"
  }
}
