warning: unnecessary parentheses around closure body
  --> vendor/crossterm/src/terminal/sys/unix.rs:87:50
   |
87 |     let file = File::open("/dev/tty").map(|file| (FileDesc::Owned(file.into())));
   |                                                  ^                            ^
   |
   = note: `#[warn(unused_parens)]` (part of `#[warn(unused)]`) on by default
help: remove these parentheses
   |
87 -     let file = File::open("/dev/tty").map(|file| (FileDesc::Owned(file.into())));
87 +     let file = File::open("/dev/tty").map(|file| FileDesc::Owned(file.into()));
   |

warning: `crossterm` (lib) generated 1 warning (run `cargo fix --lib -p crossterm` to apply 1 suggestion)
   Compiling zenpi v0.1.0 (/Users/wangweiyang/GitHub/zenpi)
    Finished `test` profile [unoptimized + debuginfo] target(s) in 8.67s
     Running tests/resume_compact_owner.rs (target/debug/deps/resume_compact_owner-d1b0f505d5153347)

running 6 tests
test resume_rejects_future_sequence_without_mutating_journal ... ok
test tui_resume_restores_cleared_transcript_and_compact_reports_status ... ok
test headless_resume_replays_durable_records_and_writes_marker ... ok
test headless_slash_resume_and_compact_are_real_owner_commands ... ok
test compact_checkpoint_is_durable_and_reconstructs_after_restart ... ok
test resume_projection_stays_bounded_and_exposes_a_continuation_cursor ... ok

test result: ok. 6 passed; 0 failed; 0 ignored; 0 measured; 0 filtered out; finished in 1.75s

     Running tests/session_recovery.rs (target/debug/deps/session_recovery-e9b47af900cd5982)

running 39 tests
test live_session_registry_rejects_stale_or_wrong_epoch_owners ... ok
test append_rejects_sequence_exhaustion_before_mutating_the_journal ... ok
test invalid_high_sequence_does_not_poison_following_appends ... ok
test foreign_runtime_intent_before_header_is_quarantined ... ok
test fork_preserves_events_with_a_new_session_identity ... ok
test mailbox_retirement_resumes_after_durable_marker_before_unlink ... ok
test live_owner_claims_one_mailbox_request_without_background_dispatch ... ok
test live_owner_keeps_offline_or_wrong_workspace_work_queued ... ok
test live_owner_result_requires_the_current_owner_epoch ... ok
test maximum_sequence_is_ignored_without_poisoning_later_appends ... ok
test malformed_prefix_is_warned_and_append_remains_recoverable ... ok
test addressed_mailbox_deduplicates_and_persists_ack_claim_result ... ok
test mailbox_lock_torn_tail_and_cross_workspace_access_are_rejected ... ok
test live_owner_completion_delivers_a_correlated_reply_to_sender_mailbox ... ok
test out_of_order_envelope_is_warned ... ok
test live_owner_reply_retry_is_idempotent_after_recipient_completion ... ok
test records_before_a_header_are_ignored_instead_of_binding_foreign_state ... ok
test fork_remaps_signed_handoffs_and_preserves_order_without_pending_ownership ... ok
test mailbox_ttl_pagination_secrets_and_archive_fail_closed ... ok
test rejected_business_record_does_not_advance_recovery_sequence ... ok
test mailbox_export_failure_preserves_preexisting_destination_sidecar ... ok
test operation_markers_are_idempotent_and_recovery_requires_a_new_decision ... ok
test mailbox_sidecar_survives_export_and_requires_explicit_retirement ... ok
test startup_rejects_an_oversized_journal_without_modifying_it ... ok
test session_gc_refuses_the_active_journal_before_any_removal ... ok
test session_journal_is_private_to_the_current_user ... ok
test startup_accepts_a_journal_within_the_byte_limit ... ok
test session_listing_includes_legacy_default_journal_without_moving_it ... ok
test symlinked_session_is_rejected_without_touching_target ... ok
test session_list_import_and_explicit_gc_are_safe ... ok
test unterminated_tail_gets_a_separator_before_append ... ok
test session_listing_rejects_a_symlinked_directory ... ok
test session_gc_skips_domain_store_and_non_owned_links ... ok
test session_listing_skips_sibling_domain_store_without_mutating_it ... ok
test validated_records_retain_durable_sequences_for_replay_owners ... ok
test session_gc_only_removes_clean_owned_journals_and_reports_skips ... ok
test session_search_returns_bounded_turn_only_projections ... ok
test unfinished_operations_are_detected_and_never_retried_implicitly ... ok
test typed_lifecycle_archive_resume_migrate_and_delete_are_restart_safe ... ok

test result: ok. 39 passed; 0 failed; 0 ignored; 0 measured; 0 filtered out; finished in 0.62s

     Running tests/stage1_semantic_compaction.rs (target/debug/deps/stage1_semantic_compaction-d9b315e4e8952fd8)

running 15 tests
test manual_summary_queue_recovery_probe ... ignored, new manual compaction test starts an independent recovery process
test semantic_process_helper ... ignored, launched as an independent process by the parent test

running 1 test
test opaque_state_before_every_cut_fails_without_losing_history_or_starting_http ... ok
test summary_http_failure_does_not_use_configured_automatic_retries ... ok
test unknown_tool_result_stays_in_retained_tail_and_summary_does_not_claim_success ... 
running 1 test
ok
running 1 test

test async_headless_manual_compact_remains_responsive_and_cancellable_during_http ... ok
test native_state_is_pinned_counted_and_branch_bound ... ok
test semantic_process_helper ... ok

test result: ok. 1 passed; 0 failed; 0 ignored; 0 measured; 14 filtered out; finished in 0.17s

test actual_http_prepare_services_late_steer_and_consumes_it_once ... ok
test separate_process_commit_and_reopen_use_semantic_context_on_real_wire ... ok
test http_cancellation_retains_valid_checkpoint_and_does_not_retry ... ok
test killed_summary_process_preserves_previous_commit_and_requires_explicit_recovery ... ok
test real_http_summary_preserves_constraints_files_usage_and_iterative_restart ... ok
test manual_compaction_accepts_durable_queue_input_before_http_cancellation ... ok
test quota_cost_unknown_price_and_oversized_source_fail_before_http ... ok
test actual_http_invalid_summary_never_replaces_previous_checkpoint ... ok

test result: ok. 13 passed; 0 failed; 2 ignored; 0 measured; 0 filtered out; finished in 4.77s

