warning: unnecessary parentheses around closure body
  --> vendor/crossterm/src/terminal/sys/unix.rs:87:50
   |
87 |     let file = File::open("/dev/tty").map(|file| (FileDesc::Owned(file.into())));
   |                                                  ^                            ^
   |
   = note: `#[warn(unused_parens)]` (part of `#[warn(unused)]`) on by default
help: remove these parentheses
   |
87 -     let file = File::open("/dev/tty").map(|file| (FileDesc::Owned(file.into())));
87 +     let file = File::open("/dev/tty").map(|file| FileDesc::Owned(file.into()));
   |

warning: `crossterm` (lib) generated 1 warning (run `cargo fix --lib -p crossterm` to apply 1 suggestion)
   Compiling zenpi v0.1.0 (/Users/wangweiyang/GitHub/zenpi)
    Finished `test` profile [unoptimized + debuginfo] target(s) in 3.41s
     Running tests/stage1_semantic_compaction.rs (target/debug/deps/stage1_semantic_compaction-d9b315e4e8952fd8)

running 1 test

thread 'manual_compaction_accepts_durable_queue_input_before_http_cancellation' (28157651) panicked at tests/stage1_semantic_compaction.rs:981:5:
assertion `left == right` failed: queue receipt: {"code":"input_queue_error","command":"input_queue","error":"input owner is idle; execute through the owner","id":"queue","project":{"cwd":"/Users/wangweiyang/GitHub/zenpi","project_id":"6ba5afa13735038f9d2edc7d4bd117b9d764a304c33a317748f11c4f753bc139","session_id":"session-1789189277440-52156-0"},"schema_version":2,"success":false,"type":"response"}
  left: Bool(false)
 right: true
note: run with `RUST_BACKTRACE=1` environment variable to display a backtrace
test manual_compaction_accepts_durable_queue_input_before_http_cancellation ... FAILED

failures:

failures:
    manual_compaction_accepts_durable_queue_input_before_http_cancellation

test result: FAILED. 0 passed; 1 failed; 0 ignored; 0 measured; 14 filtered out; finished in 0.33s

error: test failed, to rerun pass `--test stage1_semantic_compaction`
