warning: unnecessary parentheses around closure body
  --> vendor/crossterm/src/terminal/sys/unix.rs:87:50
   |
87 |     let file = File::open("/dev/tty").map(|file| (FileDesc::Owned(file.into())));
   |                                                  ^                            ^
   |
   = note: `#[warn(unused_parens)]` (part of `#[warn(unused)]`) on by default
help: remove these parentheses
   |
87 -     let file = File::open("/dev/tty").map(|file| (FileDesc::Owned(file.into())));
87 +     let file = File::open("/dev/tty").map(|file| FileDesc::Owned(file.into()));
   |

warning: `crossterm` (lib) generated 1 warning (run `cargo fix --lib -p crossterm` to apply 1 suggestion)
   Compiling zenpi v0.1.0 (/Users/wangweiyang/GitHub/zenpi)
    Finished `test` profile [unoptimized + debuginfo] target(s) in 2.71s
     Running tests/tui_preview_graphemes.rs (target/debug/deps/tui_preview_graphemes-e9734cdde3922df8)

thread 'plain_preview_wraps_indivisible_graphemes_with_cell_exact_rows' (30522006) panicked at tests/tui_preview_graphemes.rs:101:9:
assertion `left == right` failed: ❤️
  left: ["ab❤\u{fe0f}X"]
 right: ["ab❤\u{fe0f}", "X"]
note: run with `RUST_BACKTRACE=1` environment variable to display a backtrace
inspector narrow frame:
[defau [+]
 z┌ Ins┐  
┌ │1/1 │s┐
│●│[Pre│ │
│ │ab❤️ │ │
│ │    │ │
└─│    │─┘
┌ │    │ ┐
│d│    │u│
│r│    │ │
└─└────┘─┘
 Enter sen

thread 'transcript_inspector_keeps_character_after_wide_emoji_visible_and_copy_exact' (30522007) panicked at tests/tui_preview_graphemes.rs:39:5:
last character disappeared:
[defau [+]
 z┌ Ins┐  
┌ │1/1 │s┐
│●│[Pre│ │
│ │ab❤️ │ │
│ │    │ │
└─│    │─┘
┌ │    │ ┐
│d│    │u│
│r│    │ │
└─└────┘─┘
 Enter sen
approval narrow frame:
[!1  [+]
 ┌ App┐ 
┌│Argu│┐
││ment││
││s: {││
││"pat││
││h":"││
││file││
││.txt││
││"}  ││
││    ││
││Prop││
││osed││
└│ cha│┘
┌│nge:│┐
││ab❤️ ││
││y al││
││Tab ││
└└────┘┘
 Enter s

thread 'approval_preview_keeps_character_after_wide_emoji_visible_without_allowing' (30522005) panicked at tests/tui_preview_graphemes.rs:80:5:
last character disappeared:
[!1  [+]
 ┌ App┐ 
┌│Argu│┐
││ment││
││s: {││
││"pat││
││h":"││
││file││
││.txt││
││"}  ││
││    ││
││Prop││
││osed││
└│ cha│┘
┌│nge:│┐
││ab❤️ ││
││y al││
││Tab ││
└└────┘┘
 Enter s
error: test failed, to rerun pass `--test tui_preview_graphemes`
