warning: unnecessary parentheses around closure body
  --> vendor/crossterm/src/terminal/sys/unix.rs:87:50
   |
87 |     let file = File::open("/dev/tty").map(|file| (FileDesc::Owned(file.into())));
   |                                                  ^                            ^
   |
   = note: `#[warn(unused_parens)]` (part of `#[warn(unused)]`) on by default
help: remove these parentheses
   |
87 -     let file = File::open("/dev/tty").map(|file| (FileDesc::Owned(file.into())));
87 +     let file = File::open("/dev/tty").map(|file| FileDesc::Owned(file.into()));
   |

warning: `crossterm` (lib) generated 1 warning (run `cargo fix --lib -p crossterm` to apply 1 suggestion)
   Compiling zenpi v0.1.0 (/Users/wangweiyang/GitHub/zenpi)
    Finished `test` profile [unoptimized + debuginfo] target(s) in 7.59s
     Running tests/tui_approval_focus.rs (target/debug/deps/tui_approval_focus-96779183d9d3d528)
     Running tests/tui_bentobox.rs (target/debug/deps/tui_bentobox-0c7b7c0a8727a605)
     Running tests/tui_preview_graphemes.rs (target/debug/deps/tui_preview_graphemes-e9734cdde3922df8)
inspector narrow frame:
[defau [+]
 z┌ Ins┐  
┌ │1/1 │s┐
│●│[Pre│ │
│ │ab❤️ │ │
│ │X   │ │
└─│    │─┘
┌ │    │ ┐
│d│    │u│
│r│    │ │
└─└────┘─┘
 Enter sen
approval narrow frame:
[!1  [+]
 ┌ App┐ 
┌│ment│┐
││s: {││
││"pat││
││h":"││
││file││
││.txt││
││"}  ││
││    ││
││Prop││
││osed││
││ cha││
└│nge:│┘
┌│ab❤️ │┐
││X   ││
││y al││
││Tab ││
└└────┘┘
 Enter s
     Running tests/tui_transcript_ux.rs (target/debug/deps/tui_transcript_ux-e6a9ce05a2386905)
     Running tests/view_model.rs (target/debug/deps/view_model-4063ba4a3f22a444)
