
running 12 tests
test worker_never_offers_remember_and_release_cannot_confirm ... ok
test deny_default_and_explicit_allow_keep_draft_cursor ... ok
test escape_and_paste_never_grant_or_discard_draft ... ok
test multiple_requests_reset_selection_and_projects_do_not_share_focus ... ok
test replay_never_promotes_worker_or_malformed_records_or_overrides_configured_deny ... ok
test cancelled_owner_rejects_stale_visible_request ... ok
test actual_coordinator_rejects_cross_project_wrong_call_and_duplicate ... ok
test directory_picker_owns_keys_over_existing_or_new_approval_view ... ok
test invalid_requests_and_view_capacity_are_bounded ... ok
test background_approvals_are_visible_even_when_the_source_tab_is_offscreen ... ok
test full_diff_scroll_is_independent_from_folded_transcript_and_resize ... ok
test remembered_policy_reopens_only_its_session_and_preserves_configured_deny ... ok

test result: ok. 12 passed; 0 failed; 0 ignored; 0 measured; 0 filtered out; finished in 0.07s


running 19 tests
test ctrl_number_switches_workspace_tab_without_submitting_prompt ... ok
test disabled_optional_panes_are_not_rendered_or_allocated ... ok
test adapter_translates_and_clips_model_rectangles ... ok
test restoring_tab_models_preserves_each_tab_and_clears_dirty_state ... ok
test active_layout_edits_after_restore_replace_cached_project_layout ... ok
test short_workspace_direction_follows_the_panes_actually_drawn ... ok
test production_workspace_is_resize_safe_at_tiny_viewports ... ok
test tab_switch_keeps_independent_layout_state_and_dirty_bit ... ok
test production_resources_pane_renders_completed_snapshot ... ok
test terminal_backtab_moves_workspace_focus_backwards ... ok
test workspace_keyboard_controls_focus_and_split_without_touching_prompt ... ok
test short_workspace_tab_cycle_skips_panes_that_have_no_screen_rows ... ok
test production_workspace_renders_tabs_and_existing_transcript_prompt ... ok
test short_workspace_narrow_cycle_reveals_each_selected_pane ... ok
test gantt_refresh_failure_retains_last_valid_projection ... ok
test production_gantt_pane_renders_bounded_domain_projection ... ok
test gantt_projection_does_not_create_a_missing_execution_store_and_stays_bounded ... ok
test gantt_projection_truncates_maximal_valid_blueprint ... ok
test gantt_projection_annotates_each_item_with_latest_execution_status_and_attempt ... ok

test result: ok. 19 passed; 0 failed; 0 ignored; 0 measured; 0 filtered out; finished in 0.18s


running 3 tests
test plain_preview_wraps_indivisible_graphemes_with_cell_exact_rows ... ok
test transcript_inspector_keeps_character_after_wide_emoji_visible_and_copy_exact ... ok
test approval_preview_keeps_character_after_wide_emoji_visible_without_allowing ... ok

test result: ok. 3 passed; 0 failed; 0 ignored; 0 measured; 0 filtered out; finished in 0.01s


running 17 tests
test clipboard_control_encoding_is_bounded_and_never_inlines_source_escape_sequences ... ok
test actual_usage_is_visible_and_stale_usage_does_not_replace_current_job ... ok
test directory_picker_owns_transcript_shortcuts_until_closed ... ok
test block_browser_copies_code_payload_and_escape_preserves_draft ... ok
test reasoning_is_independent_foldable_and_never_part_of_answer_copy ... ok
test approval_terminal_clears_modal_and_stale_job_cannot_reopen_it ... ok
test reasoning_preference_survives_project_switch_and_checkpoint ... ok
test reading_anchor_survives_queue_eviction_and_project_switch ... ok
test scroll_anchor_stays_on_history_when_new_messages_arrive_and_end_resumes_following ... ok
test error_details_are_readable_in_scrollable_inspector_and_interrupt_still_works ... ok
test narrow_project_arrows_remain_visible_and_mouse_navigates_hidden_previous_tabs ... ok
test newest_reply_remains_visible_beyond_the_transcript_line_budget ... ok
test rolling_render_window_keeps_the_reading_position_when_new_rows_arrive ... ok
test clipped_history_has_a_visible_notice_and_latest_survives_narrow_resize ... ok
test single_message_tail_is_visible_for_plain_markdown_and_fenced_code ... ok
test wrapped_single_physical_line_and_narrow_reflow_retain_latest_payload ... ok
test single_stream_keeps_its_reading_anchor_across_tail_roll_and_budget_crossing ... ok

test result: ok. 17 passed; 0 failed; 0 ignored; 0 measured; 0 filtered out; finished in 1.08s


running 11 tests
test streaming_block_merges_deltas_and_freezes_after_completion ... ok
test validation_rejects_control_bytes_and_unbounded_blocks ... ok
test markdown_parser_maps_to_shared_blocks ... ok
test block_redaction_preserves_shape_and_hides_credentials ... ok
test buffer_rejects_events_after_terminal_turn_but_allows_next_turn ... ok
test buffer_rejects_events_after_stream_closed ... ok
test buffer_rejects_sequence_discontinuity_without_mutating_state ... ok
test agent_and_provider_adapters_preserve_turn_and_block_correlation ... ok
test bounded_buffer_keeps_order_and_reports_replay_gaps ... ok
test blocks_and_messages_round_trip_with_bounded_shapes ... ok
test event_envelope_requires_associations_and_flattens_payload ... ok

test result: ok. 11 passed; 0 failed; 0 ignored; 0 measured; 0 filtered out; finished in 0.00s

