warning: unnecessary parentheses around closure body
  --> vendor/crossterm/src/terminal/sys/unix.rs:87:50
   |
87 |     let file = File::open("/dev/tty").map(|file| (FileDesc::Owned(file.into())));
   |                                                  ^                            ^
   |
   = note: `#[warn(unused_parens)]` (part of `#[warn(unused)]`) on by default
help: remove these parentheses
   |
87 -     let file = File::open("/dev/tty").map(|file| (FileDesc::Owned(file.into())));
87 +     let file = File::open("/dev/tty").map(|file| FileDesc::Owned(file.into()));
   |

warning: `crossterm` (lib) generated 1 warning (run `cargo fix --lib -p crossterm` to apply 1 suggestion)
   Compiling zenpi v0.1.0 (/Users/wangweiyang/GitHub/zenpi)
    Finished `release` profile [optimized] target(s) in 1m 01s
{
  "budgets": {
    "coalesced_frames_max": 1,
    "cold_start_max_ms_max": 1000.0,
    "cold_start_peak_rss_max_bytes": 100663296,
    "layout_max_us": 100.0,
    "normal_dependencies_max": 16,
    "queue_round_trip_max_us": 2000.0,
    "release_binary_bytes_max": 8388608,
    "render_max_us": 10000.0
  },
  "cold_start": {
    "elapsed_ms": {
      "max": 1044.823959,
      "median": 44.452083,
      "min": 42.234125,
      "sample_count": 5,
      "samples": [
        1044.823959,
        42.234125,
        44.452083,
        42.458084,
        45.956333
      ]
    },
    "process_peak_rss_bytes": {
      "max": 5144576.0,
      "median": 5128192.0,
      "min": 5111808.0,
      "sample_count": 5,
      "samples": [
        5144576.0,
        5128192.0,
        5128192.0,
        5128192.0,
        5111808.0
      ]
    }
  },
  "dependencies": {
    "features": {
      "default": [],
      "dev-fixtures": []
    },
    "normal": [
      "base64",
      "crossterm",
      "httpdate",
      "ignore",
      "libc",
      "ratatui",
      "serde",
      "serde_json",
      "sha2",
      "thiserror",
      "toml",
      "unicode-segmentation",
      "unicode-width",
      "ureq",
      "yaml_serde"
    ],
    "normal_count": 15,
    "tree": [
      "zenpi v0.1.0 (/Users/wangweiyang/GitHub/zenpi)",
      "\u251c\u2500\u2500 base64 v0.23.1",
      "\u251c\u2500\u2500 crossterm v0.29.0 (/Users/wangweiyang/GitHub/zenpi/vendor/crossterm)",
      "\u251c\u2500\u2500 httpdate v1.0.3",
      "\u251c\u2500\u2500 ignore v0.4.33",
      "\u251c\u2500\u2500 libc v0.2.189",
      "\u251c\u2500\u2500 ratatui v0.30.2",
      "\u251c\u2500\u2500 serde v1.0.229",
      "\u251c\u2500\u2500 serde_json v1.0.151",
      "\u251c\u2500\u2500 sha2 v0.10.9",
      "\u251c\u2500\u2500 thiserror v2.0.20",
      "\u251c\u2500\u2500 toml v0.9.12+spec-1.1.0",
      "\u251c\u2500\u2500 unicode-segmentation v1.13.3",
      "\u251c\u2500\u2500 unicode-width v0.2.2",
      "\u251c\u2500\u2500 ureq v3.4.0",
      "\u2514\u2500\u2500 yaml_serde v0.10.7",
      "[dev-dependencies]",
      "\u2514\u2500\u2500 tempfile v3.27.0"
    ]
  },
  "gates": {
    "cold_start": false,
    "cold_start_peak_rss": true,
    "layout": true,
    "normal_dependencies": true,
    "queue_round_trip": true,
    "release_binary": true,
    "render": true,
    "render_coalescing": true
  },
  "host": {
    "machine": "arm64",
    "python": "3.9.6",
    "release": "25.6.0",
    "system": "Darwin"
  },
  "measurement_kind": "reproducible_regression_gate_not_p95",
  "ok": false,
  "release_binary_bytes": 6032944,
  "runtime_probe": {
    "elapsed_us": {
      "layout": 64399,
      "queue": 3153669,
      "render": 327239
    },
    "iterations": {
      "coalesced_dirty_requests": 10000,
      "layout": 60000,
      "queue": 2000,
      "render": 500
    },
    "per_operation_us": {
      "layout": 1.0733166666666667,
      "queue_round_trip": 1576.8345,
      "render": 654.478
    },
    "scheduler_frames_after_10000_dirty_requests": 1
  },
  "schema_version": 1
}
