
 RUN  v4.1.9 /Users/wangweiyang/GitHub/zenpi/.ops/stage1_execution/source025-integration/work

 ✓ probe.test.ts > actual Bash wrapper returns merged stdout/stderr, raw controls, empty output and nonzero status 68ms
 ✓ probe.test.ts > real environment: stale PI fields removed, context cwd/model injected, prefix and spawn hook apply 99ms
 ✓ probe.test.ts > invalid timeout, pre-abort, nonexistent cwd and shell reject before command side effects 2ms
 ✓ probe.test.ts > actual stdin command transport and exported local BashOperations execute in real shell 5ms
 ✓ probe.test.ts > line cap spills exact full output and final close is readable at resolution 68ms
 ✓ probe.test.ts > actual split UTF8, oversized single line and invalid raw bytes preserve distinct display/raw semantics 351ms
 ✓ probe.test.ts > live real-process updates are throttled, can expose a not-yet-final file, and stop after resolution 748ms
 ✓ probe.test.ts > actual timeout kills process group, reaps direct process and preserves completed prefix file 789ms
 ✓ probe.test.ts > actual AbortController kills process group, flushes prefix and emits no later output updates 237ms
 ✓ probe.test.ts > external signal without timeout/abort produces null exit code accepted as success 41ms
 ✓ probe.test.ts > active inherited descendant output remains readable past direct-child exit grace 313ms
 ✓ probe.test.ts > quiet inherited detached descendant survives successful shell return and needs fixture cleanup 187ms
 ✓ source/packages/coding-agent/test/suite/regressions/5303-bash-output-truncation.test.ts > issue #5303 bash output truncation past exit > captures output emitted after exit while a descendant holds stdout open 3ms
 ✓ source/packages/coding-agent/test/suite/regressions/5303-bash-output-truncation.test.ts > issue #5303 bash output truncation past exit > resolves after the grace when a descendant holds stdout open but stays quiet 0ms
 ✓ source/packages/coding-agent/test/suite/regressions/5208-late-bash-output.test.ts > regression #5208: late bash output callbacks > ignores output callbacks after bash operations resolve 23ms

 Test Files  3 passed (3)
      Tests  15 passed (15)
   Start at  12:09:35
   Duration  3.35s (transform 61ms, setup 0ms, import 194ms, tests 2.94s, environment 0ms)

JSON report written to /Users/wangweiyang/GitHub/zenpi/.ops/stage1_execution/source025-integration/work/replay.47UzPz/test-results.json
