    Updating crates.io index
     Locking 37 packages to latest Rust 1.94.0 compatible versions
   Compiling libc v0.2.189
   Compiling proc-macro2 v1.0.107
   Compiling quote v1.0.47
   Compiling unicode-ident v1.0.24
   Compiling parking_lot_core v0.9.12
   Compiling unicode-segmentation v1.13.3
   Compiling signal-hook v0.3.18
   Compiling cfg-if v1.0.4
   Compiling scopeguard v1.2.0
   Compiling rustix v1.1.4
   Compiling smallvec v1.16.1
   Compiling log v0.4.34
   Compiling litrs v1.0.0
   Compiling bitflags v2.13.2
   Compiling lock_api v0.4.14
   Compiling convert_case v0.10.0
   Compiling document-features v0.2.12
   Compiling errno v0.3.14
   Compiling mio v1.2.3
   Compiling signal-hook-registry v1.4.8
   Compiling parking_lot v0.12.5
   Compiling signal-hook-mio v0.2.5
   Compiling syn v2.0.119
   Compiling derive_more-impl v2.1.1
   Compiling derive_more v2.1.1
   Compiling crossterm v0.29.0 (/Users/wangweiyang/GitHub/zenpi/.ops/stage1_execution/reader-reset-integration/actual-helper/original)
warning: unnecessary parentheses around closure body
  --> /Users/wangweiyang/GitHub/zenpi/.ops/stage1_execution/reader-reset-integration/actual-helper/original/src/terminal/sys/unix.rs:87:50
   |
87 |     let file = File::open("/dev/tty").map(|file| (FileDesc::Owned(file.into())));
   |                                                  ^                            ^
   |
   = note: `#[warn(unused_parens)]` (part of `#[warn(unused)]`) on by default
help: remove these parentheses
   |
87 -     let file = File::open("/dev/tty").map(|file| (FileDesc::Owned(file.into())));
87 +     let file = File::open("/dev/tty").map(|file| FileDesc::Owned(file.into()));
   |

warning: `crossterm` (lib) generated 1 warning (run `cargo fix --lib -p crossterm` to apply 1 suggestion)
   Compiling reset-pty-probe v0.0.0 (/Users/wangweiyang/GitHub/zenpi/.ops/stage1_execution/reader-reset-integration/actual-helper/before)
    Finished `dev` profile [unoptimized + debuginfo] target(s) in 7.90s
