warning: unnecessary parentheses around closure body
  --> vendor/crossterm/src/terminal/sys/unix.rs:87:50
   |
87 |     let file = File::open("/dev/tty").map(|file| (FileDesc::Owned(file.into())));
   |                                                  ^                            ^
   |
   = note: `#[warn(unused_parens)]` (part of `#[warn(unused)]`) on by default
help: remove these parentheses
   |
87 -     let file = File::open("/dev/tty").map(|file| (FileDesc::Owned(file.into())));
87 +     let file = File::open("/dev/tty").map(|file| FileDesc::Owned(file.into()));
   |

warning: `crossterm` (lib) generated 1 warning (run `cargo fix --lib -p crossterm` to apply 1 suggestion)
    Finished `test` profile [unoptimized + debuginfo] target(s) in 0.06s
     Running unittests src/lib.rs (target/debug/deps/zenpi-3ab8d8bb60969eba)

running 6 tests
test tui::tests::approval_timer_unknown_and_partial_retire_control ... ok
test tui::tests::approval_timer_last_retire_resumes_without_tool_or_text_event ... FAILED
test tui::tests::approval_timer_approval_before_busy_stays_paused ... FAILED
test tui::tests::approval_timer_pending_survives_status_and_hidden_modal ... FAILED
test tui::tests::approval_timer_pending_request_pauses_without_status_text ... FAILED
test tui::tests::approval_timer_status_words_alone_cannot_pause ... FAILED

failures:

---- tui::tests::approval_timer_last_retire_resumes_without_tool_or_text_event stdout ----

thread 'tui::tests::approval_timer_last_retire_resumes_without_tool_or_text_event' (30364239) panicked at src/tui.rs:14614:9:
assertion failed: s.transcript_ux.started.is_some()

---- tui::tests::approval_timer_approval_before_busy_stays_paused stdout ----

thread 'tui::tests::approval_timer_approval_before_busy_stays_paused' (30364238) panicked at src/tui.rs:14623:9:
assertion failed: s.transcript_ux.started.is_none()

---- tui::tests::approval_timer_pending_survives_status_and_hidden_modal stdout ----

thread 'tui::tests::approval_timer_pending_survives_status_and_hidden_modal' (30364241) panicked at src/tui.rs:14601:9:
assertion failed: s.transcript_ux.started.is_none()

---- tui::tests::approval_timer_pending_request_pauses_without_status_text stdout ----

thread 'tui::tests::approval_timer_pending_request_pauses_without_status_text' (30364240) panicked at src/tui.rs:14588:9:
assertion failed: s.transcript_ux.started.is_none()

---- tui::tests::approval_timer_status_words_alone_cannot_pause stdout ----

thread 'tui::tests::approval_timer_status_words_alone_cannot_pause' (30364242) panicked at src/tui.rs:14632:9:
assertion `left == right` failed
  left: None
 right: Some(Instant { tv_sec: 1198519, tv_nsec: 690150708 })
note: run with `RUST_BACKTRACE=1` environment variable to display a backtrace


failures:
    tui::tests::approval_timer_approval_before_busy_stays_paused
    tui::tests::approval_timer_last_retire_resumes_without_tool_or_text_event
    tui::tests::approval_timer_pending_request_pauses_without_status_text
    tui::tests::approval_timer_pending_survives_status_and_hidden_modal
    tui::tests::approval_timer_status_words_alone_cannot_pause

test result: FAILED. 1 passed; 5 failed; 0 ignored; 0 measured; 145 filtered out; finished in 0.00s

error: test failed, to rerun pass `--lib`
