warning: unnecessary parentheses around closure body
  --> vendor/crossterm/src/terminal/sys/unix.rs:87:50
   |
87 |     let file = File::open("/dev/tty").map(|file| (FileDesc::Owned(file.into())));
   |                                                  ^                            ^
   |
   = note: `#[warn(unused_parens)]` (part of `#[warn(unused)]`) on by default
help: remove these parentheses
   |
87 -     let file = File::open("/dev/tty").map(|file| (FileDesc::Owned(file.into())));
87 +     let file = File::open("/dev/tty").map(|file| FileDesc::Owned(file.into()));
   |

warning: `crossterm` (lib) generated 1 warning (run `cargo fix --lib -p crossterm` to apply 1 suggestion)
   Compiling zenpi v0.1.0 (/Users/wangweiyang/GitHub/zenpi)
    Finished `test` profile [unoptimized + debuginfo] target(s) in 4.39s
     Running unittests src/lib.rs (target/debug/deps/zenpi-3ab8d8bb60969eba)

running 15 tests
test tui::tests::approval_timer_status_words_alone_cannot_pause ... ok
test tui::tests::approval_timer_last_retire_resumes_without_tool_or_text_event ... ok
test tui::tests::approval_timer_pending_request_pauses_without_status_text ... ok
test tui::tests::approval_timer_pending_survives_status_and_hidden_modal ... ok
test tui::tests::approval_timer_unknown_and_partial_retire_control ... ok
test tui::tests::approval_timer_approval_before_busy_stays_paused ... ok
test tui::tests::approval_timer_canonical_multiple_unknown_pending_and_real_mirror ... ok
test tui::tests::approval_timer_admitted_cancel_clears_wait_but_only_terminal_stops_work ... ok
test tui::tests::approval_timer_stale_jobs_cannot_pause_resume_or_cancel_replacement ... ok
test tui::tests::approval_timer_terminal_events_stop_and_next_turn_resets ... ok
test tui::tests::approval_timer_projects_keep_independent_running_and_waiting_intervals ... ok
test tui::tests::approval_timer_real_coordinator_response_checks_identity_before_resuming ... ok
test tui::tests::approval_timer_bounded_tracking_never_resumes_with_untracked_waits ... ok
test tui::tests::approval_timer_hidden_footer_preserves_unsaved_draft_warning ... ok
test tui::tests::approval_timer_hidden_footer_replaces_shortcut_text_after_resize ... ok

test result: ok. 15 passed; 0 failed; 0 ignored; 0 measured; 145 filtered out; finished in 0.03s

