warning: unnecessary parentheses around closure body
  --> vendor/crossterm/src/terminal/sys/unix.rs:87:50
   |
87 |     let file = File::open("/dev/tty").map(|file| (FileDesc::Owned(file.into())));
   |                                                  ^                            ^
   |
   = note: `#[warn(unused_parens)]` (part of `#[warn(unused)]`) on by default
help: remove these parentheses
   |
87 -     let file = File::open("/dev/tty").map(|file| (FileDesc::Owned(file.into())));
87 +     let file = File::open("/dev/tty").map(|file| FileDesc::Owned(file.into()));
   |

warning: `crossterm` (lib) generated 1 warning (run `cargo fix --lib -p crossterm` to apply 1 suggestion)
   Compiling zenpi v0.1.0 (/Users/wangweiyang/GitHub/zenpi)
    Finished `test` profile [unoptimized + debuginfo] target(s) in 8.97s
     Running tests/tui_command_palette.rs (target/debug/deps/tui_command_palette-3f54e17146f78ec8)

running 1 test
test bare_approval_selectors_defer_owner_changes_until_explicit_submit ... FAILED

failures:

---- bare_approval_selectors_defer_owner_changes_until_explicit_submit stdout ----

thread 'bare_approval_selectors_defer_owner_changes_until_explicit_submit' (28419977) panicked at tests/tui_command_palette.rs:83:9:
/approval
note: run with `RUST_BACKTRACE=1` environment variable to display a backtrace


failures:
    bare_approval_selectors_defer_owner_changes_until_explicit_submit

test result: FAILED. 0 passed; 1 failed; 0 ignored; 0 measured; 12 filtered out; finished in 0.03s

error: test failed, to rerun pass `--test tui_command_palette`
