warning: unnecessary parentheses around closure body
  --> vendor/crossterm/src/terminal/sys/unix.rs:87:50
   |
87 |     let file = File::open("/dev/tty").map(|file| (FileDesc::Owned(file.into())));
   |                                                  ^                            ^
   |
   = note: `#[warn(unused_parens)]` (part of `#[warn(unused)]`) on by default
help: remove these parentheses
   |
87 -     let file = File::open("/dev/tty").map(|file| (FileDesc::Owned(file.into())));
87 +     let file = File::open("/dev/tty").map(|file| FileDesc::Owned(file.into()));
   |

warning: `crossterm` (lib) generated 1 warning (run `cargo fix --lib -p crossterm` to apply 1 suggestion)
   Compiling zenpi v0.1.0 (/Users/wangweiyang/GitHub/zenpi)
    Finished `test` profile [unoptimized + debuginfo] target(s) in 2.81s
     Running tests/tui_bentobox.rs (target/debug/deps/tui_bentobox-0c7b7c0a8727a605)

running 3 tests

thread 'short_workspace_direction_follows_the_panes_actually_drawn' (30466926) panicked at tests/tui_bentobox.rs:553:5:
assertion `left == right` failed
  left: Some(Resources)
 right: Some(ProjectConversation)
note: run with `RUST_BACKTRACE=1` environment variable to display a backtrace

thread 'short_workspace_tab_cycle_skips_panes_that_have_no_screen_rows' (30466928) panicked at tests/tui_bentobox.rs:529:5:
assertion `left == right` failed
  left: Some(Resources)
 right: Some(Gantt)
test short_workspace_direction_follows_the_panes_actually_drawn ... FAILED
test short_workspace_tab_cycle_skips_panes_that_have_no_screen_rows ... FAILED
test short_workspace_narrow_cycle_reveals_each_selected_pane ... ok

failures:

failures:
    short_workspace_direction_follows_the_panes_actually_drawn
    short_workspace_tab_cycle_skips_panes_that_have_no_screen_rows

test result: FAILED. 1 passed; 2 failed; 0 ignored; 0 measured; 16 filtered out; finished in 0.01s

error: test failed, to rerun pass `--test tui_bentobox`
