warning: unnecessary parentheses around closure body
  --> vendor/crossterm/src/terminal/sys/unix.rs:87:50
   |
87 |     let file = File::open("/dev/tty").map(|file| (FileDesc::Owned(file.into())));
   |                                                  ^                            ^
   |
   = note: `#[warn(unused_parens)]` (part of `#[warn(unused)]`) on by default
help: remove these parentheses
   |
87 -     let file = File::open("/dev/tty").map(|file| (FileDesc::Owned(file.into())));
87 +     let file = File::open("/dev/tty").map(|file| FileDesc::Owned(file.into()));
   |

warning: `crossterm` (lib) generated 1 warning (run `cargo fix --lib -p crossterm` to apply 1 suggestion)
   Compiling zenpi v0.1.0 (/Users/wangweiyang/GitHub/zenpi)
    Finished `test` profile [unoptimized + debuginfo] target(s) in 3.66s
     Running tests/headless_event_budget.rs (.ops/stage1_execution/new132-integration/target/debug/deps/headless_event_budget-85c324e55bf0c0bb)

running 1 test
test slow_consumer_gets_exact_byte_drop_marker_before_terminal_response ... ok

test result: ok. 1 passed; 0 failed; 0 ignored; 0 measured; 0 filtered out; finished in 0.39s

     Running tests/headless_project_workspace.rs (.ops/stage1_execution/new132-integration/target/debug/deps/headless_project_workspace-0f8536dfd6d0456e)

running 12 tests
test project_envelope_preserves_strict_identity_and_action_parsing ... ok
test project_protocol_is_strict_versioned_bounded_and_owned ... ok
test shared_checkpoint_rejects_concurrent_stale_writer_and_corrupt_input_atomically ... ok
test tui_and_jsonl_share_the_checkpoint_and_actual_session_owner ... ok
test typed_tree_mutation_runs_in_the_selected_project_owner ... ok
test cancelled_invalid_and_mismatched_requests_leave_selection_and_journal_unchanged ... ok
test resumed_journal_restores_as_the_real_agent_in_the_shared_project_pool ... ok
test selected_project_bounds_inspection_resume_and_reopening_the_initial_tab ... ok
test project_controls_are_real_idempotent_and_restore_across_independent_hosts ... ok
test project_capacity_and_checkpoint_permission_failure_preserve_the_previous_owner ... ok
test rejected_resume_checkpoint_keeps_actual_owner_and_host_usable ... ok
test busy_switch_keeps_queued_owners_events_approval_and_tools_in_their_project ... ok

test result: ok. 12 passed; 0 failed; 0 ignored; 0 measured; 0 filtered out; finished in 1.52s

