warning: unnecessary parentheses around closure body
  --> vendor/crossterm/src/terminal/sys/unix.rs:87:50
   |
87 |     let file = File::open("/dev/tty").map(|file| (FileDesc::Owned(file.into())));
   |                                                  ^                            ^
   |
   = note: `#[warn(unused_parens)]` (part of `#[warn(unused)]`) on by default
help: remove these parentheses
   |
87 -     let file = File::open("/dev/tty").map(|file| (FileDesc::Owned(file.into())));
87 +     let file = File::open("/dev/tty").map(|file| FileDesc::Owned(file.into()));
   |

warning: `crossterm` (lib) generated 1 warning (run `cargo fix --lib -p crossterm` to apply 1 suggestion)
   Compiling zenpi v0.1.0 (/Users/wangweiyang/GitHub/zenpi)
    Finished `test` profile [unoptimized + debuginfo] target(s) in 15.20s
     Running unittests src/lib.rs (.ops/stage1_execution/new132-integration/target/debug/deps/zenpi-3ab8d8bb60969eba)

running 3 tests
test headless::replay_session_tests::session_reset_keeps_unfinished_foreign_request_unknown_after_restart ... ok
test headless::replay_session_tests::conflicting_target_does_not_replace_the_live_source_reservation ... ok
test headless::replay_session_tests::session_reset_preserves_pending_identity_and_durable_terminal_replay ... ok

test result: ok. 3 passed; 0 failed; 0 ignored; 0 measured; 92 filtered out; finished in 0.16s

