     Locking 191 packages to latest Rust 1.94.0 compatible versions
   Compiling proc-macro2 v1.0.107
   Compiling quote v1.0.47
   Compiling unicode-ident v1.0.24
   Compiling libc v0.2.189
   Compiling cfg-if v1.0.4
   Compiling log v0.4.34
   Compiling equivalent v1.0.2
   Compiling allocator-api2 v0.2.21
   Compiling foldhash v0.2.0
   Compiling itoa v1.0.18
   Compiling unicode-segmentation v1.13.3
   Compiling serde_core v1.0.229
   Compiling rustversion v1.0.23
   Compiling shlex v2.0.1
   Compiling find-msvc-tools v0.1.12
   Compiling thiserror v2.0.20
   Compiling bitflags v2.13.2
   Compiling version_check v0.9.5
   Compiling strsim v0.11.1
   Compiling ident_case v1.0.1
   Compiling memchr v2.8.3
   Compiling ryu v1.0.23
   Compiling cc v1.4.5
   Compiling signal-hook v0.3.18
   Compiling either v1.18.0
   Compiling hashbrown v0.17.1
   Compiling parking_lot_core v0.9.12
   Compiling heck v0.5.0
   Compiling generic-array v0.14.7
   Compiling convert_case v0.10.0
   Compiling itertools v0.14.0
   Compiling hashbrown v0.16.1
   Compiling typenum v1.20.1
   Compiling rustix v1.1.4
   Compiling zeroize v1.9.0
   Compiling instability v0.3.13
   Compiling static_assertions v1.1.0
   Compiling unicode-width v0.2.2
   Compiling smallvec v1.16.1
   Compiling crossbeam-utils v0.8.23
   Compiling scopeguard v1.2.0
   Compiling lock_api v0.4.14
   Compiling lru v0.18.4
   Compiling rustls-pki-types v1.15.1
   Compiling untrusted v0.9.0
   Compiling crossbeam-epoch v0.9.21
   Compiling indoc v2.0.7
   Compiling ring v0.17.14
   Compiling unicode-truncate v2.0.1
   Compiling httparse v1.10.1
   Compiling zmij v1.0.23
   Compiling litrs v1.0.0
   Compiling serde v1.0.229
   Compiling crc32fast v1.5.1
   Compiling document-features v0.2.12
   Compiling syn v3.0.5
   Compiling syn v2.0.119
   Compiling strum_macros v0.28.0
   Compiling derive_more-impl v2.1.1
   Compiling darling_core v0.24.1
   Compiling castaway v0.2.4
   Compiling derive_more v2.1.1
   Compiling errno v0.3.14
   Compiling signal-hook-registry v1.4.8
   Compiling getrandom v0.2.17
   Compiling mio v1.2.3
   Compiling strum v0.28.0
   Compiling parking_lot v0.12.5
   Compiling thiserror-impl v2.0.20
   Compiling signal-hook-mio v0.2.5
   Compiling serde_derive v1.0.229
   Compiling darling_macro v0.24.1
   Compiling aho-corasick v1.1.5
   Compiling darling v0.24.1
   Compiling simd-adler32 v0.3.10
   Compiling adler2 v2.0.1
   Compiling bytes v1.12.1
   Compiling regex-syntax v0.8.11
   Compiling crossbeam-deque v0.8.8
   Compiling rustls v0.23.44
   Compiling serde_json v1.0.151
   Compiling http v1.5.0
   Compiling regex-automata v0.4.18
   Compiling miniz_oxide v0.9.1
   Compiling block-buffer v0.10.4
   Compiling crypto-common v0.1.7
   Compiling bstr v1.13.1
   Compiling line-clipping v0.3.8
   Compiling base64 v0.23.1
   Compiling winnow v1.0.4
   Compiling subtle v2.6.1
   Compiling same-file v1.0.6
   Compiling once_cell v1.21.4
   Compiling globset v0.4.20
   Compiling walkdir v2.5.0
   Compiling toml_parser v1.1.3+spec-1.1.0
   Compiling flate2 v1.1.10
   Compiling digest v0.10.7
   Compiling cpufeatures v0.2.17
   Compiling toml_datetime v0.7.5+spec-1.1.0
   Compiling serde_spanned v1.1.1
   Compiling webpki-roots v1.0.9
   Compiling indexmap v2.14.2
   Compiling percent-encoding v2.3.2
   Compiling winnow v0.7.15
   Compiling toml_writer v1.1.2+spec-1.1.0
   Compiling libyaml-rs v0.3.0
   Compiling utf8-zero v0.8.1
   Compiling sha2 v0.10.9
   Compiling ureq-proto v0.6.2
   Compiling httpdate v1.0.3
   Compiling compact_str v0.9.1
   Compiling toml v0.9.12+spec-1.1.0
   Compiling crossterm v0.29.0 (/Users/wangweiyang/GitHub/zenpi/vendor/crossterm)
   Compiling rustls-webpki v0.103.15
   Compiling kasuari v0.4.12
   Compiling ratatui-core v0.1.2
   Compiling ignore v0.4.33
   Compiling yaml_serde v0.10.7
warning: unnecessary parentheses around closure body
  --> /Users/wangweiyang/GitHub/zenpi/vendor/crossterm/src/terminal/sys/unix.rs:87:50
   |
87 |     let file = File::open("/dev/tty").map(|file| (FileDesc::Owned(file.into())));
   |                                                  ^                            ^
   |
   = note: `#[warn(unused_parens)]` (part of `#[warn(unused)]`) on by default
help: remove these parentheses
   |
87 -     let file = File::open("/dev/tty").map(|file| (FileDesc::Owned(file.into())));
87 +     let file = File::open("/dev/tty").map(|file| FileDesc::Owned(file.into()));
   |

warning: `crossterm` (lib) generated 1 warning (run `cargo fix --lib -p crossterm` to apply 1 suggestion)
   Compiling ratatui-widgets v0.3.2
   Compiling ratatui-crossterm v0.1.2
   Compiling ureq v3.4.1
   Compiling ratatui v0.30.2
   Compiling zenpi v0.1.0 (/Users/wangweiyang/GitHub/zenpi)
   Compiling editor-sync-probe v0.0.0 (/Users/wangweiyang/GitHub/zenpi/.ops/stage1_execution/external-editor-integration/actual-after-sync.sync-build)
    Finished `dev` profile [unoptimized + debuginfo] target(s) in 28.78s
