{
  "passed": true,
  "binary_sha256": "24721d51a33955057380e20126cbc569706ac17b82c3ce8c370a059a19674c77",
  "fixture_binary_sha256": "a1f5cd223783143cda5c568c342c549bac707a583166a801b32d2ba3d64733da",
  "checks": {
    "compiled_cli_selection_cancelled_before_commit": true,
    "original_leaf_and_tree_history_unchanged": true,
    "original_branch_transcript_retained_in_reopened_tui": true,
    "no_navigation_http_or_tool_effect": true,
    "subsequent_actual_http_uses_original_branch_and_tool_result": true,
    "actual_tool_executes_once": true,
    "terminal_restored": true
  },
  "tui_processes": 2,
  "cli_processes": 1,
  "http_requests": 5,
  "actual_tool_executions": 1,
  "original_leaf": "entry-bdd228ae4463be50f78fb97fec7d6bde1c63593fde20ac81fde655a293660bfa-1524",
  "cancelled_target": "entry-bdd228ae4463be50f78fb97fec7d6bde1c63593fde20ac81fde655a293660bfa-1501",
  "retained_transcript_messages": 11,
  "prior_transcript_messages": 11,
  "cancellation_boundary": "compiled JSONL tree select plus public target cancel; failed cancelled selection response; TUI before/after; internal projection phase not instrumented"
}
{
  "passed": true,
  "compiled_tui_processes": 2,
  "compiled_cli_processes": 1,
  "actual_http_requests": 5,
  "actual_effect_count": 1,
  "cancelled_selection_response": {
    "project": {
      "project_id": "ab7dc64cde7d4a74daad195f26196fd447db77261ae419335d044ff73be08246",
      "cwd": "/Users/wangweiyang/GitHub/zenpi/.ops/stage1_execution/branch106-select-cancel-integration/actual/fixture/initial",
      "session_id": "session-1789194792524-19964-0"
    },
    "schema_version": 2,
    "id": "cancel-this-select",
    "type": "response",
    "command": "tree",
    "success": false,
    "error": "request was cancelled",
    "code": "backend_cancelled"
  },
  "journal_prefix_unchanged": true,
  "new_tree_actions_during_cancel": 0,
  "scope": "offline verification only; does not run product"
}
