warning: unnecessary parentheses around closure body
  --> vendor/crossterm/src/terminal/sys/unix.rs:87:50
   |
87 |     let file = File::open("/dev/tty").map(|file| (FileDesc::Owned(file.into())));
   |                                                  ^                            ^
   |
   = note: `#[warn(unused_parens)]` (part of `#[warn(unused)]`) on by default
help: remove these parentheses
   |
87 -     let file = File::open("/dev/tty").map(|file| (FileDesc::Owned(file.into())));
87 +     let file = File::open("/dev/tty").map(|file| FileDesc::Owned(file.into()));
   |

warning: `crossterm` (lib) generated 1 warning (run `cargo fix --lib -p crossterm` to apply 1 suggestion)
   Compiling zenpi v0.1.0 (/Users/wangweiyang/GitHub/zenpi)
    Finished `test` profile [unoptimized + debuginfo] target(s) in 9.94s
     Running tests/layout.rs (target/debug/deps/layout-0215640593ecacaa)

running 11 tests
test breakpoint_bands_include_zero_and_narrow_resize_states ... ok
test every_workspace_tab_has_a_named_preset_and_required_panes ... ok
test narrow_layout_keeps_one_focusable_pane_and_zero_viewport_is_hidden ... ok
test fully_collapsed_state_is_safe_at_a_normal_viewport ... ok
test wide_project_layout_respects_ratios_minimums_and_has_no_overlap ... ok
test focused_split_adjustment_uses_horizontal_arrows_only ... ok
test interactive_ratio_adjustment_preserves_bounded_total_and_reset_restores_preset ... ok
test custom_ratios_collapse_optional_panes_when_minimum_width_cannot_fit ... ok
test optional_right_panes_are_unavailable_by_default_and_collapse_on_compact ... ok
test pane_focus_cycles_in_preset_order_and_skips_collapsed_or_unavailable_panes ... ok
test directional_focus_prefers_same_row_or_column_before_falling_back ... ok

test result: ok. 11 passed; 0 failed; 0 ignored; 0 measured; 0 filtered out; finished in 0.00s

     Running tests/layout_persistence.rs (target/debug/deps/layout_persistence-97e33ace7aaa3e8d)

running 7 tests
test layout_preferences_json_round_trip_is_bounded_and_deterministic ... ok
test invalid_state_is_rejected_without_replacing_a_valid_snapshot ... ok
test layout_symlink_is_rejected_for_read_write_and_reset ... ok
test legacy_layout_model_is_migrated_to_default_profile ... ok
test out_of_range_and_unknown_pane_values_are_rejected ... ok
test corrupt_and_oversized_documents_fail_closed_without_mutation ... ok
test profile_and_tab_states_round_trip_independently_and_reset_is_idempotent ... ok

test result: ok. 7 passed; 0 failed; 0 ignored; 0 measured; 0 filtered out; finished in 0.10s

     Running tests/project_workspace.rs (target/debug/deps/project_workspace-4004c3e78f9d04f0)

running 7 tests
test last_tab_and_removed_directory_cannot_be_selected_or_restored ... ok
test cancellation_errors_and_failed_host_preparation_leave_selection_and_checkpoint_unchanged ... ok
test checkpoint_roundtrip_preserves_stable_identity_and_selected_order ... ok
test duplicate_basenames_remain_distinct_and_aliases_reselect_existing_project ... ok
test confirmation_prepares_a_directory_bound_candidate_without_mutating_current_state ... ok
test invalid_checkpoint_is_rejected_atomically ... ok
test bounded_tabs_allow_reselection_at_capacity_and_closing_preserves_active_identity ... ok

test result: ok. 7 passed; 0 failed; 0 ignored; 0 measured; 0 filtered out; finished in 0.02s

     Running tests/tui_approval_focus.rs (target/debug/deps/tui_approval_focus-96779183d9d3d528)

running 12 tests
test worker_never_offers_remember_and_release_cannot_confirm ... ok
test escape_and_paste_never_grant_or_discard_draft ... ok
test deny_default_and_explicit_allow_keep_draft_cursor ... ok
test multiple_requests_reset_selection_and_projects_do_not_share_focus ... ok
test replay_never_promotes_worker_or_malformed_records_or_overrides_configured_deny ... ok
test actual_coordinator_rejects_cross_project_wrong_call_and_duplicate ... ok
test cancelled_owner_rejects_stale_visible_request ... ok
test directory_picker_owns_keys_over_existing_or_new_approval_view ... ok
test invalid_requests_and_view_capacity_are_bounded ... ok
test remembered_policy_reopens_only_its_session_and_preserves_configured_deny ... ok
test background_approvals_are_visible_even_when_the_source_tab_is_offscreen ... ok
test full_diff_scroll_is_independent_from_folded_transcript_and_resize ... ok

test result: ok. 12 passed; 0 failed; 0 ignored; 0 measured; 0 filtered out; finished in 0.03s

     Running tests/tui_bentobox.rs (target/debug/deps/tui_bentobox-0c7b7c0a8727a605)

running 16 tests
test disabled_optional_panes_are_not_rendered_or_allocated ... ok
test workspace_keyboard_controls_focus_and_split_without_touching_prompt ... ok
test adapter_translates_and_clips_model_rectangles ... ok
test ctrl_number_switches_workspace_tab_without_submitting_prompt ... ok
test terminal_backtab_moves_workspace_focus_backwards ... ok
test tab_switch_keeps_independent_layout_state_and_dirty_bit ... ok
test restoring_tab_models_preserves_each_tab_and_clears_dirty_state ... ok
test active_layout_edits_after_restore_replace_cached_project_layout ... ok
test production_workspace_is_resize_safe_at_tiny_viewports ... ok
test production_workspace_renders_tabs_and_existing_transcript_prompt ... ok
test production_resources_pane_renders_completed_snapshot ... ok
test gantt_refresh_failure_retains_last_valid_projection ... ok
test production_gantt_pane_renders_bounded_domain_projection ... ok
test gantt_projection_truncates_maximal_valid_blueprint ... ok
test gantt_projection_does_not_create_a_missing_execution_store_and_stays_bounded ... ok
test gantt_projection_annotates_each_item_with_latest_execution_status_and_attempt ... ok

test result: ok. 16 passed; 0 failed; 0 ignored; 0 measured; 0 filtered out; finished in 0.20s

     Running tests/tui_busy_diff.rs (target/debug/deps/tui_busy_diff-da6a08fc9429355a)

running 3 tests
test busy_palette_keeps_local_diff_and_review_available ... ok
test local_diff_rejects_parent_escape_without_changing_project_or_draft ... ok
test unborrowed_agent_diff_stays_in_selected_project_and_preserves_draft ... ok

test result: ok. 3 passed; 0 failed; 0 ignored; 0 measured; 0 filtered out; finished in 0.15s

     Running tests/tui_composer.rs (target/debug/deps/tui_composer-69c8fa2b8a92f5dd)

running 51 tests
test escape_keeps_draft_and_key_release_never_types_or_submits ... ok
test deliberate_tab_reopens_completion_after_a_literal_ordinary_burst ... ok
test external_editor_shortcut_respects_focus_and_explicit_popup_dismissal ... ok
test ctrl_u_uses_fold_projection_instead_of_hidden_payload_newlines ... ok
test external_edit_changes_are_plain_exact_and_keep_kill_buffer_and_ids ... ok
test external_edit_owner_revision_survives_unrelated_background_projection ... ok
test cross_boundary_combining_and_zwj_unfold_without_dropping_characters ... ok
test external_edit_rejects_explicit_project_roundtrip_and_checkpoint_restore ... ok
test external_edit_revision_rejects_new_text_cursor_fold_history_and_project_instances ... ok
test adjacent_alt_enter_expands_only_that_fold_and_keeps_bytes ... ok
test grapheme_cursor_and_deletion_keep_combining_emoji_and_flags_whole ... ok
test history_navigation_restores_original_draft_and_cursor ... ok
test history_preview_cannot_leak_across_projects ... ok
test isolated_unicode_ime_followed_by_enter_submits_normally ... ok
test kill_yank_is_single_nonempty_buffer_and_plain_deletion_does_not_replace_it ... ok
test ctrl_u_and_k_use_logical_lines_and_newlines_even_when_soft_wrapped ... ok
test legacy_checkpoint_cursor_inside_combined_glyph_is_normalized ... ok
test multiline_word_and_line_commands_keep_wide_columns ... ok
test corrupt_fold_metadata_restores_full_text_with_notice_and_legacy_compatibility ... ok
test folded_word_and_line_deletion_are_atomic_and_keep_literal_labels ... ok
test normalized_paste_batches_fold_but_normal_keys_never_do ... ok
test history_project_and_checkpoint_preserve_unsent_folds_but_recall_full_text ... ok
test large_paste_threshold_and_atomic_identity_keep_full_payload ... ok
test ordinary_ascii_hold_flush_and_deliberate_enter_have_bounded_latency ... ok
test ordinary_multiline_burst_and_trailing_enter_never_submit_before_quiet_window ... ok
test ordinary_unicode_ime_is_immediate_and_modified_keys_flush_without_losing_text ... ok
test ordinary_burst_cancel_history_and_project_switch_preserve_the_correct_draft ... ok
test search_accept_never_submits_and_cancel_restores_persisted_draft ... ok
test scheduled_restart_is_explicitly_unconfirmed_and_never_automatically_readmitted ... ok
test scheduled_fifo_edit_cancel_and_revision_use_actual_project_bound_entries ... ok
test terminal_shortcut_existing_control_and_alt_editing_still_dispatch ... ok
test terminal_shortcut_modified_characters_never_become_draft_text ... ok
test terminal_shortcut_plain_unicode_keeps_press_repeat_and_release_semantics ... ok
test terminal_shortcut_super_key_keeps_preceding_held_ascii_without_submitting ... ok
test yank_flushes_held_ascii_before_editing_without_new_paste_classification ... ok
test folded_projection_resize_and_visible_line_navigation_never_enter_hidden_lines ... ok
test yank_buffer_survives_submission_slash_history_but_is_project_local_and_ephemeral ... ok
test yank_combines_unicode_safely_and_paste_control_bytes_do_not_execute_it ... ok
test paste_is_literal_and_limit_failure_is_atomic ... ok
test ctrl_u_after_one_cell_resize_keeps_following_fold_and_yanks_exact_unicode ... ok
test fold_suppresses_hidden_completion_but_preserves_visible_file_suffix_completion ... ok
test kill_yank_restores_canonical_fold_payload_as_plain_text_without_reusing_ids ... ok
test actual_owner_receipts_drive_queue_menu_and_lossless_edits ... ok
test ordinary_burst_is_bounded_and_rejects_overflow_without_partial_insertion ... ok
test interrupted_and_live_scheduled_jobs_share_one_byte_budget ... ok
test text_only_input_owner_never_silently_loses_file_attachments ... ok
test terminal_shortcut_editor_hint_agrees_with_action_in_the_rendered_state ... ok
test maximum_size_single_word_navigation_is_bounded_and_complete ... ok
test external_edit_noop_cancel_empty_and_capacity_failure_are_atomic ... ok
test folded_payload_counts_toward_input_and_pretty_checkpoint_budgets ... ok
test yank_input_and_pretty_checkpoint_rejections_preserve_full_buffer_and_draft ... ok

test result: ok. 51 passed; 0 failed; 0 ignored; 0 measured; 0 filtered out; finished in 0.63s

     Running tests/tui_interaction.rs (target/debug/deps/tui_interaction-890f48a9836f2e5e)

running 22 tests
test goal_lane_can_be_cleared_at_session_boundary ... ok
test new_project_has_explicit_empty_host_context ... ok
test closing_project_before_active_keeps_active_identity ... ok
test project_commands_create_select_and_close_wave_tabs ... ok
test project_tab_state_isolated_from_feature_tab_selector ... ok
test closing_project_removes_its_runtime_metadata_projection ... ok
test project_view_reports_identity_and_current_feature_projection ... ok
test approval_and_yolo_completion_offer_only_valid_modes ... ok
test palette_has_two_levels_and_never_submits_while_selecting ... ok
test project_checkpoint_is_independent_from_feature_layouts ... ok
test project_metadata_round_trips_with_project_strip ... ok
test project_tab_strip_round_trips_and_clamps_active_index ... ok
test project_checkpoint_restores_isolated_transcript_and_layout ... ok
test goal_hot_zone_keeps_an_independent_transcript_lane ... ok
test mouse_focus_tabs_and_split_drag_preserve_draft_and_layout ... ok
test horizontal_split_drag_is_persisted_without_overlaps ... ok
test slash_prompt_exposes_palette_state_in_the_prompt_border ... ok
test both_hot_zones_remain_visible_when_switching_workspace_tabs ... ok
test persona_is_durable_and_conversation_has_colored_dots_not_names ... ok
test project_select_binds_real_agent_session_and_workspace ... ok
test closing_active_project_rebinds_agent_to_remaining_project ... ok
test selecting_persona_does_not_start_a_provider_turn ... ok

test result: ok. 22 passed; 0 failed; 0 ignored; 0 measured; 0 filtered out; finished in 0.15s

     Running tests/tui_project_workspace.rs (target/debug/deps/tui_project_workspace-1eed673f1bf434ae)

running 14 tests
test display_only_ticks_do_not_schedule_project_writes_but_layout_changes_do ... ok
test asynchronous_transcript_mutations_schedule_checkpoints_without_keyboard_input ... ok
test canonical_project_checkpoint_restores_session_projection_without_feature_tabs ... ok
test topmost_plus_opens_picker_and_cancel_never_creates_a_tab_or_changes_draft ... ok
test session_workspace_mismatch_does_not_rewrite_existing_journal ... ok
test invalid_project_config_is_rejected_before_creating_session_or_mutating_visible_owner ... ok
test switching_while_original_owner_is_locked_preserves_drafts_layout_and_owner ... ok
test stale_resume_writer_and_busy_owner_leave_the_tui_checkpoint_unchanged ... ok
test restart_restores_selected_runtime_and_drafts_without_reusing_startup_owner ... ok
test shared_resume_checkpoint_failure_preserves_actual_owner_draft_layout_and_metadata ... ok
test session_list_click_tracks_the_visible_scrolled_row_and_open_path ... ok
test session_list_narrow_resize_keeps_selected_row_visible_without_wrapping ... ok
test session_list_borders_and_empty_rows_do_not_change_selection ... ok
test picker_confirmation_and_real_tools_bind_two_equal_basename_directories ... ok

test result: ok. 14 passed; 0 failed; 0 ignored; 0 measured; 0 filtered out; finished in 0.72s

