warning: unnecessary parentheses around closure body
  --> vendor/crossterm/src/terminal/sys/unix.rs:87:50
   |
87 |     let file = File::open("/dev/tty").map(|file| (FileDesc::Owned(file.into())));
   |                                                  ^                            ^
   |
   = note: `#[warn(unused_parens)]` (part of `#[warn(unused)]`) on by default
help: remove these parentheses
   |
87 -     let file = File::open("/dev/tty").map(|file| (FileDesc::Owned(file.into())));
87 +     let file = File::open("/dev/tty").map(|file| FileDesc::Owned(file.into()));
   |

warning: `crossterm` (lib) generated 1 warning (run `cargo fix --lib -p crossterm` to apply 1 suggestion)
   Compiling zenpi v0.1.0 (/Users/wangweiyang/GitHub/zenpi)
    Finished `test` profile [unoptimized + debuginfo] target(s) in 10.54s
     Running tests/tui_project_workspace.rs (target/debug/deps/tui_project_workspace-1eed673f1bf434ae)

running 2 tests

thread 'session_list_narrow_resize_keeps_selected_row_visible_without_wrapping' (30427431) panicked at tests/tui_project_workspace.rs:483:9:
assertion `left == right` failed: selected item must occupy one row at 120x30
  left: "e"
 right: ">"
note: run with `RUST_BACKTRACE=1` environment variable to display a backtrace
test session_list_narrow_resize_keeps_selected_row_visible_without_wrapping ... FAILED

thread 'session_list_click_tracks_the_visible_scrolled_row_and_open_path' (30427430) panicked at tests/tui_project_workspace.rs:461:5:
assertion `left == right` failed
  left: Some("/var/folders/zh/sdgyp1m967jc7703v5f9pzw40000gn/T/.tmpbP0UQH/session-00.jsonl")
 right: Some("/var/folders/zh/sdgyp1m967jc7703v5f9pzw40000gn/T/.tmpbP0UQH/session-08.jsonl")
test session_list_click_tracks_the_visible_scrolled_row_and_open_path ... FAILED

failures:

failures:
    session_list_click_tracks_the_visible_scrolled_row_and_open_path
    session_list_narrow_resize_keeps_selected_row_visible_without_wrapping

test result: FAILED. 0 passed; 2 failed; 0 ignored; 0 measured; 11 filtered out; finished in 0.27s

error: test failed, to rerun pass `--test tui_project_workspace`
