warning: unnecessary parentheses around closure body
  --> vendor/crossterm/src/terminal/sys/unix.rs:87:50
   |
87 |     let file = File::open("/dev/tty").map(|file| (FileDesc::Owned(file.into())));
   |                                                  ^                            ^
   |
   = note: `#[warn(unused_parens)]` (part of `#[warn(unused)]`) on by default
help: remove these parentheses
   |
87 -     let file = File::open("/dev/tty").map(|file| (FileDesc::Owned(file.into())));
87 +     let file = File::open("/dev/tty").map(|file| FileDesc::Owned(file.into()));
   |

warning: `crossterm` (lib) generated 1 warning (run `cargo fix --lib -p crossterm` to apply 1 suggestion)
   Compiling zenpi v0.1.0 (/Users/wangweiyang/GitHub/zenpi)
    Finished `test` profile [unoptimized + debuginfo] target(s) in 4.65s
     Running tests/headless_domain_owner.rs (target/debug/deps/headless_domain_owner-f8575d96a256f2dc)

running 1 test

thread 'goal_create_respects_explicit_version_and_does_not_mutate_on_rejection' (29777303) panicked at tests/headless_domain_owner.rs:387:13:
assertion `left == right` failed: single@missing: {"code":"ok","command":"goal","data":{"accepted":true,"action":"create","change":"inserted","command":"goal","execution_state":"queued","goal":{"blueprint_digest":"b40f8ccce6dfb9df43a5763f9aa3e284e125a6338819c3247c1d804819d2e8e4","blueprint_id":"single","blueprint_version":"1","budget":{"attempts":0,"disk_bytes":0,"tokens":0,"wall_clock_ms":0},"id":"selected","status":"queued"},"route":"local","store":{"blueprint_count":4,"digest":"d5abe512dfd2b80728b49d22ebaca4e89218923568b5586d12f5884dacf5d1bd","generation":5,"goal_count":1,"learn_count":0,"path":"<domain-store>","schema_version":1},"zenpi_started":false},"id":"create","schema_version":1,"success":true,"type":"response"}
  left: Bool(true)
 right: false
note: run with `RUST_BACKTRACE=1` environment variable to display a backtrace
test goal_create_respects_explicit_version_and_does_not_mutate_on_rejection ... FAILED

failures:

failures:
    goal_create_respects_explicit_version_and_does_not_mutate_on_rejection

test result: FAILED. 0 passed; 1 failed; 0 ignored; 0 measured; 6 filtered out; finished in 0.17s

error: test failed, to rerun pass `--test headless_domain_owner`
