warning: unnecessary parentheses around closure body
  --> vendor/crossterm/src/terminal/sys/unix.rs:87:50
   |
87 |     let file = File::open("/dev/tty").map(|file| (FileDesc::Owned(file.into())));
   |                                                  ^                            ^
   |
   = note: `#[warn(unused_parens)]` (part of `#[warn(unused)]`) on by default
help: remove these parentheses
   |
87 -     let file = File::open("/dev/tty").map(|file| (FileDesc::Owned(file.into())));
87 +     let file = File::open("/dev/tty").map(|file| FileDesc::Owned(file.into()));
   |

warning: `crossterm` (lib) generated 1 warning (run `cargo fix --lib -p crossterm` to apply 1 suggestion)
   Compiling zenpi v0.1.0 (/Users/wangweiyang/GitHub/zenpi)
    Finished `test` profile [unoptimized + debuginfo] target(s) in 2.58s
     Running tests/stage1_semantic_compaction.rs (target/debug/deps/stage1_semantic_compaction-d9b315e4e8952fd8)

running 2 tests
deferred finish_reason: rejected=false, preserved=false, reopened=false, HTTP=2
test actual_http_valid_summary_annotation_allows_checkpoint_progress ... ok
deferred stop_reason: rejected=false, preserved=false, reopened=false, HTTP=2
deferred stopReason: rejected=false, preserved=false, reopened=false, HTTP=2
deferred status: rejected=false, preserved=false, reopened=false, HTTP=2

thread 'actual_http_deferred_summary_annotation_preserves_previous_checkpoint' (30489616) panicked at tests/stage1_semantic_compaction.rs:1102:5:
deferred summary replaced valid context for ["finish_reason", "stop_reason", "stopReason", "status"]
note: run with `RUST_BACKTRACE=1` environment variable to display a backtrace
test actual_http_deferred_summary_annotation_preserves_previous_checkpoint ... FAILED

failures:

failures:
    actual_http_deferred_summary_annotation_preserves_previous_checkpoint

test result: FAILED. 1 passed; 1 failed; 0 ignored; 0 measured; 15 filtered out; finished in 1.57s

error: test failed, to rerun pass `--test stage1_semantic_compaction`
