{
  "ok": true,
  "meaning": "Provisional evidence integrity only; not G-DIR acceptance",
  "item": "ZS1-092",
  "mode": "frozen-offline",
  "scope": "target:.github/workflows",
  "physical_direct_files": 2,
  "physical_direct_subdirectories": 0,
  "in_scope": [
    "ci.yml"
  ],
  "context_only": [
    "release.yml"
  ],
  "formal_children": [
    "ZS1-089"
  ],
  "unaccepted_children": [
    "ZS1-089"
  ],
  "acceptance_eligible": false,
  "dependency_manifest_sha256": "d82de0618e7c6aa00062a0df039ad4016473dcd5c9eba5cf798962245235674c",
  "dependency_members": 74,
  "dependency_main_report_exists": false,
  "dependency_master_receipt_exists": false,
  "report_bytes": 11196,
  "report_sha256": "11936236d83981d4a54dd544287ec3160031d4d5492011c54ef22cabe7334224",
  "preserved_ready_manifests": 67,
  "gstage_exit": 1,
  "directory_master_receipt_missing": true,
  "new_behavior_runs": 0,
  "limits": "No main/product/state mutation; no hosted CI/Cargo/PTY/HTTP; no release.yml acceptance or .github-root integration"
}
