warning: unnecessary parentheses around closure body
  --> vendor/crossterm/src/terminal/sys/unix.rs:87:50
   |
87 |     let file = File::open("/dev/tty").map(|file| (FileDesc::Owned(file.into())));
   |                                                  ^                            ^
   |
   = note: `#[warn(unused_parens)]` (part of `#[warn(unused)]`) on by default
help: remove these parentheses
   |
87 -     let file = File::open("/dev/tty").map(|file| (FileDesc::Owned(file.into())));
87 +     let file = File::open("/dev/tty").map(|file| FileDesc::Owned(file.into()));
   |

warning: `crossterm` (lib) generated 1 warning (run `cargo fix --lib -p crossterm` to apply 1 suggestion)
   Compiling zenpi v0.1.0 (/Users/wangweiyang/GitHub/zenpi)
    Finished `test` profile [unoptimized + debuginfo] target(s) in 11.91s
     Running tests/project_workspace.rs (target/debug/deps/project_workspace-4004c3e78f9d04f0)

running 7 tests
test last_tab_and_removed_directory_cannot_be_selected_or_restored ... ok
test confirmation_prepares_a_directory_bound_candidate_without_mutating_current_state ... ok
test checkpoint_roundtrip_preserves_stable_identity_and_selected_order ... ok
test invalid_checkpoint_is_rejected_atomically ... ok
test duplicate_basenames_remain_distinct_and_aliases_reselect_existing_project ... ok
test cancellation_errors_and_failed_host_preparation_leave_selection_and_checkpoint_unchanged ... ok
test bounded_tabs_allow_reselection_at_capacity_and_closing_preserves_active_identity ... ok

test result: ok. 7 passed; 0 failed; 0 ignored; 0 measured; 0 filtered out; finished in 0.02s

     Running tests/tui_approval_focus.rs (target/debug/deps/tui_approval_focus-96779183d9d3d528)

running 12 tests
test replay_never_promotes_worker_or_malformed_records_or_overrides_configured_deny ... ok
test worker_never_offers_remember_and_release_cannot_confirm ... ok
test multiple_requests_reset_selection_and_projects_do_not_share_focus ... ok
test deny_default_and_explicit_allow_keep_draft_cursor ... ok
test escape_and_paste_never_grant_or_discard_draft ... ok
test actual_coordinator_rejects_cross_project_wrong_call_and_duplicate ... ok
test cancelled_owner_rejects_stale_visible_request ... ok
test directory_picker_owns_keys_over_existing_or_new_approval_view ... ok
test invalid_requests_and_view_capacity_are_bounded ... ok
test background_approvals_are_visible_even_when_the_source_tab_is_offscreen ... ok
test full_diff_scroll_is_independent_from_folded_transcript_and_resize ... ok
test remembered_policy_reopens_only_its_session_and_preserves_configured_deny ... ok

test result: ok. 12 passed; 0 failed; 0 ignored; 0 measured; 0 filtered out; finished in 0.05s

     Running tests/tui_command_palette.rs (target/debug/deps/tui_command_palette-3f54e17146f78ec8)

running 17 tests
test idle_queue_refresh_preserves_the_painted_keyboard_selection ... ok
test queue_changes_keep_unrelated_selection_and_require_paint_for_changed_choices ... ok
test busy_palette_declares_idle_commands_and_queueable_resources ... ok
test tab_selects_the_visible_highlight_without_guessing_an_unpainted_menu ... ok
test file_completion_is_cwd_bound_quoted_and_stale_query_safe ... ok
test slash_paths_and_negative_boundaries_do_not_mutate_draft ... ok
test model_catalog_arrival_requests_a_paint_without_idle_queue_updates ... ok
test source_inspection_rejects_stale_or_missing_owner_metadata ... ok
test reasoning_menu_intersects_wire_capability_and_registry ... ok
test long_unicode_provenance_keeps_filename_hash_and_real_source ... ok
test project_catalogue_isolated_and_escape_keeps_literal_input ... ok
test catalog_contains_actual_explicit_resources_and_source_but_not_bodies ... ok
test bare_approval_selectors_defer_owner_changes_until_explicit_submit ... ok
test session_search_and_selection_survive_idle_owner_refresh ... ok
test actual_model_registry_and_effort_setter_drive_project_menu ... ok
test completion_result_and_path_limits_remain_bounded ... ok
test selected_source_after_sixteenth_resource_is_complete_without_body_or_draft_change ... ok

test result: ok. 17 passed; 0 failed; 0 ignored; 0 measured; 0 filtered out; finished in 0.21s

     Running tests/tui_resize.rs (target/debug/deps/tui_resize-da78009d52bef572)

running 14 tests
test scheduler_coalesces_until_deadline ... ok
test ctrl_c_interrupts_a_busy_turn_without_quitting_the_tui ... ok
test unbound_control_keys_never_insert_printable_characters ... ok
test stream_chunks_are_bounded_and_coalesced ... ok
test submit_preserves_prompt_whitespace ... ok
test shifted_enter_and_ctrl_j_insert_multiline_text_without_submitting ... ok
test tab_does_not_complete_after_multiline_leading_whitespace ... ok
test multiline_cursor_editing_stays_on_utf8_boundaries ... ok
test tab_completes_slash_commands_without_touching_prompt_text ... ok
test multiline_prompt_grows_and_scrolls_with_narrow_viewport ... ok
test zero_and_narrow_resize_are_panic_free ... ok
test recovered_session_cursor_is_journal_evidence_not_a_transport_receipt ... ok
test resume_and_session_switch_refresh_owned_snapshot_without_losing_draft ... ok
test session_projection_is_bounded_and_does_not_render_event_payloads ... ok

test result: ok. 14 passed; 0 failed; 0 ignored; 0 measured; 0 filtered out; finished in 0.67s

