warning: unnecessary parentheses around closure body
  --> vendor/crossterm/src/terminal/sys/unix.rs:87:50
   |
87 |     let file = File::open("/dev/tty").map(|file| (FileDesc::Owned(file.into())));
   |                                                  ^                            ^
   |
   = note: `#[warn(unused_parens)]` (part of `#[warn(unused)]`) on by default
help: remove these parentheses
   |
87 -     let file = File::open("/dev/tty").map(|file| (FileDesc::Owned(file.into())));
87 +     let file = File::open("/dev/tty").map(|file| FileDesc::Owned(file.into()));
   |

warning: `crossterm` (lib) generated 1 warning (run `cargo clippy --fix --lib -p crossterm` to apply 1 suggestion)
    Checking zenpi v0.1.0 (/Users/wangweiyang/GitHub/zenpi)
error: this `if` statement can be collapsed
    --> src/tui.rs:7972:17
     |
7972 | /                 if let Some(owner) = agent.as_deref() {
7973 | |                     if state
7974 | |                         .search_session_browser(owner.session(), &query)
7975 | |                         .is_ok()
...    |
7980 | |                 }
     | |_________________^
     |
     = help: for further information visit https://rust-lang.github.io/rust-clippy/rust-1.94.0/index.html#collapsible_if
     = note: `-D clippy::collapsible-if` implied by `-D warnings`
     = help: to override `-D warnings` add `#[allow(clippy::collapsible_if)]`
help: collapse nested if block
     |
7972 ~                 if let Some(owner) = agent.as_deref()
7973 ~                     && state
7974 |                         .search_session_browser(owner.session(), &query)
 ...
7978 |                         state.focus_workspace_pane(PaneId::SessionList);
7979 ~                     }
     |

error: could not compile `zenpi` (lib) due to 1 previous error
