   Compiling crossterm v0.29.0 (/Users/wangweiyang/GitHub/zenpi/.ops/stage1_execution/new132-ownership-integration/work/vendor/crossterm)
warning: unnecessary parentheses around closure body
  --> vendor/crossterm/src/terminal/sys/unix.rs:87:50
   |
87 |     let file = File::open("/dev/tty").map(|file| (FileDesc::Owned(file.into())));
   |                                                  ^                            ^
   |
   = note: `#[warn(unused_parens)]` (part of `#[warn(unused)]`) on by default
help: remove these parentheses
   |
87 -     let file = File::open("/dev/tty").map(|file| (FileDesc::Owned(file.into())));
87 +     let file = File::open("/dev/tty").map(|file| FileDesc::Owned(file.into()));
   |

warning: `crossterm` (lib) generated 1 warning (run `cargo fix --lib -p crossterm` to apply 1 suggestion)
   Compiling ratatui-crossterm v0.1.2
   Compiling ratatui v0.30.2
   Compiling zenpi v0.1.0 (/Users/wangweiyang/GitHub/zenpi/.ops/stage1_execution/new132-ownership-integration/work)
error[E0061]: this method takes 0 arguments but 1 argument was supplied
    --> src/tui.rs:9887:31
     |
9887 |             match self.worker.next_event(Duration::from_millis(10)) {
     |                               ^^^^^^^^^^ ------------------------- unexpected argument of type `std::time::Duration`
     |
note: method defined here
    --> src/runtime.rs:353:12
     |
 353 |     pub fn next_event(&self) -> Result<RuntimeEvent<O, E>, mpsc::RecvError> {
     |            ^^^^^^^^^^
help: remove the extra argument
     |
9887 -             match self.worker.next_event(Duration::from_millis(10)) {
9887 +             match self.worker.next_event() {
     |

error[E0308]: mismatched types
    --> src/tui.rs:9892:21
     |
9887 |             match self.worker.next_event(Duration::from_millis(10)) {
     |                   ------------------------------------------------- this expression has type `Result<RuntimeEvent<(), ()>, RecvError>`
...
9892 |                 Err(std::sync::mpsc::RecvTimeoutError::Disconnected) => break,
     |                     ^^^^^^^^^^^^^^^^^^^^^^^^^^^^^^^^^^^^^^^^^^^^^^^ expected `RecvError`, found `RecvTimeoutError`

error[E0308]: mismatched types
    --> src/tui.rs:9893:21
     |
9887 |             match self.worker.next_event(Duration::from_millis(10)) {
     |                   ------------------------------------------------- this expression has type `Result<RuntimeEvent<(), ()>, RecvError>`
...
9893 |                 Err(std::sync::mpsc::RecvTimeoutError::Timeout) => {}
     |                     ^^^^^^^^^^^^^^^^^^^^^^^^^^^^^^^^^^^^^^^^^^ expected `RecvError`, found `RecvTimeoutError`

Some errors have detailed explanations: E0061, E0308.
For more information about an error, try `rustc --explain E0061`.
error: could not compile `zenpi` (lib) due to 3 previous errors
