warning: unnecessary parentheses around closure body
  --> vendor/crossterm/src/terminal/sys/unix.rs:87:50
   |
87 |     let file = File::open("/dev/tty").map(|file| (FileDesc::Owned(file.into())));
   |                                                  ^                            ^
   |
   = note: `#[warn(unused_parens)]` (part of `#[warn(unused)]`) on by default
help: remove these parentheses
   |
87 -     let file = File::open("/dev/tty").map(|file| (FileDesc::Owned(file.into())));
87 +     let file = File::open("/dev/tty").map(|file| FileDesc::Owned(file.into()));
   |

warning: `crossterm` (lib) generated 1 warning (run `cargo fix --lib -p crossterm` to apply 1 suggestion)
   Compiling zenpi v0.1.0 (/Users/wangweiyang/GitHub/zenpi)
    Finished `test` profile [unoptimized + debuginfo] target(s) in 1.10s
     Running tests/tui_command_palette.rs (target/debug/deps/tui_command_palette-3f54e17146f78ec8)

running 3 tests
test file_completion_is_cwd_bound_quoted_and_stale_query_safe ... ok
test file_completion_complete_empty_menu_reports_only_this_directory ... FAILED
test file_completion_partial_menu_explains_hidden_matches ... FAILED

failures:

---- file_completion_complete_empty_menu_reports_only_this_directory stdout ----

thread 'file_completion_complete_empty_menu_reports_only_this_directory' (30288814) panicked at tests/tui_command_palette.rs:79:5:
 zenpi | projects: [default]                                                                                                     [<] [>] [+]
 zenpi    Ready | tokens — | /private/var/folders/zh/sdgyp1m967jc7703v5f9pzw40000gn/T/.tmpHxkiW1                                            
┌ Conversation ────────────────────────────────────────┐┌ Gantt  ⋮ ────────────────────────────────────────────────────────────────────────┐
│                                                      ││Waiting for Blueprint/Goal snapshot                                               │
│                                                      ││                                                                                  │
│                                                      ││                                                                                  │
│                                                      ││                                                                                  │
│                                                      ││                                                                                  │
│                                                      ││                                                                                  │
│                                                      ││                                                                                  │
│                                                      ││                                                                                  │
│                                                      ││                                                                                  │
│                                                      ││                                                                                  │
│                                                      ││                                                                                  │
│                                                      ││                                                                                  │
└──────────────────────────────────────────────────────┘│                                                                                  │
┌ Resources  ⋮ ────────────────────────────────────────┐│                                                                                  │
│Waiting for workspace snapshot                        ││                                                                                  │
│                                                      ││                                                                                  │
│                                                      ││                                                                                  │
│                                                      ││                                                                                  │
│                                                      ││                                                                                  │
│                                                      ││                                                                                  │
│                                                      ││                                                                                  │
│                                                      ││                                                                                  │
└──────────────────────────────────────────────────────┘│                                                                                  │
┌ Goal ────────────────────────────────────────────────┐│                                                                                  │
│                                                      ││                                                                                  │
│                                                      ││                                                                                  │
│                                                      ││                                                                                  │
│                                                      ││                                                                                  │
│                                                      ││                                                                                  │
│                                                      ││                                                                                  │
│                                                      ││                                                                                  │
│                                                      ││                                                                                  │
└──────────────────────────────────────────────────────┘└──────────────────────────────────────────────────────────────────────────────────┘
┌ Prompt  • command palette active ────────────────────────────────────────────────────────────────────────────────────────────────────────┐
│/attach absent-prefix                                                                                                                     │
└──────────────────────────────────────────────────────────────────────────────────────────────────────────────────────────────────────────┘
 Enter send · Ctrl-G editor · Ctrl-U line kill · Ctrl-Y yank · Ctrl-C stop · Alt-R reasoning · Alt-C copy · Alt-B blocks · /help input      
note: run with `RUST_BACKTRACE=1` environment variable to display a backtrace

---- file_completion_partial_menu_explains_hidden_matches stdout ----

thread 'file_completion_partial_menu_explains_hidden_matches' (30288816) panicked at tests/tui_command_palette.rs:65:5:
 zenpi | projects: [default]                                                                                                     [<] [>] [+]
 zenpi    Ready | tokens — | /private/var/folders/zh/sdgyp1m967jc7703v5f9pzw40000gn/T/.tmp0J282B                                            
┌ Conversation ────────────────────────────────────────┐┌ Gantt  ⋮ ────────────────────────────────────────────────────────────────────────┐
│                                                      ││Waiting for Blueprint/Goal snapshot                                               │
│                                                      ││                                                                                  │
│                                                      ││                                                                                  │
│                                                      ││                                                                                  │
│                                                      ││                                                                                  │
│                                                      ││                                                                                  │
│                                                      ││                                                                                  │
│                                                      ││                                                                                  │
│                                                      ││                                                                                  │
│                                                      ││                                                                                  │
│                                                      ││                                                                                  │
│                                                      ││                                                                                  │
└──────────────────────────────────────────────────────┘│                                                                                  │
┌ Resources  ⋮ ────────────────────────────────────────┐│                                                                                  │
│Waiting for workspace snapshot                        ││                                                                                  │
│                                                      ││                                                                                  │
│                                                      ││                                                                                  │
│                                                      ││                                                                                  │
│                                                      ││                                                                                  │
│                                                      ││                                                                                  │
│                                                      ││                                                                                  │
┌ Commands / files 1/128 ──────────────────────────────────────────────────────────────────────────────────────┐                           │
│/attach "candidate-000.txt"                                                                                   │                           │
│/attach "candidate-001.txt"                                                                                   │                           │
│/attach "candidate-002.txt"                                                                                   │                           │
│/attach "candidate-003.txt"                                                                                   │                           │
│/attach "candidate-004.txt"                                                                                   │                           │
│/attach "candidate-005.txt"                                                                                   │                           │
│/attach "candidate-006.txt"                                                                                   │                           │
│/attach "candidate-007.txt"                                                                                   │                           │
│File reference · validated again at submission                                                                │                           │
│/private/var/folders/zh/sdgyp1m967jc7703v5f9pzw40000gn/T/.tmp0J282B/candidate-000.txt                         │                           │
└──────────────────────────────────────────────────────────────────────────────────────────────────────────────┘───────────────────────────┘
┌ Prompt  • command palette active ────────────────────────────────────────────────────────────────────────────────────────────────────────┐
│/attach candidate-                                                                                                                        │
└──────────────────────────────────────────────────────────────────────────────────────────────────────────────────────────────────────────┘
 Enter send · Ctrl-U line kill · Ctrl-Y yank · Ctrl-C stop · Alt-R reasoning · Alt-C copy · Alt-B blocks · /help input                      


failures:
    file_completion_complete_empty_menu_reports_only_this_directory
    file_completion_partial_menu_explains_hidden_matches

test result: FAILED. 1 passed; 2 failed; 0 ignored; 0 measured; 16 filtered out; finished in 0.08s

error: test failed, to rerun pass `--test tui_command_palette`
