warning: unnecessary parentheses around closure body
  --> vendor/crossterm/src/terminal/sys/unix.rs:87:50
   |
87 |     let file = File::open("/dev/tty").map(|file| (FileDesc::Owned(file.into())));
   |                                                  ^                            ^
   |
   = note: `#[warn(unused_parens)]` (part of `#[warn(unused)]`) on by default
help: remove these parentheses
   |
87 -     let file = File::open("/dev/tty").map(|file| (FileDesc::Owned(file.into())));
87 +     let file = File::open("/dev/tty").map(|file| FileDesc::Owned(file.into()));
   |

warning: `crossterm` (lib) generated 1 warning (run `cargo fix --lib -p crossterm` to apply 1 suggestion)
   Compiling zenpi v0.1.0 (/Users/wangweiyang/GitHub/zenpi)
    Finished `test` profile [unoptimized + debuginfo] target(s) in 12.88s
     Running unittests src/lib.rs (target/debug/deps/zenpi-3ab8d8bb60969eba)

running 3 tests
test tui::tests::normal_unicode_typing_reopens_file_completion_after_escape ... ok
test tui::tests::file_completion_exhaustion_and_display_limit_are_separate ... ok
test tui::tests::file_completion_scan_limits_and_cancel_are_deterministic ... ok

test result: ok. 3 passed; 0 failed; 0 ignored; 0 measured; 142 filtered out; finished in 0.22s

     Running tests/tui_command_palette.rs (target/debug/deps/tui_command_palette-3f54e17146f78ec8)

running 6 tests
test file_completion_complete_empty_menu_reports_only_this_directory ... ok
test file_completion_is_cwd_bound_quoted_and_stale_query_safe ... ok
test file_completion_partial_menu_keeps_candidates_in_short_terminals ... ok
test file_completion_partial_menu_explains_hidden_matches ... ok
test file_completion_notice_rows_cannot_be_selected_and_escape_keeps_draft ... ok
test file_completion_partial_status_is_query_and_project_bound ... ok

test result: ok. 6 passed; 0 failed; 0 ignored; 0 measured; 16 filtered out; finished in 0.14s

