warning: unnecessary parentheses around closure body
  --> vendor/crossterm/src/terminal/sys/unix.rs:87:50
   |
87 |     let file = File::open("/dev/tty").map(|file| (FileDesc::Owned(file.into())));
   |                                                  ^                            ^
   |
   = note: `#[warn(unused_parens)]` (part of `#[warn(unused)]`) on by default
help: remove these parentheses
   |
87 -     let file = File::open("/dev/tty").map(|file| (FileDesc::Owned(file.into())));
87 +     let file = File::open("/dev/tty").map(|file| FileDesc::Owned(file.into()));
   |

warning: `crossterm` (lib) generated 1 warning (run `cargo fix --lib -p crossterm` to apply 1 suggestion)
   Compiling zenpi v0.1.0 (/Users/wangweiyang/GitHub/zenpi)
    Finished `test` profile [unoptimized + debuginfo] target(s) in 18.22s
     Running tests/tui_command_palette.rs (target/debug/deps/tui_command_palette-3f54e17146f78ec8)

running 1 test
test file_completion_partial_menu_keeps_candidates_in_short_terminals ... FAILED

failures:

---- file_completion_partial_menu_keeps_candidates_in_short_terminals stdout ----

thread 'file_completion_partial_menu_keeps_candidates_in_short_terminals' (30289579) panicked at tests/tui_command_palette.rs:834:9:
height 9:  zenpi | projects: [default]                                                                                                     [<] [>] [+]
 zenpi    Ready | tokens — | /private/var/folders/zh/sdgyp1m967jc7703v5f9pzw40000gn/T/.tmp7FKtKT                                            
┌ Conversation ────────────────────────────────────────┐┌ Gantt  ⋮ ────────────────────────────────────────────────────────────────────────┐
┌ Resources  ⋮ ────────────────────────────────────────┐│Waiting for Blueprint/Goal snapshot                                               │
┌ Goal ────────────────────────────────────────────────┐└──────────────────────────────────────────────────────────────────────────────────┘
┌ Prompt  • command palette active ────────────────────────────────────────────────────────────────────────────────────────────────────────┐
│/attach candidate-                                                                                                                        │
└──────────────────────────────────────────────────────────────────────────────────────────────────────────────────────────────────────────┘
 Enter send · Ctrl-U line kill · Ctrl-Y yank · Ctrl-C stop · Alt-R reasoning · Alt-C copy · Alt-B blocks · /help input                      
note: run with `RUST_BACKTRACE=1` environment variable to display a backtrace


failures:
    file_completion_partial_menu_keeps_candidates_in_short_terminals

test result: FAILED. 0 passed; 1 failed; 0 ignored; 0 measured; 21 filtered out; finished in 0.05s

error: test failed, to rerun pass `--test tui_command_palette`
