{
  "status": "passed",
  "manifest_checked": true,
  "C_files_verified": 37,
  "full_read_lines": 1334,
  "build_inputs": 230,
  "unchanged_original_other_inputs": 228,
  "followup_after_sha256": "811bde9af190b2e439542c0a89dd8e8a1f76bbcf8eb6aa3ad3b16143447ec30b",
  "commands": [
    {
      "argv": [
        "git",
        "init",
        "-q"
      ],
      "exit_code": 0,
      "stdout": "",
      "stderr": ""
    },
    {
      "argv": [
        "git",
        "add",
        "src/slash_actions.rs",
        "unrelated.bin"
      ],
      "exit_code": 0,
      "stdout": "",
      "stderr": ""
    },
    {
      "argv": [
        "git",
        "apply",
        "--check",
        "/Users/wangweiyang/GitHub/zenpi/.ops/stage1_execution/diff-identity-integration/worker-A/C-product.patch"
      ],
      "exit_code": 0,
      "stdout": "",
      "stderr": ""
    },
    {
      "argv": [
        "git",
        "apply",
        "/Users/wangweiyang/GitHub/zenpi/.ops/stage1_execution/diff-identity-integration/worker-A/C-product.patch"
      ],
      "exit_code": 0,
      "stdout": "",
      "stderr": ""
    },
    {
      "argv": [
        "git",
        "apply",
        "--check",
        "/Users/wangweiyang/GitHub/zenpi/.ops/stage1_execution/diff-identity-integration/worker-A/followup.patch"
      ],
      "exit_code": 0,
      "stdout": "",
      "stderr": ""
    },
    {
      "argv": [
        "git",
        "apply",
        "/Users/wangweiyang/GitHub/zenpi/.ops/stage1_execution/diff-identity-integration/worker-A/followup.patch"
      ],
      "exit_code": 0,
      "stdout": "",
      "stderr": ""
    },
    {
      "argv": [
        "git",
        "apply",
        "--reverse",
        "--check",
        "/Users/wangweiyang/GitHub/zenpi/.ops/stage1_execution/diff-identity-integration/worker-A/followup.patch"
      ],
      "exit_code": 0,
      "stdout": "",
      "stderr": ""
    },
    {
      "argv": [
        "git",
        "apply",
        "--reverse",
        "/Users/wangweiyang/GitHub/zenpi/.ops/stage1_execution/diff-identity-integration/worker-A/followup.patch"
      ],
      "exit_code": 0,
      "stdout": "",
      "stderr": ""
    },
    {
      "argv": [
        "git",
        "apply",
        "--reverse",
        "--check",
        "/Users/wangweiyang/GitHub/zenpi/.ops/stage1_execution/diff-identity-integration/worker-A/C-product.patch"
      ],
      "exit_code": 0,
      "stdout": "",
      "stderr": ""
    },
    {
      "argv": [
        "git",
        "apply",
        "--reverse",
        "/Users/wangweiyang/GitHub/zenpi/.ops/stage1_execution/diff-identity-integration/worker-A/C-product.patch"
      ],
      "exit_code": 0,
      "stdout": "",
      "stderr": ""
    },
    {
      "argv": [
        "git",
        "diff",
        "--exit-code"
      ],
      "exit_code": 0,
      "stdout": "",
      "stderr": ""
    }
  ],
  "sentinel_unchanged": true
}
