
 RUN  v4.1.9 /Users/wangweiyang/GitHub/zenpi/.ops/stage1_execution/source014-integration/work

 ✓ source/packages/agent/test/agent-loop.test.ts > default stream function compatibility > uses the configured default when a legacy caller omits streamFn 1ms
 ✓ source/packages/agent/test/agent-loop.test.ts > agentLoop with AgentMessage > should emit events with AgentMessage types 1ms
 ✓ source/packages/agent/test/agent-loop.test.ts > agentLoop with AgentMessage > should handle custom message types via convertToLlm 0ms
 ✓ source/packages/agent/test/agent-loop.test.ts > agentLoop with AgentMessage > should apply transformContext before convertToLlm 0ms
 ✓ source/packages/agent/test/agent-loop.test.ts > agentLoop with AgentMessage > should handle tool calls and results 2ms
 ✓ source/packages/agent/test/agent-loop.test.ts > agentLoop with AgentMessage > should not execute tool calls from a length-truncated assistant message 0ms
 ✓ source/packages/agent/test/agent-loop.test.ts > agentLoop with AgentMessage > should execute mutated beforeToolCall args without revalidation 0ms
 ✓ source/packages/agent/test/agent-loop.test.ts > agentLoop with AgentMessage > should prepare tool arguments for validation 1ms
 ✓ source/packages/agent/test/agent-loop.test.ts > agentLoop with AgentMessage > should emit tool_execution_end in completion order but persist tool results in source order 22ms
 ✓ source/packages/agent/test/agent-loop.test.ts > agentLoop with AgentMessage > should inject queued messages after all tool calls complete 1ms
 ✓ source/packages/agent/test/agent-loop.test.ts > agentLoop with AgentMessage > should force sequential execution when a tool has executionMode=sequential even with default parallel config 22ms
 ✓ source/packages/agent/test/agent-loop.test.ts > agentLoop with AgentMessage > should force sequential execution when one of multiple tools has executionMode=sequential 22ms
 ✓ source/packages/agent/test/agent-loop.test.ts > agentLoop with AgentMessage > should allow parallel execution when all tools have executionMode=parallel 22ms
 ✓ source/packages/agent/test/agent-loop.test.ts > agentLoop with AgentMessage > should use prepareNextTurn snapshot before continuing 1ms
 ✓ source/packages/agent/test/agent-loop.test.ts > agentLoop with AgentMessage > should stop after the current turn when shouldStopAfterTurn returns true 0ms
 ✓ source/packages/agent/test/agent-loop.test.ts > agentLoop with AgentMessage > should stop after a tool batch when every tool result sets terminate=true 0ms
 ✓ source/packages/agent/test/agent-loop.test.ts > agentLoop with AgentMessage > should stop after a blocked tool call when beforeToolCall sets terminate=true 0ms
 ✓ source/packages/agent/test/agent-loop.test.ts > agentLoop with AgentMessage > should continue after a mixed batch with one terminating blocked call 0ms
 ✓ source/packages/agent/test/agent-loop.test.ts > agentLoop with AgentMessage > should continue after parallel tool calls when not all tool results terminate 0ms
 ✓ source/packages/agent/test/agent-loop.test.ts > agentLoop with AgentMessage > should allow afterToolCall to mark a tool batch as terminating 0ms
 ✓ source/packages/agent/test/agent-loop.test.ts > agentLoopContinue with AgentMessage > should throw when context has no messages 1ms
 ✓ source/packages/agent/test/agent-loop.test.ts > agentLoopContinue with AgentMessage > should continue from existing context without emitting user message events 1ms
 ✓ source/packages/agent/test/agent-loop.test.ts > agentLoopContinue with AgentMessage > should allow custom message types as last message (caller responsibility) 0ms

 Test Files  1 passed (1)
      Tests  23 passed (23)
   Start at  14:54:51
   Duration  311ms (transform 47ms, setup 0ms, import 140ms, tests 98ms, environment 0ms)

JSON report written to /Users/wangweiyang/GitHub/zenpi/.ops/stage1_execution/source014-integration/work/replay-results.json
