{
  "passed": true,
  "manifest_sha256": "4c032718962a1f28681a42bfb54a17b381cba562e55dfb875ba5e6814732e192",
  "report_sha256": "c0b431b5c1894608a59b10139037c3004a85b81a29eed0e9b8ef44d619ead536",
  "artifacts": 78,
  "patch_operations": [
    {
      "kind": "master",
      "phase": "forward_check",
      "passed": true
    },
    {
      "kind": "master",
      "phase": "forward",
      "passed": true
    },
    {
      "kind": "master",
      "phase": "reverse_check",
      "passed": true
    },
    {
      "kind": "master",
      "phase": "reverse",
      "passed": true
    },
    {
      "kind": "worker",
      "phase": "forward_check",
      "passed": true
    },
    {
      "kind": "worker",
      "phase": "forward",
      "passed": true
    },
    {
      "kind": "worker",
      "phase": "reverse_check",
      "passed": true
    },
    {
      "kind": "worker",
      "phase": "reverse",
      "passed": true
    }
  ],
  "exact_report_bytes": true,
  "reverse_returns_absent": true,
  "sentinel_preserved": true,
  "product_behavior_runs": 0,
  "cargo_runs": 0,
  "pty_runs": 0,
  "http_runs": 0,
  "scope": "offline artifact integrity only; master semantic G-FILE/G-STAGE pending"
}
