{
  "passed": true,
  "mode": "formal-single-file-understand",
  "source_functions": 0,
  "source_tests": 0,
  "before_sha256": "94c25405859cbec9d1a02e7c1a0a4e0dbbfd96e5c6bc476c23b9dc8be7229a65",
  "current_sha256": "d5fafd029ef77454e178222c2b62530d28859374f72a2ce6bd972a465bed5884",
  "semantic_toml_delta_exact": true,
  "cargo_metadata_no_deps": true,
  "normal_declarations": [
    "base64",
    "crossterm",
    "httpdate",
    "ignore",
    "libc",
    "ratatui",
    "serde",
    "serde_json",
    "sha2",
    "thiserror",
    "toml",
    "unicode-segmentation",
    "unicode-width",
    "ureq",
    "yaml_serde"
  ],
  "dev_declarations": [
    "tempfile"
  ],
  "feature_graph_verified": false,
  "MSRV_compilation_verified": false,
  "release_verified": false,
  "context": [
    {
      "path": "vendor/crossterm/Cargo.toml",
      "historical_sha256": "78b5e8b5cd6660067195979533e61d4b33c375c74613f24180efd94c86f7d295",
      "current_sha256": "78b5e8b5cd6660067195979533e61d4b33c375c74613f24180efd94c86f7d295",
      "excerpts": [
        {
          "historical_snapshot": "context/vendor__crossterm__Cargo.toml.L12-40.txt",
          "present_unchanged": true,
          "current_start_line": 12
        },
        {
          "historical_snapshot": "context/vendor__crossterm__Cargo.toml.L48-88.txt",
          "present_unchanged": true,
          "current_start_line": 48
        }
      ]
    },
    {
      "path": "vendor/crossterm/src/event.rs",
      "historical_sha256": "989c472a11a6b471e663e191fd64337593423de2aa4774344cb246fb975bbd42",
      "current_sha256": "989c472a11a6b471e663e191fd64337593423de2aa4774344cb246fb975bbd42",
      "excerpts": [
        {
          "historical_snapshot": "context/vendor__crossterm__src__event.rs.L145-166.txt",
          "present_unchanged": true,
          "current_start_line": 145
        }
      ]
    },
    {
      "path": "src/core.rs",
      "historical_sha256": "52311b129c0bb467abac36de216f5bc97bf3c4c42d03dcd6170a717339c2a869",
      "current_sha256": "52311b129c0bb467abac36de216f5bc97bf3c4c42d03dcd6170a717339c2a869",
      "excerpts": [
        {
          "historical_snapshot": "context/src__core.rs.L5727-5738.txt",
          "present_unchanged": true,
          "current_start_line": 5727
        }
      ]
    },
    {
      "path": "src/skills.rs",
      "historical_sha256": "a6d0a2f671febdef2e631ca53d2788ab869ab7b86db6c0cb1feaf24d128f83e8",
      "current_sha256": "a6d0a2f671febdef2e631ca53d2788ab869ab7b86db6c0cb1feaf24d128f83e8",
      "excerpts": [
        {
          "historical_snapshot": "context/src__skills.rs.L601-638.txt",
          "present_unchanged": true,
          "current_start_line": 601
        },
        {
          "historical_snapshot": "context/src__skills.rs.L710-730.txt",
          "present_unchanged": true,
          "current_start_line": 710
        }
      ]
    },
    {
      "path": "src/tui.rs",
      "historical_sha256": "19fcdd4d7cb98e45096bfb122300815738dd80734d671c7a7714002f6af4d339",
      "current_sha256": "e0e509e507c7c28e4e4ca24709a088c9cedf167c692cf62c3d9bc0ac3658f336",
      "excerpts": [
        {
          "historical_snapshot": "context/src__tui.rs.L1284-1300.txt",
          "present_unchanged": true,
          "current_start_line": 1294
        },
        {
          "historical_snapshot": "context/src__tui.rs.L12688-12748.txt",
          "present_unchanged": true,
          "current_start_line": 12740
        },
        {
          "historical_snapshot": "context/src__tui.rs.L12755-12772.txt",
          "present_unchanged": true,
          "current_start_line": 12807
        }
      ]
    },
    {
      "path": ".github/workflows/ci.yml",
      "historical_sha256": "b9e70ba448d157341e0069fcd9ad19eae8f0412aaf0b9e03bbd97b4f2ef59dbd",
      "current_sha256": "44c1d0964cd0c3504f028f3fa2dbcac89c8063ca895d039eba729dd64bc263c9",
      "excerpts": [
        {
          "historical_snapshot": "context/.github__workflows__ci.yml.L15-76.txt",
          "present_unchanged": false,
          "current_start_line": null
        }
      ]
    },
    {
      "path": ".github/workflows/release.yml",
      "historical_sha256": "caaf9eb891dc6636229ed9a07e3474d6f3a8823f6670d2a3b4d2954cce0d9cbd",
      "current_sha256": "caaf9eb891dc6636229ed9a07e3474d6f3a8823f6670d2a3b4d2954cce0d9cbd",
      "excerpts": [
        {
          "historical_snapshot": "context/.github__workflows__release.yml.L13-57.txt",
          "present_unchanged": true,
          "current_start_line": 13
        }
      ]
    },
    {
      "path": "tools/release.sh",
      "historical_sha256": "78b395354e9c404488d17e9c8dd4c1c9c30fcd65ec926e7c61e5eb51df521094",
      "current_sha256": "78b395354e9c404488d17e9c8dd4c1c9c30fcd65ec926e7c61e5eb51df521094",
      "excerpts": [
        {
          "historical_snapshot": "context/tools__release.sh.L1-49.txt",
          "present_unchanged": true,
          "current_start_line": 1
        }
      ]
    },
    {
      "path": "tools/bench_runtime.py",
      "historical_sha256": "ef6701f52659c78f58fb3f31adf87343c31b34229145f57acba2be05b1a9a52c",
      "current_sha256": "ef6701f52659c78f58fb3f31adf87343c31b34229145f57acba2be05b1a9a52c",
      "excerpts": [
        {
          "historical_snapshot": "context/tools__bench_runtime.py.L24-40.txt",
          "present_unchanged": true,
          "current_start_line": 24
        },
        {
          "historical_snapshot": "context/tools__bench_runtime.py.L130-139.txt",
          "present_unchanged": true,
          "current_start_line": 130
        },
        {
          "historical_snapshot": "context/tools__bench_runtime.py.L250-270.txt",
          "present_unchanged": true,
          "current_start_line": 250
        }
      ]
    },
    {
      "path": "Cargo.lock",
      "historical_sha256": "7311d1133e06e428707d9aa10c95c6a0c1efa983865472f6b5e24b640f4b1348",
      "current_sha256": "7311d1133e06e428707d9aa10c95c6a0c1efa983865472f6b5e24b640f4b1348",
      "excerpts": [
        {
          "historical_snapshot": "context/lock/base64.txt",
          "present_unchanged": true,
          "current_start_line": 41
        },
        {
          "historical_snapshot": "context/lock/crossterm.txt",
          "present_unchanged": true,
          "current_start_line": 204
        },
        {
          "historical_snapshot": "context/lock/httpdate.txt",
          "present_unchanged": true,
          "current_start_line": 487
        },
        {
          "historical_snapshot": "context/lock/ignore.txt",
          "present_unchanged": true,
          "current_start_line": 601
        },
        {
          "historical_snapshot": "context/lock/libc.txt",
          "present_unchanged": true,
          "current_start_line": 675
        },
        {
          "historical_snapshot": "context/lock/ratatui.txt",
          "present_unchanged": true,
          "current_start_line": 909
        },
        {
          "historical_snapshot": "context/lock/serde.txt",
          "present_unchanged": true,
          "current_start_line": 1105
        },
        {
          "historical_snapshot": "context/lock/serde_json.txt",
          "present_unchanged": true,
          "current_start_line": 1135
        },
        {
          "historical_snapshot": "context/lock/sha2.txt",
          "present_unchanged": true,
          "current_start_line": 1157
        },
        {
          "historical_snapshot": "context/lock/tempfile.txt",
          "present_unchanged": true,
          "current_start_line": 1295
        },
        {
          "historical_snapshot": "context/lock/thiserror.txt",
          "present_unchanged": true,
          "current_start_line": 1308
        },
        {
          "historical_snapshot": "context/lock/toml.txt",
          "present_unchanged": true,
          "current_start_line": 1370
        },
        {
          "historical_snapshot": "context/lock/unicode-segmentation.txt",
          "present_unchanged": true,
          "current_start_line": 1421
        },
        {
          "historical_snapshot": "context/lock/unicode-width.txt",
          "present_unchanged": true,
          "current_start_line": 1438
        },
        {
          "historical_snapshot": "context/lock/ureq.txt",
          "present_unchanged": true,
          "current_start_line": 1450
        },
        {
          "historical_snapshot": "context/lock/yaml_serde.txt",
          "present_unchanged": true,
          "current_start_line": 1674
        },
        {
          "historical_snapshot": "context/lock/zenpi.txt",
          "present_unchanged": true,
          "current_start_line": 1710
        }
      ]
    }
  ],
  "checked_at": "2026-09-12T12:33:27.467912+00:00"
}
