warning: unnecessary parentheses around closure body
  --> vendor/crossterm/src/terminal/sys/unix.rs:87:50
   |
87 |     let file = File::open("/dev/tty").map(|file| (FileDesc::Owned(file.into())));
   |                                                  ^                            ^
   |
   = note: `#[warn(unused_parens)]` (part of `#[warn(unused)]`) on by default
help: remove these parentheses
   |
87 -     let file = File::open("/dev/tty").map(|file| (FileDesc::Owned(file.into())));
87 +     let file = File::open("/dev/tty").map(|file| FileDesc::Owned(file.into()));
   |

warning: `crossterm` (lib) generated 1 warning (run `cargo fix --lib -p crossterm` to apply 1 suggestion)
   Compiling zenpi v0.1.0 (/Users/wangweiyang/GitHub/zenpi)
    Finished `test` profile [unoptimized + debuginfo] target(s) in 8.91s
     Running tests/render_markdown.rs (target/debug/deps/render_markdown-abdbbff601bc5f4f)

running 4 tests
test block_parser_preserves_code_and_separates_conversation_blocks ... ok
test renderer_caps_output_without_dropping_the_first_line ... ok
test identifiers_keep_literal_underscores_without_losing_emphasis ... ok
test renderer_is_safe_for_narrow_terminal_cells ... ok

test result: ok. 4 passed; 0 failed; 0 ignored; 0 measured; 0 filtered out; finished in 0.00s

     Running tests/tui_transcript_ux.rs (target/debug/deps/tui_transcript_ux-e6a9ce05a2386905)

running 16 tests
test clipboard_control_encoding_is_bounded_and_never_inlines_source_escape_sequences ... ok
test directory_picker_owns_transcript_shortcuts_until_closed ... ok
test actual_usage_is_visible_and_stale_usage_does_not_replace_current_job ... ok
test reasoning_is_independent_foldable_and_never_part_of_answer_copy ... ok
test block_browser_copies_code_payload_and_escape_preserves_draft ... ok
test reasoning_preference_survives_project_switch_and_checkpoint ... ok
test reading_anchor_survives_queue_eviction_and_project_switch ... ok
test scroll_anchor_stays_on_history_when_new_messages_arrive_and_end_resumes_following ... ok
test error_details_are_readable_in_scrollable_inspector_and_interrupt_still_works ... ok
test newest_reply_remains_visible_beyond_the_transcript_line_budget ... ok
test narrow_project_arrows_remain_visible_and_mouse_navigates_hidden_previous_tabs ... ok
test rolling_render_window_keeps_the_reading_position_when_new_rows_arrive ... ok
test clipped_history_has_a_visible_notice_and_latest_survives_narrow_resize ... ok
test single_message_tail_is_visible_for_plain_markdown_and_fenced_code ... ok
test wrapped_single_physical_line_and_narrow_reflow_retain_latest_payload ... ok
test single_stream_keeps_its_reading_anchor_across_tail_roll_and_budget_crossing ... ok

test result: ok. 16 passed; 0 failed; 0 ignored; 0 measured; 0 filtered out; finished in 1.07s

