warning: unnecessary parentheses around closure body
  --> vendor/crossterm/src/terminal/sys/unix.rs:87:50
   |
87 |     let file = File::open("/dev/tty").map(|file| (FileDesc::Owned(file.into())));
   |                                                  ^                            ^
   |
   = note: `#[warn(unused_parens)]` (part of `#[warn(unused)]`) on by default
help: remove these parentheses
   |
87 -     let file = File::open("/dev/tty").map(|file| (FileDesc::Owned(file.into())));
87 +     let file = File::open("/dev/tty").map(|file| FileDesc::Owned(file.into()));
   |

warning: `crossterm` (lib) generated 1 warning (run `cargo fix --lib -p crossterm` to apply 1 suggestion)
    Finished `test` profile [unoptimized + debuginfo] target(s) in 0.06s
     Running unittests src/lib.rs (target/debug/deps/zenpi-3ab8d8bb60969eba)

running 16 tests
test tui::tests::gantt_refresh_tracker_rejects_a_result_from_the_previous_session ... ok
test tui::tests::pending_shell_fifo_is_bounded_and_preserves_kind ... ok
test tui::tests::clearing_gantt_snapshot_hides_the_previous_session_immediately ... ok
test tui::tests::gantt_status_suffix_cannot_exceed_pane_row_or_byte_limits ... ok
test tui::tests::session_browser_cursor_is_bounded_and_resets_on_search ... ok
test tui::tests::canonical_approval_and_drop_events_are_visible ... ok
test tui::tests::canonical_view_events_project_into_tui_transcript_and_tool_rows ... ok
test tui::tests::user_shell_result_renders_nonzero_status_and_redacted_output ... ok
test tui::tests::pending_terminal_input_survives_async_submission_rejection ... ok
test tui::tests::live_tool_snapshots_replace_per_stream_and_reject_late_jobs ... ok
test tui::tests::provider_stream_overflow_is_visible_in_transcript ... ok
test tui::tests::session_browser_mouse_click_maps_rows_and_stays_bounded ... ok
test tui::tests::terminal_snapshot_bound_is_utf8_safe ... ok
test tui::tests::provider_event_buffer_enforces_bytes_and_resets_accounting ... ok
test tui::tests::normal_unicode_typing_reopens_file_completion_after_escape ... ok
test tui::tests::session_browser_periodic_refresh_keeps_path_and_project_search_ownership ... ok

test result: ok. 16 passed; 0 failed; 0 ignored; 0 measured; 97 filtered out; finished in 0.11s

