{
  "passed": true,
  "manifest_sha256": "492042afb6a11f28fb6527a4b709e800bd0d3fff247798e229c3637eeae90c4d",
  "artifacts": 56,
  "patch_sha256": "f6f1b9dd326f29d3d71df28aeacd63ec99a0d7daebef02a5af5f3a0e68c78421",
  "source_hashes": {
    "src/tui.rs": "2d3373d72fc5ad68b9e266824fe4c31c37db7b1c732927b4e38f4daecf8e53bd",
    "tests/tui_transcript_ux.rs": "26562ab62ebf73a8eae1fd951ac0a247eb4adb9fc8711e87a3fc55d0b5ebd5d7"
  },
  "operations": [
    {
      "phase": "forward_check",
      "exit_code": 0,
      "exact_bytes": true,
      "sentinel_preserved": true,
      "prerequisite_preserved": true
    },
    {
      "phase": "forward",
      "exit_code": 0,
      "exact_bytes": true,
      "sentinel_preserved": true,
      "prerequisite_preserved": true
    },
    {
      "phase": "reverse_check",
      "exit_code": 0,
      "exact_bytes": true,
      "sentinel_preserved": true,
      "prerequisite_preserved": true
    },
    {
      "phase": "reverse",
      "exit_code": 0,
      "exact_bytes": true,
      "sentinel_preserved": true,
      "prerequisite_preserved": true
    }
  ],
  "cargo_runs_by_verifier": 0,
  "full_context_test_assertions_verified": true,
  "master_accepted": false
}
