{
  "binary_sha256": "972e9cb6049353034941708a930705b9dcdc3bcc53aead4b2cd08f390bd2ecc5",
  "checks": {
    "history_search_cancel_restores_draft_without_request": true,
    "history_accept_then_explicit_submit": true,
    "history_browse_and_escape_keep_draft": true,
    "actual_grapheme_cursor_backspace_delete": true,
    "word_deletion_and_portable_multiline": true,
    "bracketed_paste_never_executes_shortcuts_or_commands": true,
    "independent_process_draft_and_history_restore": true,
    "scheduled_edit_cancel_revision_project_and_started_guard": true,
    "scheduled_actual_edited_shell_after_explicit_approval": true,
    "scheduled_restart_requires_explicit_retry_and_never_autoruns": true,
    "active_input_durable_receipts_edit_cancel_modes_and_boundary": true,
    "active_input_cross_project_and_attachment_rejections": true,
    "active_input_does_not_cancel_or_reissue_original_turn": true,
    "input_queue_independent_process_restore_no_automatic_resend": true,
    "terminal_restored": true
  },
  "request_count": 9,
  "passed": true
}
