    Checking libc v0.2.189
    Checking cfg-if v1.0.4
    Checking foldhash v0.2.0
    Checking equivalent v1.0.2
    Checking allocator-api2 v0.2.21
    Checking itoa v1.0.18
    Checking log v0.4.34
    Checking errno v0.3.14
    Checking bitflags v2.13.1
    Checking serde_core v1.0.229
    Checking hashbrown v0.17.1
    Checking memchr v2.8.3
    Checking ryu v1.0.23
    Checking either v1.18.0
   Compiling unicode-segmentation v1.13.3
   Compiling convert_case v0.10.0
    Checking itertools v0.14.0
    Checking thiserror v2.0.20
    Checking castaway v0.2.4
    Checking signal-hook-registry v1.4.8
    Checking hashbrown v0.16.1
    Checking zeroize v1.9.0
    Checking smallvec v1.16.0
    Checking static_assertions v1.1.0
    Checking scopeguard v1.2.0
    Checking typenum v1.20.1
    Checking unicode-width v0.2.2
    Checking unicode-truncate v2.0.1
    Checking generic-array v0.14.7
    Checking lock_api v0.4.14
    Checking compact_str v0.9.1
    Checking parking_lot_core v0.9.12
    Checking rustls-pki-types v1.15.1
    Checking kasuari v0.4.12
    Checking signal-hook v0.3.18
    Checking rustix v1.1.4
    Checking strum v0.28.0
   Compiling derive_more-impl v2.1.1
    Checking lru v0.18.4
    Checking mio v1.2.3
    Checking getrandom v0.2.17
    Checking untrusted v0.9.0
    Checking ring v0.17.14
    Checking signal-hook-mio v0.2.5
    Checking ratatui-core v0.1.2
    Checking derive_more v2.1.1
    Checking parking_lot v0.12.5
    Checking crossbeam-utils v0.8.23
    Checking aho-corasick v1.1.5
    Checking once_cell v1.21.4
    Checking bytes v1.12.1
    Checking regex-syntax v0.8.11
    Checking simd-adler32 v0.3.10
    Checking adler2 v2.0.1
    Checking miniz_oxide v0.9.1
    Checking regex-automata v0.4.18
    Checking http v1.5.0
    Checking serde v1.0.229
    Checking crossbeam-epoch v0.9.21
    Checking crossterm v0.29.0 (/Users/wangweiyang/GitHub/zenpi/.ops/stage1_execution/new132-integration/work/vendor/crossterm)
warning: unnecessary parentheses around closure body
  --> vendor/crossterm/src/terminal/sys/unix.rs:87:50
   |
87 |     let file = File::open("/dev/tty").map(|file| (FileDesc::Owned(file.into())));
   |                                                  ^                            ^
   |
   = note: `#[warn(unused_parens)]` (part of `#[warn(unused)]`) on by default
help: remove these parentheses
   |
87 -     let file = File::open("/dev/tty").map(|file| (FileDesc::Owned(file.into())));
87 +     let file = File::open("/dev/tty").map(|file| FileDesc::Owned(file.into()));
   |

warning: `crossterm` (lib) generated 1 warning (run `cargo clippy --fix --lib -p crossterm` to apply 1 suggestion)
    Checking zmij v1.0.23
    Checking rustls-webpki v0.103.15
    Checking crc32fast v1.5.1
    Checking httparse v1.10.1
    Checking block-buffer v0.10.4
    Checking crypto-common v0.1.7
    Checking bstr v1.13.1
    Checking line-clipping v0.3.8
    Checking winnow v1.0.4
    Checking same-file v1.0.6
    Checking base64 v0.23.1
    Checking subtle v2.6.1
    Checking rustls v0.23.43
    Checking ureq-proto v0.6.1
    Checking walkdir v2.5.0
    Checking toml_parser v1.1.3+spec-1.1.0
    Checking ratatui-widgets v0.3.2
    Checking globset v0.4.20
    Checking digest v0.10.7
    Checking flate2 v1.1.10
    Checking serde_json v1.0.151
    Checking ratatui-crossterm v0.1.2
    Checking crossbeam-deque v0.8.8
    Checking webpki-roots v1.0.9
    Checking indexmap v2.14.1
    Checking serde_spanned v1.1.1
    Checking toml_datetime v0.7.5+spec-1.1.0
    Checking cpufeatures v0.2.17
    Checking utf8-zero v0.8.1
    Checking winnow v0.7.15
    Checking libyaml-rs v0.3.0
    Checking percent-encoding v2.3.2
    Checking toml_writer v1.1.2+spec-1.1.0
    Checking toml v0.9.12+spec-1.1.0
    Checking ureq v3.4.0
    Checking yaml_serde v0.10.7
    Checking sha2 v0.10.9
    Checking ignore v0.4.33
    Checking ratatui v0.30.2
    Checking getrandom v0.4.3
    Checking fastrand v2.5.0
    Checking httpdate v1.0.3
    Checking tempfile v3.27.0
    Checking zenpi v0.1.0 (/Users/wangweiyang/GitHub/zenpi/.ops/stage1_execution/new132-integration/work)
    Finished `dev` profile [unoptimized + debuginfo] target(s) in 45.14s
