warning: unnecessary parentheses around closure body
  --> vendor/crossterm/src/terminal/sys/unix.rs:87:50
   |
87 |     let file = File::open("/dev/tty").map(|file| (FileDesc::Owned(file.into())));
   |                                                  ^                            ^
   |
   = note: `#[warn(unused_parens)]` (part of `#[warn(unused)]`) on by default
help: remove these parentheses
   |
87 -     let file = File::open("/dev/tty").map(|file| (FileDesc::Owned(file.into())));
87 +     let file = File::open("/dev/tty").map(|file| FileDesc::Owned(file.into()));
   |

warning: `crossterm` (lib) generated 1 warning (run `cargo fix --lib -p crossterm` to apply 1 suggestion)
   Compiling zenpi v0.1.0 (/Users/wangweiyang/GitHub/zenpi/.ops/stage1_execution/new132-integration/work)
    Finished `test` profile [unoptimized + debuginfo] target(s) in 35.13s
     Running tests/headless_project_workspace.rs (/Users/wangweiyang/GitHub/zenpi/.ops/stage1_execution/new132-integration/target/debug/deps/headless_project_workspace-0f8536dfd6d0456e)

running 12 tests
test project_envelope_preserves_strict_identity_and_action_parsing ... ok
test project_protocol_is_strict_versioned_bounded_and_owned ... ok
test shared_checkpoint_rejects_concurrent_stale_writer_and_corrupt_input_atomically ... ok
test typed_tree_mutation_runs_in_the_selected_project_owner ... ok
test resumed_journal_restores_as_the_real_agent_in_the_shared_project_pool ... ok
test cancelled_invalid_and_mismatched_requests_leave_selection_and_journal_unchanged ... ok
test tui_and_jsonl_share_the_checkpoint_and_actual_session_owner ... ok
test selected_project_bounds_inspection_resume_and_reopening_the_initial_tab ... ok
test project_controls_are_real_idempotent_and_restore_across_independent_hosts ... ok
test project_capacity_and_checkpoint_permission_failure_preserve_the_previous_owner ... ok
test rejected_resume_checkpoint_keeps_actual_owner_and_host_usable ... ok
test busy_switch_keeps_queued_owners_events_approval_and_tools_in_their_project ... ok

test result: ok. 12 passed; 0 failed; 0 ignored; 0 measured; 0 filtered out; finished in 1.55s

     Running tests/project_workspace.rs (/Users/wangweiyang/GitHub/zenpi/.ops/stage1_execution/new132-integration/target/debug/deps/project_workspace-4004c3e78f9d04f0)

running 7 tests
test last_tab_and_removed_directory_cannot_be_selected_or_restored ... ok
test checkpoint_roundtrip_preserves_stable_identity_and_selected_order ... ok
test invalid_checkpoint_is_rejected_atomically ... ok
test confirmation_prepares_a_directory_bound_candidate_without_mutating_current_state ... ok
test cancellation_errors_and_failed_host_preparation_leave_selection_and_checkpoint_unchanged ... ok
test duplicate_basenames_remain_distinct_and_aliases_reselect_existing_project ... ok
test bounded_tabs_allow_reselection_at_capacity_and_closing_preserves_active_identity ... ok

test result: ok. 7 passed; 0 failed; 0 ignored; 0 measured; 0 filtered out; finished in 0.02s

     Running tests/resume_compact_owner.rs (/Users/wangweiyang/GitHub/zenpi/.ops/stage1_execution/new132-integration/target/debug/deps/resume_compact_owner-d1b0f505d5153347)

running 6 tests
test resume_rejects_future_sequence_without_mutating_journal ... ok
test headless_resume_replays_durable_records_and_writes_marker ... ok
test tui_resume_restores_cleared_transcript_and_compact_reports_status ... ok
test headless_slash_resume_and_compact_are_real_owner_commands ... ok
test compact_checkpoint_is_durable_and_reconstructs_after_restart ... ok
test resume_projection_stays_bounded_and_exposes_a_continuation_cursor ... ok

test result: ok. 6 passed; 0 failed; 0 ignored; 0 measured; 0 filtered out; finished in 1.91s

     Running tests/session_new.rs (/Users/wangweiyang/GitHub/zenpi/.ops/stage1_execution/new132-integration/target/debug/deps/session_new-960bff5bb994ad0a)

running 11 tests
test bare_new_is_the_only_public_syntax_and_is_registered ... ok
test staged_attachment_is_not_dropped_or_moved_by_new ... ok
test durable_pending_input_and_unknown_operation_are_not_erased ... ok
test actual_directory_permission_failure_keeps_old_owner_usable ... ok
test old_port_cannot_acquire_the_new_sessions_running_turn ... ok
test failed_owner_checkpoint_preserves_old_session_and_removes_candidate ... ok
test exclusive_names_skip_existing_files_links_directories_and_stop_at_limit ... ok
test new_keeps_project_and_preferences_but_has_empty_history_and_durable_replay ... ok
test replaced_candidate_regular_link_and_directory_are_retained_without_switching ... FAILED
test running_request_rejects_new_without_cancelling_old_work_then_allows_retry ... ok
test actual_extension_preparation_jsonl_cancel_keeps_owner_and_old_port ... ok

failures:

---- replaced_candidate_regular_link_and_directory_are_retained_without_switching stdout ----
new_fixture_cold_executable_ms=824

thread 'replaced_candidate_regular_link_and_directory_are_retained_without_switching' (28623182) panicked at tests/session_new.rs:407:9:
gate never reached: /var/folders/zh/sdgyp1m967jc7703v5f9pzw40000gn/T/.tmp3i1j9n/extensions/gate/entered
note: run with `RUST_BACKTRACE=1` environment variable to display a backtrace


failures:
    replaced_candidate_regular_link_and_directory_are_retained_without_switching

test result: FAILED. 10 passed; 1 failed; 0 ignored; 0 measured; 0 filtered out; finished in 4.02s

error: test failed, to rerun pass `--test session_new`
