{
  "passed": true,
  "binary_sha256": "24721d51a33955057380e20126cbc569706ac17b82c3ce8c370a059a19674c77",
  "fixture_binary_sha256": "a1f5cd223783143cda5c568c342c549bac707a583166a801b32d2ba3d64733da",
  "checks": {
    "compiled_cli_selection_cancelled_before_commit": true,
    "original_leaf_and_tree_history_unchanged": true,
    "original_branch_transcript_retained_in_reopened_tui": true,
    "no_navigation_http_or_tool_effect": true,
    "subsequent_actual_http_uses_original_branch_and_tool_result": true,
    "actual_tool_executes_once": true,
    "terminal_restored": true
  },
  "tui_processes": 2,
  "cli_processes": 1,
  "http_requests": 5,
  "actual_tool_executions": 1,
  "original_leaf": "entry-3a59ac234bd9410b72cedc16dcb7df6aef09c6bb17d899de05e78755fa9bf8a0-1524",
  "cancelled_target": "entry-3a59ac234bd9410b72cedc16dcb7df6aef09c6bb17d899de05e78755fa9bf8a0-1501",
  "retained_transcript_messages": 11,
  "prior_transcript_messages": 11,
  "cancellation_boundary": "compiled JSONL tree select plus public target cancel; failed cancelled selection response; TUI before/after; internal projection phase not instrumented"
}
