warning: unnecessary parentheses around closure body
  --> vendor/crossterm/src/terminal/sys/unix.rs:87:50
   |
87 |     let file = File::open("/dev/tty").map(|file| (FileDesc::Owned(file.into())));
   |                                                  ^                            ^
   |
   = note: `#[warn(unused_parens)]` (part of `#[warn(unused)]`) on by default
help: remove these parentheses
   |
87 -     let file = File::open("/dev/tty").map(|file| (FileDesc::Owned(file.into())));
87 +     let file = File::open("/dev/tty").map(|file| FileDesc::Owned(file.into()));
   |

warning: `crossterm` (lib) generated 1 warning (run `cargo fix --lib -p crossterm` to apply 1 suggestion)
    Finished `test` profile [unoptimized + debuginfo] target(s) in 0.13s
     Running tests/config.rs (target/debug/deps/config-07b7fd1b9ac1235b)

running 15 tests
test effective_config_can_issue_policy_bound_secret_handle ... ok
test runtime_profile_is_a_validated_first_class_override ... ok
test non_utf8_visual_is_rejected_instead_of_using_editor ... ok
test editor_selection_has_no_invalid_visual_fallback_or_provider_configuration ... ok
test editor_argv_quotes_escapes_and_shell_syntax_are_literal ... ok
test editor_deadline_is_separate_bounded_and_never_forwarded ... ok
test editor_argument_and_environment_budgets_reject_without_truncation ... ok
test precedence_is_cli_then_env_then_file_then_defaults ... ok
test codex_import_ignores_unrelated_nested_credentials ... ok
test pairing_imports_codex_and_is_idempotent_without_leaking_key ... ok
test status_is_redacted_and_reports_auth_source ... ok
test named_profiles_select_list_and_revoke_without_touching_other_credentials ... ok
test config_doctor_fails_when_provider_is_not_ready_without_creating_state ... ok
test cli_import_honors_codex_home_as_the_profile_root ... ok
test config_cli_supports_profile_json_list_use_and_confirmed_revoke ... ok

test result: ok. 15 passed; 0 failed; 0 ignored; 0 measured; 0 filtered out; finished in 1.91s

     Running tests/layout_persistence.rs (target/debug/deps/layout_persistence-97e33ace7aaa3e8d)

running 7 tests
test layout_preferences_json_round_trip_is_bounded_and_deterministic ... ok
test invalid_state_is_rejected_without_replacing_a_valid_snapshot ... ok
test legacy_layout_model_is_migrated_to_default_profile ... ok
test corrupt_and_oversized_documents_fail_closed_without_mutation ... ok
test out_of_range_and_unknown_pane_values_are_rejected ... ok
test layout_symlink_is_rejected_for_read_write_and_reset ... ok
test profile_and_tab_states_round_trip_independently_and_reset_is_idempotent ... ok

test result: ok. 7 passed; 0 failed; 0 ignored; 0 measured; 0 filtered out; finished in 0.04s

     Running tests/stage1_input_host.rs (target/debug/deps/stage1_input_host-8357ce56818ce0e5)

running 25 tests
test acceptance101_sync_tui_probe ... ignored, PTY driver only; requires isolated root and fixture URL
test input_host_crash_probe ... ignored, separate-process crash-window helper
test predispatch_begin_marker_failure_returns_idle_without_losing_user_turn ... ok
test cancelling_a_ticket_does_not_cancel_provider_or_another_ticket ... ok
test predispatch_reservation_write_failure_releases_only_its_new_concurrency_slot ... ok
test predispatch_budget_failure_releases_scope_and_preserves_received_inputs ... ok
test projection_collision_fails_closed_before_new_user_admission_or_provider ... ok
test main_turn_cancel_preserves_received_follow_up_and_joins_parallel_tools ... ok
test cancelled_turn_rejects_late_tickets_before_new_turn_or_project_owner ... ok
test input_receipts_remain_responsive_during_tool_approval ... ok
test explicit_shutdown_can_cancel_after_admission_before_any_provider_delta ... ok
test strict_queue_and_shared_slash_controls_are_local_and_validate_before_mutation ... ok
test resume_replaces_input_port_identity_and_never_reactivates_old_session_handles ... ok
test shared_slash_queue_preserves_payload_bytes_for_multiline_edit_roundtrip ... ok
test parallel_batch_waits_for_every_result_before_steer_context ... ok
test all_mode_groups_each_lane_and_keeps_follow_ups_at_would_stop ... ok
test empty_prepare_poll_consumes_late_input_once_in_one_mode ... ok
test empty_prepare_poll_respects_all_mode ... ok
test nonempty_prepare_poll_keeps_late_input_for_later_model_turns ... ok
test nonempty_prepare_poll_freezes_even_all_mode ... ok
test serial_batch_receipts_edit_cancel_and_follow_up_use_real_owner ... ok
test headless_jsonl_and_slash_share_busy_queue_owner_without_cancelling_tools ... ok
test separate_process_received_applied_and_projection_crash_windows_recover_before_provider ... ok
test ticket_and_durable_queue_capacity_are_visible_without_eviction ... ok
test one_at_a_time_drains_full_follow_up_capacity_without_spending_tool_iterations ... ok

test result: ok. 23 passed; 0 failed; 2 ignored; 0 measured; 0 filtered out; finished in 2.53s

     Running tests/tui_bentobox.rs (target/debug/deps/tui_bentobox-0c7b7c0a8727a605)

running 16 tests
test ctrl_number_switches_workspace_tab_without_submitting_prompt ... ok
test adapter_translates_and_clips_model_rectangles ... ok
test disabled_optional_panes_are_not_rendered_or_allocated ... ok
test terminal_backtab_moves_workspace_focus_backwards ... ok
test tab_switch_keeps_independent_layout_state_and_dirty_bit ... ok
test restoring_tab_models_preserves_each_tab_and_clears_dirty_state ... ok
test workspace_keyboard_controls_focus_and_split_without_touching_prompt ... ok
test active_layout_edits_after_restore_replace_cached_project_layout ... ok
test production_workspace_renders_tabs_and_existing_transcript_prompt ... ok
test production_workspace_is_resize_safe_at_tiny_viewports ... ok
test production_resources_pane_renders_completed_snapshot ... ok
test gantt_refresh_failure_retains_last_valid_projection ... ok
test gantt_projection_truncates_maximal_valid_blueprint ... ok
test gantt_projection_does_not_create_a_missing_execution_store_and_stays_bounded ... ok
test production_gantt_pane_renders_bounded_domain_projection ... ok
test gantt_projection_annotates_each_item_with_latest_execution_status_and_attempt ... ok

test result: ok. 16 passed; 0 failed; 0 ignored; 0 measured; 0 filtered out; finished in 3.86s

     Running tests/tui_composer.rs (target/debug/deps/tui_composer-69c8fa2b8a92f5dd)

running 45 tests
test escape_keeps_draft_and_key_release_never_types_or_submits ... ok
test deliberate_tab_reopens_completion_after_a_literal_ordinary_burst ... ok
test ctrl_u_uses_fold_projection_instead_of_hidden_payload_newlines ... ok
test external_edit_changes_are_plain_exact_and_keep_kill_buffer_and_ids ... ok
test external_editor_shortcut_respects_focus_and_explicit_popup_dismissal ... ok
test external_edit_owner_revision_survives_unrelated_background_projection ... ok
test cross_boundary_combining_and_zwj_unfold_without_dropping_characters ... ok
test external_edit_rejects_explicit_project_roundtrip_and_checkpoint_restore ... ok
test folded_word_and_line_deletion_are_atomic_and_keep_literal_labels ... ok
test external_edit_revision_rejects_new_text_cursor_fold_history_and_project_instances ... ok
test adjacent_alt_enter_expands_only_that_fold_and_keeps_bytes ... ok
test ctrl_u_and_k_use_logical_lines_and_newlines_even_when_soft_wrapped ... ok
test corrupt_fold_metadata_restores_full_text_with_notice_and_legacy_compatibility ... ok
test grapheme_cursor_and_deletion_keep_combining_emoji_and_flags_whole ... ok
test history_navigation_restores_original_draft_and_cursor ... ok
test history_preview_cannot_leak_across_projects ... ok
test folded_projection_resize_and_visible_line_navigation_never_enter_hidden_lines ... ok
test history_project_and_checkpoint_preserve_unsent_folds_but_recall_full_text ... ok
test isolated_unicode_ime_followed_by_enter_submits_normally ... ok
test legacy_checkpoint_cursor_inside_combined_glyph_is_normalized ... ok
test kill_yank_is_single_nonempty_buffer_and_plain_deletion_does_not_replace_it ... ok
test large_paste_threshold_and_atomic_identity_keep_full_payload ... ok
test multiline_word_and_line_commands_keep_wide_columns ... ok
test ordinary_ascii_hold_flush_and_deliberate_enter_have_bounded_latency ... ok
test ordinary_multiline_burst_and_trailing_enter_never_submit_before_quiet_window ... ok
test ordinary_unicode_ime_is_immediate_and_modified_keys_flush_without_losing_text ... ok
test ordinary_burst_cancel_history_and_project_switch_preserve_the_correct_draft ... ok
test search_accept_never_submits_and_cancel_restores_persisted_draft ... ok
test scheduled_fifo_edit_cancel_and_revision_use_actual_project_bound_entries ... ok
test scheduled_restart_is_explicitly_unconfirmed_and_never_automatically_readmitted ... ok
test yank_combines_unicode_safely_and_paste_control_bytes_do_not_execute_it ... ok
test normalized_paste_batches_fold_but_normal_keys_never_do ... ok
test yank_buffer_survives_submission_slash_history_but_is_project_local_and_ephemeral ... ok
test fold_suppresses_hidden_completion_but_preserves_visible_file_suffix_completion ... ok
test yank_flushes_held_ascii_before_editing_without_new_paste_classification ... ok
test paste_is_literal_and_limit_failure_is_atomic ... ok
test kill_yank_restores_canonical_fold_payload_as_plain_text_without_reusing_ids ... ok
test interrupted_and_live_scheduled_jobs_share_one_byte_budget ... ok
test ordinary_burst_is_bounded_and_rejects_overflow_without_partial_insertion ... ok
test text_only_input_owner_never_silently_loses_file_attachments ... ok
test actual_owner_receipts_drive_queue_menu_and_lossless_edits ... ok
test maximum_size_single_word_navigation_is_bounded_and_complete ... ok
test external_edit_noop_cancel_empty_and_capacity_failure_are_atomic ... ok
test folded_payload_counts_toward_input_and_pretty_checkpoint_budgets ... ok
test yank_input_and_pretty_checkpoint_rejections_preserve_full_buffer_and_draft ... ok

test result: ok. 45 passed; 0 failed; 0 ignored; 0 measured; 0 filtered out; finished in 0.48s

