{
  "mode": "run",
  "binary": "/Users/wangweiyang/GitHub/zenpi/.ops/stage1_execution/async-session-browser-integration/zenpi",
  "binary_sha256": "86810a096d7a2f18c55f1b80eb5a25cd51bbb3b02cc6a2762d08b0eea1e33457",
  "steps": [
    "list",
    "selection",
    "search-failure",
    "project"
  ],
  "real_pty_executed": true,
  "checks": {
    "list": "owner pane and global text receipt remain distinct; filter cleared",
    "selection": "Down selects C; insertion before it preserves C; Enter opens C path",
    "search-failure": "real invalid journal-directory entry; error visible, old rows/selection kept",
    "project": {
      "status": "entry-regression-observed",
      "scan_overlap": "UNPROVEN",
      "query_submitted_at": 9.812838291,
      "switch_submitted_at": 10.453266708,
      "claim": "D owner/query projection intact; no late query receipt observed",
      "limitation": "No public scan-start barrier; cannot claim forced stale-result race or parallel responsiveness"
    },
    "exit": "normal /quit restored alternate screen and original slave termios"
  },
  "status": "passed",
  "gate_126_accepted": false,
  "gate_085_accepted": false,
  "preflight": {
    "help_parameters": true,
    "installed_decoder_accepts_fixture": true
  },
  "provider_operations": []
}
