warning: unnecessary parentheses around closure body
  --> vendor/crossterm/src/terminal/sys/unix.rs:87:50
   |
87 |     let file = File::open("/dev/tty").map(|file| (FileDesc::Owned(file.into())));
   |                                                  ^                            ^
   |
   = note: `#[warn(unused_parens)]` (part of `#[warn(unused)]`) on by default
help: remove these parentheses
   |
87 -     let file = File::open("/dev/tty").map(|file| (FileDesc::Owned(file.into())));
87 +     let file = File::open("/dev/tty").map(|file| FileDesc::Owned(file.into()));
   |

warning: `crossterm` (lib) generated 1 warning (run `cargo fix --lib -p crossterm` to apply 1 suggestion)
   Compiling zenpi v0.1.0 (/Users/wangweiyang/GitHub/zenpi)
    Finished `test` profile [unoptimized + debuginfo] target(s) in 15.08s
     Running tests/headless_project_workspace.rs (target/debug/deps/headless_project_workspace-0f8536dfd6d0456e)

running 12 tests
test project_envelope_preserves_strict_identity_and_action_parsing ... ok
test project_protocol_is_strict_versioned_bounded_and_owned ... ok
test shared_checkpoint_rejects_concurrent_stale_writer_and_corrupt_input_atomically ... ok
test typed_tree_mutation_runs_in_the_selected_project_owner ... ok
test tui_and_jsonl_share_the_checkpoint_and_actual_session_owner ... ok
test cancelled_invalid_and_mismatched_requests_leave_selection_and_journal_unchanged ... ok
test resumed_journal_restores_as_the_real_agent_in_the_shared_project_pool ... ok
test selected_project_bounds_inspection_resume_and_reopening_the_initial_tab ... ok
test project_controls_are_real_idempotent_and_restore_across_independent_hosts ... ok
test project_capacity_and_checkpoint_permission_failure_preserve_the_previous_owner ... ok
test rejected_resume_checkpoint_keeps_actual_owner_and_host_usable ... ok
test busy_switch_keeps_queued_owners_events_approval_and_tools_in_their_project ... ok

test result: ok. 12 passed; 0 failed; 0 ignored; 0 measured; 0 filtered out; finished in 1.61s

     Running tests/tui_project_workspace.rs (target/debug/deps/tui_project_workspace-1eed673f1bf434ae)

running 11 tests
test display_only_ticks_do_not_schedule_project_writes_but_layout_changes_do ... ok
test asynchronous_transcript_mutations_schedule_checkpoints_without_keyboard_input ... ok
test session_workspace_mismatch_does_not_rewrite_existing_journal ... ok
test topmost_plus_opens_picker_and_cancel_never_creates_a_tab_or_changes_draft ... ok
test canonical_project_checkpoint_restores_session_projection_without_feature_tabs ... ok
test invalid_project_config_is_rejected_before_creating_session_or_mutating_visible_owner ... ok
test switching_while_original_owner_is_locked_preserves_drafts_layout_and_owner ... ok
test stale_resume_writer_and_busy_owner_leave_the_tui_checkpoint_unchanged ... ok
test restart_restores_selected_runtime_and_drafts_without_reusing_startup_owner ... ok
test shared_resume_checkpoint_failure_preserves_actual_owner_draft_layout_and_metadata ... ok
test picker_confirmation_and_real_tools_bind_two_equal_basename_directories ... ok

test result: ok. 11 passed; 0 failed; 0 ignored; 0 measured; 0 filtered out; finished in 0.57s

     Running tests/tui_transcript_ux.rs (target/debug/deps/tui_transcript_ux-e6a9ce05a2386905)

running 16 tests
test clipboard_control_encoding_is_bounded_and_never_inlines_source_escape_sequences ... ok
test actual_usage_is_visible_and_stale_usage_does_not_replace_current_job ... ok
test block_browser_copies_code_payload_and_escape_preserves_draft ... ok
test directory_picker_owns_transcript_shortcuts_until_closed ... ok
test reasoning_is_independent_foldable_and_never_part_of_answer_copy ... ok
test reasoning_preference_survives_project_switch_and_checkpoint ... ok
test scroll_anchor_stays_on_history_when_new_messages_arrive_and_end_resumes_following ... ok
test reading_anchor_survives_queue_eviction_and_project_switch ... ok
test error_details_are_readable_in_scrollable_inspector_and_interrupt_still_works ... ok
test newest_reply_remains_visible_beyond_the_transcript_line_budget ... ok
test narrow_project_arrows_remain_visible_and_mouse_navigates_hidden_previous_tabs ... ok
test rolling_render_window_keeps_the_reading_position_when_new_rows_arrive ... ok
test clipped_history_has_a_visible_notice_and_latest_survives_narrow_resize ... ok
test single_message_tail_is_visible_for_plain_markdown_and_fenced_code ... ok
test wrapped_single_physical_line_and_narrow_reflow_retain_latest_payload ... ok
test single_stream_keeps_its_reading_anchor_across_tail_roll_and_budget_crossing ... ok

test result: ok. 16 passed; 0 failed; 0 ignored; 0 measured; 0 filtered out; finished in 1.06s

