warning: unnecessary parentheses around closure body
  --> vendor/crossterm/src/terminal/sys/unix.rs:87:50
   |
87 |     let file = File::open("/dev/tty").map(|file| (FileDesc::Owned(file.into())));
   |                                                  ^                            ^
   |
   = note: `#[warn(unused_parens)]` (part of `#[warn(unused)]`) on by default
help: remove these parentheses
   |
87 -     let file = File::open("/dev/tty").map(|file| (FileDesc::Owned(file.into())));
87 +     let file = File::open("/dev/tty").map(|file| FileDesc::Owned(file.into()));
   |

warning: `crossterm` (lib) generated 1 warning (run `cargo fix --lib -p crossterm` to apply 1 suggestion)
   Compiling zenpi v0.1.0 (/Users/wangweiyang/GitHub/zenpi)
    Finished `test` profile [unoptimized + debuginfo] target(s) in 16.67s
     Running unittests src/lib.rs (target/debug/deps/zenpi-3ab8d8bb60969eba)

running 29 tests
test tui::tests::clearing_gantt_snapshot_hides_the_previous_session_immediately ... ok
test tui::tests::canonical_view_events_project_into_tui_transcript_and_tool_rows ... ok
test tui::tests::canonical_approval_and_drop_events_are_visible ... ok
test tui::tests::gantt_refresh_tracker_rejects_a_result_from_the_previous_session ... ok
test tui::tests::gantt_status_suffix_cannot_exceed_pane_row_or_byte_limits ... ok
test tui::tests::pending_shell_fifo_is_bounded_and_preserves_kind ... ok
test tui::normalized_scheduled_shell_rejection_restores_the_exact_original_fold ... ok
test tui::identical_async_control_receipts_restore_their_bound_snapshot_and_keep_newer_draft ... ok
test tui::rejected_paste_restores_metadata_without_overriding_new_terminal_input ... ok
test tui::tests::live_tool_snapshots_replace_per_stream_and_reject_late_jobs ... ok
test tui::accepted_shell_queue_owns_original_bytes_through_pop_cancel_and_edit ... ok
test tui::identical_scheduled_payloads_keep_metadata_on_their_actual_queue_identity ... ok
test tui::accepted_shell_queue_budget_counts_original_whitespace_and_marker ... ok

thread 'zenpi-session-browser' (29078559) panicked at src/tui.rs:15174:13:
injected scanner panic
note: run with `RUST_BACKTRACE=1` environment variable to display a backtrace
test tui::tests::pending_terminal_input_survives_async_submission_rejection ... ok
test tui::tests::session_browser_cursor_is_bounded_and_resets_on_search ... ok
test tui::tests::provider_stream_overflow_is_visible_in_transcript ... ok
test tui::resource_source_index_precedes_oversize_unicode_descriptions ... ok
ASYNC barrier-held drain20+key+resize+render_us=3327
test tui::tests::session_browser_mouse_click_maps_rows_and_stays_bounded ... ok
test tui::tests::provider_event_buffer_enforces_bytes_and_resets_accounting ... ok
test tui::tests::normal_unicode_typing_reopens_file_completion_after_escape ... ok
test tui::tests::user_shell_result_renders_nonzero_status_and_redacted_output ... ok
test tui::async_session_browser_tests::session_browser_one_active_one_latest_rejects_same_query_old_generation ... ok
test tui::async_session_browser_tests::session_browser_closed_worker_restores_latest_receipt_without_overwriting_new_draft ... ok
test tui::tests::terminal_snapshot_bound_is_utf8_safe ... ok
test tui::async_session_browser_tests::session_browser_barrier_keeps_real_drain_keys_resize_and_render_reachable ... ok
test tui::async_session_browser_tests::session_browser_list_keeps_global_receipt_separate_and_clears_local_filter ... ok
test tui::tests::session_browser_periodic_refresh_keeps_path_and_project_search_ownership ... ok
test tui::async_session_browser_tests::session_browser_stale_scope_rejects_project_path_session_and_query ... ok
test tui::async_session_browser_tests::session_browser_async_selection_queries_empty_and_failed_refresh ... ok

test result: ok. 29 passed; 0 failed; 0 ignored; 0 measured; 90 filtered out; finished in 0.20s

