warning: unnecessary parentheses around closure body
  --> vendor/crossterm/src/terminal/sys/unix.rs:87:50
   |
87 |     let file = File::open("/dev/tty").map(|file| (FileDesc::Owned(file.into())));
   |                                                  ^                            ^
   |
   = note: `#[warn(unused_parens)]` (part of `#[warn(unused)]`) on by default
help: remove these parentheses
   |
87 -     let file = File::open("/dev/tty").map(|file| (FileDesc::Owned(file.into())));
87 +     let file = File::open("/dev/tty").map(|file| FileDesc::Owned(file.into()));
   |

warning: `crossterm` (lib) generated 1 warning (run `cargo fix --lib -p crossterm` to apply 1 suggestion)
   Compiling zenpi v0.1.0 (/Users/wangweiyang/GitHub/zenpi)
    Finished `test` profile [unoptimized + debuginfo] target(s) in 22.15s
     Running tests/headless_project_workspace.rs (target/debug/deps/headless_project_workspace-0f8536dfd6d0456e)

running 13 tests
test busy_diff_uses_selected_project_through_new_replay_switch_and_cancel ... ok
test busy_switch_keeps_queued_owners_events_approval_and_tools_in_their_project ... ok
test cancelled_invalid_and_mismatched_requests_leave_selection_and_journal_unchanged ... ok
test project_capacity_and_checkpoint_permission_failure_preserve_the_previous_owner ... ok
test project_controls_are_real_idempotent_and_restore_across_independent_hosts ... ok
test project_envelope_preserves_strict_identity_and_action_parsing ... ok
test project_protocol_is_strict_versioned_bounded_and_owned ... ok
test rejected_resume_checkpoint_keeps_actual_owner_and_host_usable ... ok
test resumed_journal_restores_as_the_real_agent_in_the_shared_project_pool ... ok
test selected_project_bounds_inspection_resume_and_reopening_the_initial_tab ... ok
test shared_checkpoint_rejects_concurrent_stale_writer_and_corrupt_input_atomically ... ok
test tui_and_jsonl_share_the_checkpoint_and_actual_session_owner ... ok
test typed_tree_mutation_runs_in_the_selected_project_owner ... ok

test result: ok. 13 passed; 0 failed; 0 ignored; 0 measured; 0 filtered out; finished in 3.73s

     Running tests/layout_persistence.rs (target/debug/deps/layout_persistence-97e33ace7aaa3e8d)

running 7 tests
test corrupt_and_oversized_documents_fail_closed_without_mutation ... ok
test invalid_state_is_rejected_without_replacing_a_valid_snapshot ... ok
test layout_preferences_json_round_trip_is_bounded_and_deterministic ... ok
test layout_symlink_is_rejected_for_read_write_and_reset ... ok
test legacy_layout_model_is_migrated_to_default_profile ... ok
test out_of_range_and_unknown_pane_values_are_rejected ... ok
test profile_and_tab_states_round_trip_independently_and_reset_is_idempotent ... ok

test result: ok. 7 passed; 0 failed; 0 ignored; 0 measured; 0 filtered out; finished in 0.07s

     Running tests/slash_actions.rs (target/debug/deps/slash_actions-fc6ced42d706b543)

running 11 tests
test attach_owner_stages_reference_and_consumes_it_on_next_turn ... ok
test attachment_constructor_rejects_oversized_files ... ok
test diff_owner_marks_binary_files_without_emitting_text ... ok
test diff_owner_marks_process_output_truncated_instead_of_failing ... ok
test diff_owner_redacts_credentials_in_patch_and_status ... ok
test diff_owner_rejects_escape_and_symlink_paths ... ok
test diff_owner_reports_tracked_and_untracked_changes_with_bounds ... ok
test diff_owner_supports_a_new_repository_without_head ... ok
test headless_slash_owner_actions_are_usable_before_a_prompt ... ok
test staged_attachment_is_carried_into_a_cancel_reissue_turn ... ok
test tui_diff_owner_keeps_hunks_as_multiline_transcript_text ... ok

test result: ok. 11 passed; 0 failed; 0 ignored; 0 measured; 0 filtered out; finished in 1.00s

     Running tests/tui_bentobox.rs (target/debug/deps/tui_bentobox-0c7b7c0a8727a605)

running 16 tests
test active_layout_edits_after_restore_replace_cached_project_layout ... ok
test adapter_translates_and_clips_model_rectangles ... ok
test ctrl_number_switches_workspace_tab_without_submitting_prompt ... ok
test disabled_optional_panes_are_not_rendered_or_allocated ... ok
test gantt_projection_annotates_each_item_with_latest_execution_status_and_attempt ... ok
test gantt_projection_does_not_create_a_missing_execution_store_and_stays_bounded ... ok
test gantt_projection_truncates_maximal_valid_blueprint ... ok
test gantt_refresh_failure_retains_last_valid_projection ... ok
test production_gantt_pane_renders_bounded_domain_projection ... ok
test production_resources_pane_renders_completed_snapshot ... ok
test production_workspace_is_resize_safe_at_tiny_viewports ... ok
test production_workspace_renders_tabs_and_existing_transcript_prompt ... ok
test restoring_tab_models_preserves_each_tab_and_clears_dirty_state ... ok
test tab_switch_keeps_independent_layout_state_and_dirty_bit ... ok
test terminal_backtab_moves_workspace_focus_backwards ... ok
test workspace_keyboard_controls_focus_and_split_without_touching_prompt ... ok

test result: ok. 16 passed; 0 failed; 0 ignored; 0 measured; 0 filtered out; finished in 0.36s

     Running tests/tui_busy_diff.rs (target/debug/deps/tui_busy_diff-da6a08fc9429355a)

running 3 tests
test busy_palette_keeps_local_diff_and_review_available ... ok
test local_diff_rejects_parent_escape_without_changing_project_or_draft ... ok
test unborrowed_agent_diff_stays_in_selected_project_and_preserves_draft ... ok

test result: ok. 3 passed; 0 failed; 0 ignored; 0 measured; 0 filtered out; finished in 0.17s

     Running tests/tui_command_palette.rs (target/debug/deps/tui_command_palette-3f54e17146f78ec8)

running 17 tests
test actual_model_registry_and_effort_setter_drive_project_menu ... ok
test bare_approval_selectors_defer_owner_changes_until_explicit_submit ... ok
test busy_palette_declares_idle_commands_and_queueable_resources ... ok
test catalog_contains_actual_explicit_resources_and_source_but_not_bodies ... ok
test completion_result_and_path_limits_remain_bounded ... ok
test file_completion_is_cwd_bound_quoted_and_stale_query_safe ... ok
test idle_queue_refresh_preserves_the_painted_keyboard_selection ... ok
test long_unicode_provenance_keeps_filename_hash_and_real_source ... ok
test model_catalog_arrival_requests_a_paint_without_idle_queue_updates ... ok
test project_catalogue_isolated_and_escape_keeps_literal_input ... ok
test queue_changes_keep_unrelated_selection_and_require_paint_for_changed_choices ... ok
test reasoning_menu_intersects_wire_capability_and_registry ... ok
test selected_source_after_sixteenth_resource_is_complete_without_body_or_draft_change ... ok
test session_search_and_selection_survive_idle_owner_refresh ... ok
test slash_paths_and_negative_boundaries_do_not_mutate_draft ... ok
test source_inspection_rejects_stale_or_missing_owner_metadata ... ok
test tab_selects_the_visible_highlight_without_guessing_an_unpainted_menu ... ok

test result: ok. 17 passed; 0 failed; 0 ignored; 0 measured; 0 filtered out; finished in 0.39s

     Running tests/tui_project_workspace.rs (target/debug/deps/tui_project_workspace-1eed673f1bf434ae)

running 11 tests
test asynchronous_transcript_mutations_schedule_checkpoints_without_keyboard_input ... ok
test canonical_project_checkpoint_restores_session_projection_without_feature_tabs ... ok
test display_only_ticks_do_not_schedule_project_writes_but_layout_changes_do ... ok
test invalid_project_config_is_rejected_before_creating_session_or_mutating_visible_owner ... ok
test picker_confirmation_and_real_tools_bind_two_equal_basename_directories ... ok
test restart_restores_selected_runtime_and_drafts_without_reusing_startup_owner ... ok
test session_workspace_mismatch_does_not_rewrite_existing_journal ... ok
test shared_resume_checkpoint_failure_preserves_actual_owner_draft_layout_and_metadata ... ok
test stale_resume_writer_and_busy_owner_leave_the_tui_checkpoint_unchanged ... ok
test switching_while_original_owner_is_locked_preserves_drafts_layout_and_owner ... ok
test topmost_plus_opens_picker_and_cancel_never_creates_a_tab_or_changes_draft ... ok

test result: ok. 11 passed; 0 failed; 0 ignored; 0 measured; 0 filtered out; finished in 0.66s

