warning: unnecessary parentheses around closure body
  --> vendor/crossterm/src/terminal/sys/unix.rs:87:50
   |
87 |     let file = File::open("/dev/tty").map(|file| (FileDesc::Owned(file.into())));
   |                                                  ^                            ^
   |
   = note: `#[warn(unused_parens)]` (part of `#[warn(unused)]`) on by default
help: remove these parentheses
   |
87 -     let file = File::open("/dev/tty").map(|file| (FileDesc::Owned(file.into())));
87 +     let file = File::open("/dev/tty").map(|file| FileDesc::Owned(file.into()));
   |

warning: `crossterm` (lib) generated 1 warning (run `cargo fix --lib -p crossterm` to apply 1 suggestion)
    Finished `test` profile [unoptimized + debuginfo] target(s) in 0.06s
     Running unittests src/lib.rs (target/debug/deps/zenpi-3ab8d8bb60969eba)

running 5 tests
test tui::local_diff_host_tests::cancellation_blocks_late_success_and_single_slot_rejects_second_command ... ok
test tui::local_diff_host_tests::late_result_stays_in_original_project_and_preserves_both_drafts_layouts ... ok
test tui::local_diff_host_tests::missing_context_never_falls_back_and_failure_keeps_newer_draft ... ok
test tui::local_diff_host_tests::session_replacement_discards_a_completed_old_receipt ... ok
test tui::local_diff_host_tests::worker_shutdown_signals_cancel_and_joins_without_detachment ... ok

test result: ok. 5 passed; 0 failed; 0 ignored; 0 measured; 138 filtered out; finished in 0.02s

