warning: unnecessary parentheses around closure body
  --> vendor/crossterm/src/terminal/sys/unix.rs:87:50
   |
87 |     let file = File::open("/dev/tty").map(|file| (FileDesc::Owned(file.into())));
   |                                                  ^                            ^
   |
   = note: `#[warn(unused_parens)]` (part of `#[warn(unused)]`) on by default
help: remove these parentheses
   |
87 -     let file = File::open("/dev/tty").map(|file| (FileDesc::Owned(file.into())));
87 +     let file = File::open("/dev/tty").map(|file| FileDesc::Owned(file.into()));
   |

warning: `crossterm` (lib) generated 1 warning (run `cargo fix --lib -p crossterm` to apply 1 suggestion)
   Compiling zenpi v0.1.0 (/Users/wangweiyang/GitHub/zenpi)
    Finished `test` profile [unoptimized + debuginfo] target(s) in 3.37s
     Running unittests src/lib.rs (target/debug/deps/zenpi-3ab8d8bb60969eba)

running 24 tests
test slash_actions::attachment_identity_tests::attachment_path_and_file_limits_remain_enforced ... ok
test slash_actions::attachment_identity_tests::attachment_symlink_components_remain_denied ... ok
test slash_actions::attachment_identity_tests::literal_backslash_and_directory_attachment_keep_distinct_identities ... ok
test slash_actions::attachment_identity_tests::literal_backslash_attachment_needs_no_directory_counterpart ... ok
test slash_actions::attachment_identity_tests::normalized_relative_attachment_remains_a_native_path ... ok
test slash_actions::diff_cancel_tests::cancel_before_path_read_never_uses_the_filesystem ... ok
test slash_actions::diff_cancel_tests::controlled_and_original_diff_keep_the_same_path_and_output_contract ... ok
test slash_actions::diff_cancel_tests::controlled_status_preserves_the_truncation_warning ... ok
test slash_actions::diff_cancel_tests::deadline_and_output_cap_reap_the_child ... ok
test slash_actions::diff_cancel_tests::stalled_stdout_and_closed_stdout_child_are_cancelled_and_reaped ... ok
test slash_actions::diff_identity_tests::bracket_filename_is_not_a_git_glob ... ok
test slash_actions::diff_identity_tests::decoded_untracked_paths_keep_control_and_symlink_restrictions ... ok
test slash_actions::diff_identity_tests::deleted_backslash_file_does_not_select_existing_neighbor ... ok
test slash_actions::diff_identity_tests::entirely_new_directories_have_bounded_literal_file_diffs ... ok
test slash_actions::diff_identity_tests::inherited_git_pathspec_modes_do_not_break_literal_diff ... ok
test slash_actions::diff_identity_tests::leading_option_filename_is_a_file_in_both_git_modes ... ok
test slash_actions::diff_identity_tests::literal_directory_scope_and_untracked_prefix_bound_remain_intact ... ok
test slash_actions::diff_identity_tests::magic_filename_is_not_a_git_pathspec_directive ... ok
test slash_actions::diff_identity_tests::porcelain_path_decoding_covers_all_octal_bytes_without_lossy_identity ... ok
test slash_actions::diff_identity_tests::quoted_untracked_paths_are_reviewed_without_changing_status_text ... ok
test slash_actions::diff_identity_tests::tracked_backslash_diff_reads_only_selected_file ... ok
test slash_actions::diff_identity_tests::unborn_head_preserves_native_paths_before_and_after_worktree_edits ... ok
test slash_actions::diff_identity_tests::unborn_mixed_changes_use_one_empty_tree_baseline ... ok
test slash_actions::diff_identity_tests::untracked_backslash_diff_reads_only_selected_file ... ok

test result: ok. 24 passed; 0 failed; 0 ignored; 0 measured; 119 filtered out; finished in 7.23s

