warning: unnecessary parentheses around closure body
  --> vendor/crossterm/src/terminal/sys/unix.rs:87:50
   |
87 |     let file = File::open("/dev/tty").map(|file| (FileDesc::Owned(file.into())));
   |                                                  ^                            ^
   |
   = note: `#[warn(unused_parens)]` (part of `#[warn(unused)]`) on by default
help: remove these parentheses
   |
87 -     let file = File::open("/dev/tty").map(|file| (FileDesc::Owned(file.into())));
87 +     let file = File::open("/dev/tty").map(|file| FileDesc::Owned(file.into()));
   |

warning: `crossterm` (lib) generated 1 warning (run `cargo fix --lib -p crossterm` to apply 1 suggestion)
   Compiling zenpi v0.1.0 (/Users/wangweiyang/GitHub/zenpi)
    Finished `test` profile [unoptimized + debuginfo] target(s) in 23.94s
     Running unittests src/lib.rs (target/debug/deps/zenpi-3ab8d8bb60969eba)

running 1 test
test slash_actions::diff_cancel_tests::controlled_status_preserves_the_truncation_warning ... FAILED

failures:

---- slash_actions::diff_cancel_tests::controlled_status_preserves_the_truncation_warning stdout ----

thread 'slash_actions::diff_cancel_tests::controlled_status_preserves_the_truncation_warning' (30143606) panicked at src/slash_actions.rs:1955:9:
controlled status silently omitted its truncation warning
note: run with `RUST_BACKTRACE=1` environment variable to display a backtrace


failures:
    slash_actions::diff_cancel_tests::controlled_status_preserves_the_truncation_warning

test result: FAILED. 0 passed; 1 failed; 0 ignored; 0 measured; 142 filtered out; finished in 1.41s

error: test failed, to rerun pass `--lib`
