warning: unnecessary parentheses around closure body
  --> vendor/crossterm/src/terminal/sys/unix.rs:87:50
   |
87 |     let file = File::open("/dev/tty").map(|file| (FileDesc::Owned(file.into())));
   |                                                  ^                            ^
   |
   = note: `#[warn(unused_parens)]` (part of `#[warn(unused)]`) on by default
help: remove these parentheses
   |
87 -     let file = File::open("/dev/tty").map(|file| (FileDesc::Owned(file.into())));
87 +     let file = File::open("/dev/tty").map(|file| FileDesc::Owned(file.into()));
   |

warning: `crossterm` (lib) generated 1 warning (run `cargo fix --lib -p crossterm` to apply 1 suggestion)
   Compiling zenpi v0.1.0 (/Users/wangweiyang/GitHub/zenpi)
    Finished `test` profile [unoptimized + debuginfo] target(s) in 26.90s
     Running tests/runtime.rs (.ops/stage1_execution/new132-integration/target/debug/deps/runtime-b239b32bda526fab)

running 12 tests
test shutdown_and_join_is_safe_after_closed_event_was_consumed ... ok
test shutdown_and_join_drains_saturated_command_and_event_queues ... ok
test owned_shutdown_joins_the_active_job_before_returning ... ok
test shutdown_emits_active_terminal_before_queued_cancellation ... ok
test shutdown_cancels_active_job_and_closes_after_terminal_result ... ok
test late_cancellation_after_completion_marker_preserves_success ... ok
test bounded_shutdown_detaches_a_noncooperative_job ... ok
test panicking_job_still_reaches_a_terminal_event_and_runner_survives ... ok
test pending_follow_up_is_fifo_and_cancellation_is_cooperative ... ok
test pending_queue_is_bounded_and_rejection_is_explicit ... ok
test work_runs_off_thread_and_emits_a_terminal_result ... ok
test agent_adapter_keeps_session_state_across_background_jobs ... ok

test result: ok. 12 passed; 0 failed; 0 ignored; 0 measured; 0 filtered out; finished in 0.08s

