
 RUN  v4.1.9 /Users/wangweiyang/GitHub/zenpi/.ops/stage1_execution/source012-integration/work

 ✓ probe.test.ts > whole-turn and split-turn budget sweep preserves well-formed parallel tool pairs in each partition 11ms
 ✓ probe.test.ts > source boundary: malformed orphan results and unresolved tool calls are not rejected 1ms
 ✓ probe.test.ts > metadata and branch-summary cut boundaries differ from message token accounting 0ms
 ✓ probe.test.ts > iterative preparation retains exact message references, previous summary and filtered file facts 3ms
 ✓ probe.test.ts > sequential history-prefix requests preserve options, sum usage and stop on second failure 1ms
 ✓ probe.test.ts > source response validation: length, empty and tool-call summaries succeed; thrown errors escape 1ms
 ✓ probe.test.ts > actual AbortSignal propagates; cooperative request aborts, ignored abort can still return success 1ms
 ✓ probe.test.ts > real retry implementation: transient retries, quota stops, abort during backoff stops retry 2ms
 ✓ probe.test.ts > summary request options force context signal, telemetry and no-cache while retaining explicit routing 0ms
 ✓ probe.test.ts > serialization boundary truncates tool data and omits image/hidden shell content; files remain call-derived 0ms
 ✓ probe.test.ts > branch boundary: collection uses injected session reader, not persistence; excludes common and target sides 0ms
 ✓ probe.test.ts > branch summary budget and generation differ: tool results omitted, metadata can survive dropped text 1ms
 ✓ probe.test.ts > token arithmetic boundary is heuristic; disabled prepare and empty-summary requests are caller responsibility 0ms
 ✓ source/packages/agent/test/harness/compaction.test.ts > harness compaction > calculates total context tokens from usage 1ms
 ✓ source/packages/agent/test/harness/compaction.test.ts > harness compaction > checks compaction threshold 0ms
 ✓ source/packages/agent/test/harness/compaction.test.ts > harness compaction > finds a cut point based on token differences 0ms
 ✓ source/packages/agent/test/harness/compaction.test.ts > harness compaction > covers cut-point and turn-start edge cases 0ms
 ✓ source/packages/agent/test/harness/compaction.test.ts > harness compaction > estimates tokens and context usage across supported message roles 1ms
 ✓ source/packages/agent/test/harness/compaction.test.ts > harness compaction > builds session context with a compaction entry 1ms
 ✓ source/packages/agent/test/harness/compaction.test.ts > harness compaction > prepares compaction using the latest compaction summary as previousSummary 0ms
 ✓ source/packages/agent/test/harness/compaction.test.ts > harness compaction > carries a previous compaction's retained tail into the next preparation 0ms
 ✓ source/packages/agent/test/harness/compaction.test.ts > harness compaction > prepares split-turn compaction with prior file-operation details 0ms
 ✓ source/packages/agent/test/harness/compaction.test.ts > harness compaction > does not prepare compaction when there is nothing valid to compact 0ms
 ✓ source/packages/agent/test/harness/compaction.test.ts > harness compaction > serializes conversation with truncated tool results 0ms
 ✓ source/packages/agent/test/harness/compaction.test.ts > harness compaction > passes reasoning through generateSummary only for reasoning models with thinking enabled 3ms
 ✓ source/packages/agent/test/harness/compaction.test.ts > harness compaction > includes previous summaries and custom instructions in generateSummary prompts 0ms
 ✓ source/packages/agent/test/harness/compaction.test.ts > harness compaction > preserves the string result from generateSummary 0ms
 ✓ source/packages/agent/test/harness/compaction.test.ts > harness compaction > returns error results for failed or aborted summary generations 0ms
 ✓ source/packages/agent/test/harness/compaction.test.ts > harness compaction > clamps compaction summary maxTokens to the model output cap 0ms
 ✓ source/packages/agent/test/harness/compaction.test.ts > harness compaction > retains per-request retries for non-harness compaction callers 2ms
 ✓ source/packages/agent/test/harness/compaction.test.ts > harness compaction > returns compaction error results without throwing 0ms
 ✓ source/packages/agent/test/harness/compaction.test.ts > harness compaction > combines usage for split-turn compaction summaries 0ms
 ✓ source/packages/agent/test/harness/compaction.test.ts > harness compaction > passes reasoning through turn-prefix summaries when enabled 0ms
 ✓ source/packages/agent/test/harness/compaction.test.ts > harness compaction > returns turn-prefix compaction errors without throwing 0ms
 ✓ source/packages/agent/test/harness/compaction.test.ts > harness compaction > returns a compaction result with file details 0ms
 ✓ source/packages/agent/test/harness/branch-summarization.test.ts > v4 branch summarization > collects the abandoned side of a branch in chronological order 1ms
 ✓ source/packages/agent/test/harness/branch-summarization.test.ts > v4 branch summarization > returns no entries when there was no previous leaf 0ms

 Test Files  3 passed (3)
      Tests  37 passed (37)
   Start at  14:22:08
   Duration  401ms (transform 98ms, setup 0ms, import 154ms, tests 37ms, environment 0ms)

JSON report written to /Users/wangweiyang/GitHub/zenpi/.ops/stage1_execution/source012-integration/work/replay.1eoso9/test-results.json
